<html>
<body>
<pre>
<h1>�Vision Build Log</h1>
<h2>Tool Versions:</h2>
IDE-Version: ��Vision V5.18.0.0
Copyright (C) 2016 ARM Ltd and ARM Germany GmbH. All rights reserved.
License Information: 006 007, 008, LIC=14HV2-9XDTS-NNLAF-6IKJI-L22W6-N1LQC
 
Tool Versions:
Toolchain:       MDK-ARM Standard  Version: 5.18
Toolchain Path:  D:\Software\Keil\32\ARM\ARMCC\Bin
C Compiler:      Armcc.exe V5.06 update 1 (build 61)
Assembler:       Armasm.exe V5.06 update 1 (build 61)
Linker/Locator:  ArmLink.exe V5.06 update 1 (build 61)
Library Manager: ArmAr.exe V5.06 update 1 (build 61)
Hex Converter:   FromElf.exe V5.06 update 1 (build 61)
CPU DLL:         SARMCM3.DLL V5.18
Dialog DLL:      DCM.DLL V1.13.6.0
Target DLL:      Segger\JL2CM3.dll V2.99.18.0
Dialog DLL:      TCM.DLL V1.14.8.0
 
<h2>Project:</h2>
E:\desktop file\32\STM32f103c8t6\calculator_c8_2_0\USER\DHT11.uvprojx
Project File Date:  03/15/2022

<h2>Output:</h2>
*** Using Compiler 'V5.06 update 1 (build 61)', folder: 'D:\Software\Keil\32\ARM\ARMCC\Bin'
Rebuild target 'DHT11'
compiling system_stm32f10x.c...
compiling stm32f10x_it.c...
compiling time.c...
compiling gui.c...
compiling key.c...
compiling stm32f10x_tim.c...
compiling main.c...
..\HARDWARE\Calculator\linkstack.h(30): warning:  #1295-D: Deprecated declaration Init_SeqStack - give arg types
  SeqStack* Init_SeqStack();
..\HARDWARE\Calculator\linkstack.h(31): warning:  #1295-D: Deprecated declaration Init_SeqStack_Symbol - give arg types
  SeqStack_Symbol* Init_SeqStack_Symbol();
..\HARDWARE\Calculator\linkstack.h(32): warning:  #1295-D: Deprecated declaration Init_SeqStack_Number - give arg types
  SeqStack_Number* Init_SeqStack_Number();
..\HARDWARE\Calculator\calculator.h(17): warning:  #1-D: last line of file ends without a newline
  #endif
main.c(100): warning:  #167-D: argument of type "char *" is incompatible with parameter of type "u8 *"
  			GUI_ShowString(8,56,result_display_old,8,1);//??ʾ?ϴν�?
main.c(122): warning:  #167-D: argument of type "char *" is incompatible with parameter of type "u8 *"
  			GUI_ShowString(expression_display * 8,8 * expression_display_line,Rxbuff,8,1);
main.c(132): warning:  #167-D: argument of type "char *" is incompatible with parameter of type "u8 *"
  					GUI_ShowString(8,56,result_display_old,8,1);//??ʾ?ϴν�?
main.c(147): warning:  #167-D: argument of type "char *" is incompatible with parameter of type "u8 *"
  				GUI_ShowString(expression_display*8,8 * expression_display_line,result_display,8,1);//??ʾ???��?
main.c(149): warning:  #167-D: argument of type "char *" is incompatible with parameter of type "u8 *"
  				GUI_ShowString(8,56,result_display_old,8,1);//??ʾ?ϴν�?
main.c(186): warning:  #167-D: argument of type "char *" is incompatible with parameter of type "u8 *"
  					GUI_ShowString(8,56,result_display_old,8,1);//??ʾ?ϴν�?
main.c(211): warning:  #167-D: argument of type "char *" is incompatible with parameter of type "u8 *"
  					GUI_ShowString(8,56,result_display_old,8,1);//??ʾ?ϴν�?
main.c(241): warning:  #167-D: argument of type "char *" is incompatible with parameter of type "u8 *"
  					GUI_ShowString(expression_display*8,8 * expression_display_line,result_display,8,1);
main.c(243): warning:  #167-D: argument of type "char *" is incompatible with parameter of type "u8 *"
  					GUI_ShowString(8,56,result_display_old,8,1);//??ʾ?ϴν�?
main.c(274): warning:  #167-D: argument of type "char *" is incompatible with parameter of type "u8 *"
  					GUI_ShowString(8,56,result_display_old,8,1);//??ʾ?ϴν�?
main.c(298): warning:  #167-D: argument of type "char *" is incompatible with parameter of type "u8 *"
  					GUI_ShowString(8,56,result_display_old,8,1);//??ʾ?ϴν�?
main.c(322): warning:  #167-D: argument of type "char *" is incompatible with parameter of type "u8 *"
  					GUI_ShowString(8,56,result_display_old,8,1);//??ʾ?ϴν�?
main.c(359): warning:  #167-D: argument of type "char *" is incompatible with parameter of type "u8 *"
  					GUI_ShowString(8,56,result_display_old,8,1);//??ʾ?ϴν�?
main.c(383): warning:  #167-D: argument of type "char *" is incompatible with parameter of type "u8 *"
  					GUI_ShowString(8,56,result_display_old,8,1);//??ʾ?ϴν�?
main.c(407): warning:  #167-D: argument of type "char *" is incompatible with parameter of type "u8 *"
  					GUI_ShowString(8,56,result_display_old,8,1);//??ʾ?ϴν�?
main.c(444): warning:  #167-D: argument of type "char *" is incompatible with parameter of type "u8 *"
  					GUI_ShowString(8,56,result_display_old,8,1);//??ʾ?ϴν�?
main.c(468): warning:  #167-D: argument of type "char *" is incompatible with parameter of type "u8 *"
  					GUI_ShowString(8,56,result_display_old,8,1);//??ʾ?ϴν�?
main.c(492): warning:  #167-D: argument of type "char *" is incompatible with parameter of type "u8 *"
  					GUI_ShowString(8,56,result_display_old,8,1);//??ʾ?ϴν�?
main.c(525): warning:  #186-D: pointless comparison of unsigned integer with zero
  				if(expression_wei < 0)
main.c: 23 warnings, 0 errors
compiling calculator.c...
..\HARDWARE\Calculator\linkstack.h(30): warning:  #1295-D: Deprecated declaration Init_SeqStack - give arg types
  SeqStack* Init_SeqStack();
..\HARDWARE\Calculator\linkstack.h(31): warning:  #1295-D: Deprecated declaration Init_SeqStack_Symbol - give arg types
  SeqStack_Symbol* Init_SeqStack_Symbol();
..\HARDWARE\Calculator\linkstack.h(32): warning:  #1295-D: Deprecated declaration Init_SeqStack_Number - give arg types
  SeqStack_Number* Init_SeqStack_Number();
..\HARDWARE\Calculator\calculator.h(17): warning:  #1-D: last line of file ends without a newline
  #endif
..\HARDWARE\Calculator\calculator.c(83): warning:  #167-D: argument of type "char *" is incompatible with parameter of type "const unsigned char *"
  					tempNumber_t = atof(tempNumberArray);
..\HARDWARE\Calculator\calculator.c(91): warning:  #167-D: argument of type "char *" is incompatible with parameter of type "const unsigned char *"
  					tempNumber_t = atof(tempNumberArray);
..\HARDWARE\Calculator\calculator.c(109): warning:  #167-D: argument of type "char *" is incompatible with parameter of type "const unsigned char *"
  				tempNumber_t = atof(tempNumberArray);
..\HARDWARE\Calculator\calculator.c(117): warning:  #167-D: argument of type "char *" is incompatible with parameter of type "const unsigned char *"
  				tempNumber_t = atof(tempNumberArray);
..\HARDWARE\Calculator\calculator.c: 8 warnings, 0 errors
compiling linkstack.c...
..\HARDWARE\Calculator\linkstack.h(30): warning:  #1295-D: Deprecated declaration Init_SeqStack - give arg types
  SeqStack* Init_SeqStack();
..\HARDWARE\Calculator\linkstack.h(31): warning:  #1295-D: Deprecated declaration Init_SeqStack_Symbol - give arg types
  SeqStack_Symbol* Init_SeqStack_Symbol();
..\HARDWARE\Calculator\linkstack.h(32): warning:  #1295-D: Deprecated declaration Init_SeqStack_Number - give arg types
  SeqStack_Number* Init_SeqStack_Number();
..\HARDWARE\Calculator\linkstack.c: 3 warnings, 0 errors
compiling iic.c...
assembling startup_stm32f10x_hd.s...
compiling oled.c...
compiling delay.c...
compiling core_cm3.c...
compiling sys.c...
compiling usart.c...
compiling stm32f10x_gpio.c...
compiling misc.c...
compiling stm32f10x_fsmc.c...
compiling stm32f10x_rcc.c...
compiling stm32f10x_usart.c...
compiling stm32f10x_flash.c...
compiling stm32f10x_i2c.c...
linking...
Program Size: Code=18116 RO-data=4724 RW-data=156 ZI-data=2892  
FromELF: creating hex file...
"..\OBJ\DHT11.axf" - 0 Error(s), 34 Warning(s).

<h2>Collection of Component include folders:</h2>
  E:\desktop file\32\STM32f103c8t6\calculator_c8_2_0\USER\RTE
  D:\Software\Keil\32\ARM\PACK\Keil\STM32F1xx_DFP\1.0.5\Device\Include

<h2>Collection of Component Files used:</h2>
Build Time Elapsed:  00:00:04
</pre>
</body>
</html>
