<html>
<body>
<pre>
<h1>µVision Build Log</h1>
<h2>Tool Versions:</h2>
IDE-Version: ¦ÌVision V5.18.0.0
Copyright (C) 2016 ARM Ltd and ARM Germany GmbH. All rights reserved.
License Information: 006 007, 008, LIC=14HV2-9XDTS-NNLAF-6IKJI-L22W6-N1LQC
 
Tool Versions:
Toolchain:       MDK-ARM Standard  Version: 5.18
Toolchain Path:  D:\Software\Keil\32\ARM\ARMCC\Bin
C Compiler:      Armcc.exe V5.06 update 1 (build 61)
Assembler:       Armasm.exe V5.06 update 1 (build 61)
Linker/Locator:  ArmLink.exe V5.06 update 1 (build 61)
Library Manager: ArmAr.exe V5.06 update 1 (build 61)
Hex Converter:   FromElf.exe V5.06 update 1 (build 61)
CPU DLL:         SARMCM3.DLL V5.18
Dialog DLL:      DCM.DLL V1.13.6.0
Target DLL:      CMSIS_AGDI.dll V1.25.7.0
Dialog DLL:      TCM.DLL V1.14.8.0
 
<h2>Project:</h2>
E:\desktop file\32\STM32F103RB\³ÌÐò\USER\STM32-DEMO.uvprojx
Project File Date:  04/13/2022

<h2>Output:</h2>
*** Using Compiler 'V5.06 update 1 (build 61)', folder: 'D:\Software\Keil\32\ARM\ARMCC\Bin'
Rebuild target 'lcd240128'
assembling startup_stm32f10x_hd.s...
compiling SysTickDelay.c...
compiling stm32f10x_rcc.c...
compiling stm32f10x_gpio.c...
compiling stm32f10x_it.c...
compiling main.c...
compiling LCM240128.c...
compiling core_cm3.c...
compiling system_stm32f10x.c...
linking...
Program Size: Code=5096 RO-data=8504 RW-data=460 ZI-data=1028  
"..\Output\STM32-DEMO.axf" - 0 Error(s), 0 Warning(s).

<h2>Software Packages used:</h2>

Package Vendor: ARM
                http://www.keil.com/pack/ARM.CMSIS.4.5.0.pack
                ARM::CMSIS:CORE:4.3.0
                CMSIS (Cortex Microcontroller Software Interface Standard)
   * Component: CORE Version: 4.3.0

<h2>Collection of Component include folders:</h2>
  E:\desktop file\32\STM32F103RB\³ÌÐò\USER\RTE
  D:\Software\Keil\32\ARM\PACK\ARM\CMSIS\4.5.0\CMSIS\Include
  D:\Software\Keil\32\ARM\PACK\Keil\STM32F1xx_DFP\1.0.5\Device\Include

<h2>Collection of Component Files used:</h2>

   * Component: ARM::CMSIS:CORE:4.3.0
Build Time Elapsed:  00:00:02
</pre>
</body>
</html>
