<!doctype html public "-//w3c//dtd html 4.0 transitional//en">
<html><head>
<title>Static Call Graph - [..\OBJ\LORA.axf]</title></head>
<body><HR>
<H1>Static Call Graph for image ..\OBJ\LORA.axf</H1><HR>
<BR><P>#&#060CALLGRAPH&#062# ARM Linker, 5060061: Last Updated: Sat Feb 12 22:51:05 2022
<BR><P>
<H3>Maximum Stack Usage =        320 bytes + Unknown(Cycles, Untraceable Function Pointers)</H3><H3>
Call chain for Maximum Stack Depth:</H3>
__sx127x_lora_tx_data &rArr; __sx127x_time_on_air_get &rArr; __sx127x_read_reg &rArr; __sx127x_read_buffer &rArr; __send_byte
<P>
<H3>
Mutually Recursive functions
</H3> <LI><a href="#[11]">ADC1_COMP_IRQHandler</a>&nbsp;&nbsp;&nbsp;&rArr;&nbsp;&nbsp;&nbsp;<a href="#[11]">ADC1_COMP_IRQHandler</a><BR>
</UL>
<P>
<H3>
Function Pointers
</H3><UL>
 <LI><a href="#[11]">ADC1_COMP_IRQHandler</a> from startup_stm32l071xx.o(.text) referenced from startup_stm32l071xx.o(RESET)
 <LI><a href="#[e]">DMA1_Channel1_IRQHandler</a> from startup_stm32l071xx.o(.text) referenced from startup_stm32l071xx.o(RESET)
 <LI><a href="#[f]">DMA1_Channel2_3_IRQHandler</a> from startup_stm32l071xx.o(.text) referenced from startup_stm32l071xx.o(RESET)
 <LI><a href="#[10]">DMA1_Channel4_5_6_7_IRQHandler</a> from startup_stm32l071xx.o(.text) referenced from startup_stm32l071xx.o(RESET)
 <LI><a href="#[b]">EXTI0_1_IRQHandler</a> from startup_stm32l071xx.o(.text) referenced from startup_stm32l071xx.o(RESET)
 <LI><a href="#[c]">EXTI2_3_IRQHandler</a> from startup_stm32l071xx.o(.text) referenced from startup_stm32l071xx.o(RESET)
 <LI><a href="#[d]">EXTI4_15_IRQHandler</a> from stm32l0xx_it.o(i.EXTI4_15_IRQHandler) referenced from startup_stm32l071xx.o(RESET)
 <LI><a href="#[9]">FLASH_IRQHandler</a> from startup_stm32l071xx.o(.text) referenced from startup_stm32l071xx.o(RESET)
 <LI><a href="#[2]">HardFault_Handler</a> from stm32l0xx_it.o(i.HardFault_Handler) referenced from startup_stm32l071xx.o(RESET)
 <LI><a href="#[1b]">I2C1_IRQHandler</a> from startup_stm32l071xx.o(.text) referenced from startup_stm32l071xx.o(RESET)
 <LI><a href="#[1c]">I2C2_IRQHandler</a> from startup_stm32l071xx.o(.text) referenced from startup_stm32l071xx.o(RESET)
 <LI><a href="#[19]">I2C3_IRQHandler</a> from startup_stm32l071xx.o(.text) referenced from startup_stm32l071xx.o(RESET)
 <LI><a href="#[12]">LPTIM1_IRQHandler</a> from startup_stm32l071xx.o(.text) referenced from startup_stm32l071xx.o(RESET)
 <LI><a href="#[21]">LPUART1_IRQHandler</a> from startup_stm32l071xx.o(.text) referenced from startup_stm32l071xx.o(RESET)
 <LI><a href="#[1]">NMI_Handler</a> from stm32l0xx_it.o(i.NMI_Handler) referenced from startup_stm32l071xx.o(RESET)
 <LI><a href="#[7]">PVD_IRQHandler</a> from startup_stm32l071xx.o(.text) referenced from startup_stm32l071xx.o(RESET)
 <LI><a href="#[4]">PendSV_Handler</a> from stm32l0xx_it.o(i.PendSV_Handler) referenced from startup_stm32l071xx.o(RESET)
 <LI><a href="#[a]">RCC_IRQHandler</a> from startup_stm32l071xx.o(.text) referenced from startup_stm32l071xx.o(RESET)
 <LI><a href="#[8]">RTC_IRQHandler</a> from startup_stm32l071xx.o(.text) referenced from startup_stm32l071xx.o(RESET)
 <LI><a href="#[0]">Reset_Handler</a> from startup_stm32l071xx.o(.text) referenced from startup_stm32l071xx.o(RESET)
 <LI><a href="#[1d]">SPI1_IRQHandler</a> from startup_stm32l071xx.o(.text) referenced from startup_stm32l071xx.o(RESET)
 <LI><a href="#[1e]">SPI2_IRQHandler</a> from startup_stm32l071xx.o(.text) referenced from startup_stm32l071xx.o(RESET)
 <LI><a href="#[3]">SVC_Handler</a> from stm32l0xx_it.o(i.SVC_Handler) referenced from startup_stm32l071xx.o(RESET)
 <LI><a href="#[5]">SysTick_Handler</a> from stm32l0xx_it.o(i.SysTick_Handler) referenced from startup_stm32l071xx.o(RESET)
 <LI><a href="#[23]">SystemInit</a> from system_stm32l0xx.o(i.SystemInit) referenced from startup_stm32l071xx.o(.text)
 <LI><a href="#[18]">TIM21_IRQHandler</a> from startup_stm32l071xx.o(.text) referenced from startup_stm32l071xx.o(RESET)
 <LI><a href="#[1a]">TIM22_IRQHandler</a> from startup_stm32l071xx.o(.text) referenced from startup_stm32l071xx.o(RESET)
 <LI><a href="#[14]">TIM2_IRQHandler</a> from startup_stm32l071xx.o(.text) referenced from startup_stm32l071xx.o(RESET)
 <LI><a href="#[15]">TIM3_IRQHandler</a> from startup_stm32l071xx.o(.text) referenced from startup_stm32l071xx.o(RESET)
 <LI><a href="#[16]">TIM6_IRQHandler</a> from startup_stm32l071xx.o(.text) referenced from startup_stm32l071xx.o(RESET)
 <LI><a href="#[17]">TIM7_IRQHandler</a> from startup_stm32l071xx.o(.text) referenced from startup_stm32l071xx.o(RESET)
 <LI><a href="#[1f]">USART1_IRQHandler</a> from startup_stm32l071xx.o(.text) referenced from startup_stm32l071xx.o(RESET)
 <LI><a href="#[20]">USART2_IRQHandler</a> from startup_stm32l071xx.o(.text) referenced from startup_stm32l071xx.o(RESET)
 <LI><a href="#[13]">USART4_5_IRQHandler</a> from startup_stm32l071xx.o(.text) referenced from startup_stm32l071xx.o(RESET)
 <LI><a href="#[6]">WWDG_IRQHandler</a> from startup_stm32l071xx.o(.text) referenced from startup_stm32l071xx.o(RESET)
 <LI><a href="#[40]">__cad_done_call_func</a> from sx127x_lora.o(i.__cad_done_call_func) referenced from sx127x_lora.o(.data)
 <LI><a href="#[3f]">__fhss_change_channel_call_func</a> from sx127x_lora.o(i.__fhss_change_channel_call_func) referenced from sx127x_lora.o(.data)
 <LI><a href="#[24]">__main</a> from entry.o(.ARM.Collect$$$$00000000) referenced from startup_stm32l071xx.o(.text)
 <LI><a href="#[3e]">__rx_crc_err_call_func</a> from sx127x_lora.o(i.__rx_crc_err_call_func) referenced from sx127x_lora.o(.data)
 <LI><a href="#[3c]">__rx_done_call_func</a> from sx127x_lora.o(i.__rx_done_call_func) referenced from sx127x_lora.o(.data)
 <LI><a href="#[3d]">__rx_timeout_call_func</a> from sx127x_lora.o(i.__rx_timeout_call_func) referenced from sx127x_lora.o(.data)
 <LI><a href="#[38]">__sx127x_ioctl</a> from sx127x_lora.o(i.__sx127x_ioctl) referenced from sx127x_lora.o(.constdata)
 <LI><a href="#[39]">__sx127x_lora_dio0_irq_func</a> from sx127x_lora.o(i.__sx127x_lora_dio0_irq_func) referenced from sx127x_lora.o(.constdata)
 <LI><a href="#[3a]">__sx127x_lora_dio1_irq_func</a> from sx127x_lora.o(i.__sx127x_lora_dio1_irq_func) referenced from sx127x_lora.o(.constdata)
 <LI><a href="#[3b]">__sx127x_lora_dio2_irq_func</a> from sx127x_lora.o(i.__sx127x_lora_dio2_irq_func) referenced from sx127x_lora.o(.constdata)
 <LI><a href="#[30]">__sx127x_lora_get_preamble_length</a> from sx127x_lora.o(i.__sx127x_lora_get_preamble_length) referenced from sx127x_lora.o(.constdata)
 <LI><a href="#[35]">__sx127x_lora_read_cur_rssi</a> from sx127x_lora.o(i.__sx127x_lora_read_cur_rssi) referenced from sx127x_lora.o(.constdata)
 <LI><a href="#[2f]">__sx127x_lora_set_preamble_length</a> from sx127x_lora.o(i.__sx127x_lora_set_preamble_length) referenced from sx127x_lora.o(.constdata)
 <LI><a href="#[32]">__sx127x_lora_set_rf_frequency</a> from sx127x_lora.o(i.__sx127x_lora_set_rf_frequency) referenced from sx127x_lora.o(.constdata)
 <LI><a href="#[36]">__sx127x_lora_tx_data</a> from sx127x_lora.o(i.__sx127x_lora_tx_data) referenced from sx127x_lora.o(.constdata)
 <LI><a href="#[33]">__sx127x_mode_set</a> from sx127x_lora.o(i.__sx127x_mode_set) referenced from sx127x_lora.o(.constdata)
 <LI><a href="#[37]">__sx127x_pkt_buf_read</a> from sx127x_lora.o(i.__sx127x_pkt_buf_read) referenced from sx127x_lora.o(.constdata)
 <LI><a href="#[31]">__sx127x_power_set_adapter</a> from sx127x_lora.o(i.__sx127x_power_set_adapter) referenced from sx127x_lora.o(.constdata)
 <LI><a href="#[2c]">__sx127x_reset</a> from sx127x_lora.o(i.__sx127x_reset) referenced from sx127x_lora.o(.constdata)
 <LI><a href="#[34]">__sx127x_state_get</a> from sx127x_lora.o(i.__sx127x_state_get) referenced from sx127x_lora.o(.constdata)
 <LI><a href="#[2e]">__sx127x_sync_id_get</a> from sx127x_lora.o(i.__sx127x_sync_id_get) referenced from sx127x_lora.o(.constdata)
 <LI><a href="#[2d]">__sx127x_sync_id_set</a> from sx127x_lora.o(i.__sx127x_sync_id_set) referenced from sx127x_lora.o(.constdata)
 <LI><a href="#[25]">_sputc</a> from printfa.o(i._sputc) referenced from printfa.o(i.__0sprintf)
 <LI><a href="#[27]">delay_ms</a> from timer.o(i.delay_ms) referenced from main.o(i.main)
 <LI><a href="#[26]">delay_us</a> from timer.o(i.delay_us) referenced from main.o(i.main)
 <LI><a href="#[22]">main</a> from main.o(i.main) referenced from entry9a.o(.ARM.Collect$$$$0000000B)
 <LI><a href="#[2b]">spi_recv_byte</a> from spi.o(i.spi_recv_byte) referenced from main.o(i.main)
 <LI><a href="#[2a]">spi_send_byte</a> from spi.o(i.spi_send_byte) referenced from main.o(i.main)
 <LI><a href="#[29]">zm4xx_rst_pin_set</a> from zm4xx_gpio.o(i.zm4xx_rst_pin_set) referenced from main.o(i.main)
 <LI><a href="#[28]">zm4xx_sel_pin_set</a> from zm4xx_gpio.o(i.zm4xx_sel_pin_set) referenced from main.o(i.main)
</UL>
<P>
<H3>
Global Symbols
</H3>
<P><STRONG><a name="[24]"></a>__main</STRONG> (Thumb, 0 bytes, Stack size unknown bytes, entry.o(.ARM.Collect$$$$00000000))
<BR>[Address Reference Count : 1]<UL><LI> startup_stm32l071xx.o(.text)
</UL>
<P><STRONG><a name="[ca]"></a>_main_stk</STRONG> (Thumb, 0 bytes, Stack size unknown bytes, entry2.o(.ARM.Collect$$$$00000001))

<P><STRONG><a name="[41]"></a>_main_scatterload</STRONG> (Thumb, 0 bytes, Stack size unknown bytes, entry5.o(.ARM.Collect$$$$00000004))
<BR><BR>[Calls]<UL><LI><a href="#[42]">&gt;&gt;</a>&nbsp;&nbsp;&nbsp;__scatterload
</UL>

<P><STRONG><a name="[5a]"></a>__main_after_scatterload</STRONG> (Thumb, 0 bytes, Stack size unknown bytes, entry5.o(.ARM.Collect$$$$00000004))
<BR><BR>[Called By]<UL><LI><a href="#[42]">&gt;&gt;</a>&nbsp;&nbsp;&nbsp;__scatterload
</UL>

<P><STRONG><a name="[cb]"></a>_main_clock</STRONG> (Thumb, 0 bytes, Stack size unknown bytes, entry7b.o(.ARM.Collect$$$$00000008))

<P><STRONG><a name="[cc]"></a>_main_cpp_init</STRONG> (Thumb, 0 bytes, Stack size unknown bytes, entry8b.o(.ARM.Collect$$$$0000000A))

<P><STRONG><a name="[cd]"></a>_main_init</STRONG> (Thumb, 0 bytes, Stack size unknown bytes, entry9a.o(.ARM.Collect$$$$0000000B))

<P><STRONG><a name="[ce]"></a>__rt_final_cpp</STRONG> (Thumb, 0 bytes, Stack size unknown bytes, entry10a.o(.ARM.Collect$$$$0000000D))

<P><STRONG><a name="[cf]"></a>__rt_final_exit</STRONG> (Thumb, 0 bytes, Stack size unknown bytes, entry11a.o(.ARM.Collect$$$$0000000F))

<P><STRONG><a name="[0]"></a>Reset_Handler</STRONG> (Thumb, 8 bytes, Stack size 0 bytes, startup_stm32l071xx.o(.text))
<BR>[Address Reference Count : 1]<UL><LI> startup_stm32l071xx.o(RESET)
</UL>
<P><STRONG><a name="[11]"></a>ADC1_COMP_IRQHandler</STRONG> (Thumb, 0 bytes, Stack size 0 bytes, startup_stm32l071xx.o(.text))
<BR><BR>[Calls]<UL><LI><a href="#[11]">&gt;&gt;</a>&nbsp;&nbsp;&nbsp;ADC1_COMP_IRQHandler
</UL>
<BR>[Called By]<UL><LI><a href="#[11]">&gt;&gt;</a>&nbsp;&nbsp;&nbsp;ADC1_COMP_IRQHandler
</UL>
<BR>[Address Reference Count : 1]<UL><LI> startup_stm32l071xx.o(RESET)
</UL>
<P><STRONG><a name="[e]"></a>DMA1_Channel1_IRQHandler</STRONG> (Thumb, 0 bytes, Stack size 0 bytes, startup_stm32l071xx.o(.text))
<BR>[Address Reference Count : 1]<UL><LI> startup_stm32l071xx.o(RESET)
</UL>
<P><STRONG><a name="[f]"></a>DMA1_Channel2_3_IRQHandler</STRONG> (Thumb, 0 bytes, Stack size 0 bytes, startup_stm32l071xx.o(.text))
<BR>[Address Reference Count : 1]<UL><LI> startup_stm32l071xx.o(RESET)
</UL>
<P><STRONG><a name="[10]"></a>DMA1_Channel4_5_6_7_IRQHandler</STRONG> (Thumb, 0 bytes, Stack size 0 bytes, startup_stm32l071xx.o(.text))
<BR>[Address Reference Count : 1]<UL><LI> startup_stm32l071xx.o(RESET)
</UL>
<P><STRONG><a name="[b]"></a>EXTI0_1_IRQHandler</STRONG> (Thumb, 0 bytes, Stack size 0 bytes, startup_stm32l071xx.o(.text))
<BR>[Address Reference Count : 1]<UL><LI> startup_stm32l071xx.o(RESET)
</UL>
<P><STRONG><a name="[c]"></a>EXTI2_3_IRQHandler</STRONG> (Thumb, 0 bytes, Stack size 0 bytes, startup_stm32l071xx.o(.text))
<BR>[Address Reference Count : 1]<UL><LI> startup_stm32l071xx.o(RESET)
</UL>
<P><STRONG><a name="[9]"></a>FLASH_IRQHandler</STRONG> (Thumb, 0 bytes, Stack size 0 bytes, startup_stm32l071xx.o(.text))
<BR>[Address Reference Count : 1]<UL><LI> startup_stm32l071xx.o(RESET)
</UL>
<P><STRONG><a name="[1b]"></a>I2C1_IRQHandler</STRONG> (Thumb, 0 bytes, Stack size 0 bytes, startup_stm32l071xx.o(.text))
<BR>[Address Reference Count : 1]<UL><LI> startup_stm32l071xx.o(RESET)
</UL>
<P><STRONG><a name="[1c]"></a>I2C2_IRQHandler</STRONG> (Thumb, 0 bytes, Stack size 0 bytes, startup_stm32l071xx.o(.text))
<BR>[Address Reference Count : 1]<UL><LI> startup_stm32l071xx.o(RESET)
</UL>
<P><STRONG><a name="[19]"></a>I2C3_IRQHandler</STRONG> (Thumb, 0 bytes, Stack size 0 bytes, startup_stm32l071xx.o(.text))
<BR>[Address Reference Count : 1]<UL><LI> startup_stm32l071xx.o(RESET)
</UL>
<P><STRONG><a name="[12]"></a>LPTIM1_IRQHandler</STRONG> (Thumb, 0 bytes, Stack size 0 bytes, startup_stm32l071xx.o(.text))
<BR>[Address Reference Count : 1]<UL><LI> startup_stm32l071xx.o(RESET)
</UL>
<P><STRONG><a name="[21]"></a>LPUART1_IRQHandler</STRONG> (Thumb, 0 bytes, Stack size 0 bytes, startup_stm32l071xx.o(.text))
<BR>[Address Reference Count : 1]<UL><LI> startup_stm32l071xx.o(RESET)
</UL>
<P><STRONG><a name="[7]"></a>PVD_IRQHandler</STRONG> (Thumb, 0 bytes, Stack size 0 bytes, startup_stm32l071xx.o(.text))
<BR>[Address Reference Count : 1]<UL><LI> startup_stm32l071xx.o(RESET)
</UL>
<P><STRONG><a name="[a]"></a>RCC_IRQHandler</STRONG> (Thumb, 0 bytes, Stack size 0 bytes, startup_stm32l071xx.o(.text))
<BR>[Address Reference Count : 1]<UL><LI> startup_stm32l071xx.o(RESET)
</UL>
<P><STRONG><a name="[8]"></a>RTC_IRQHandler</STRONG> (Thumb, 0 bytes, Stack size 0 bytes, startup_stm32l071xx.o(.text))
<BR>[Address Reference Count : 1]<UL><LI> startup_stm32l071xx.o(RESET)
</UL>
<P><STRONG><a name="[1d]"></a>SPI1_IRQHandler</STRONG> (Thumb, 0 bytes, Stack size 0 bytes, startup_stm32l071xx.o(.text))
<BR>[Address Reference Count : 1]<UL><LI> startup_stm32l071xx.o(RESET)
</UL>
<P><STRONG><a name="[1e]"></a>SPI2_IRQHandler</STRONG> (Thumb, 0 bytes, Stack size 0 bytes, startup_stm32l071xx.o(.text))
<BR>[Address Reference Count : 1]<UL><LI> startup_stm32l071xx.o(RESET)
</UL>
<P><STRONG><a name="[18]"></a>TIM21_IRQHandler</STRONG> (Thumb, 0 bytes, Stack size 0 bytes, startup_stm32l071xx.o(.text))
<BR>[Address Reference Count : 1]<UL><LI> startup_stm32l071xx.o(RESET)
</UL>
<P><STRONG><a name="[1a]"></a>TIM22_IRQHandler</STRONG> (Thumb, 0 bytes, Stack size 0 bytes, startup_stm32l071xx.o(.text))
<BR>[Address Reference Count : 1]<UL><LI> startup_stm32l071xx.o(RESET)
</UL>
<P><STRONG><a name="[14]"></a>TIM2_IRQHandler</STRONG> (Thumb, 0 bytes, Stack size 0 bytes, startup_stm32l071xx.o(.text))
<BR>[Address Reference Count : 1]<UL><LI> startup_stm32l071xx.o(RESET)
</UL>
<P><STRONG><a name="[15]"></a>TIM3_IRQHandler</STRONG> (Thumb, 0 bytes, Stack size 0 bytes, startup_stm32l071xx.o(.text))
<BR>[Address Reference Count : 1]<UL><LI> startup_stm32l071xx.o(RESET)
</UL>
<P><STRONG><a name="[16]"></a>TIM6_IRQHandler</STRONG> (Thumb, 0 bytes, Stack size 0 bytes, startup_stm32l071xx.o(.text))
<BR>[Address Reference Count : 1]<UL><LI> startup_stm32l071xx.o(RESET)
</UL>
<P><STRONG><a name="[17]"></a>TIM7_IRQHandler</STRONG> (Thumb, 0 bytes, Stack size 0 bytes, startup_stm32l071xx.o(.text))
<BR>[Address Reference Count : 1]<UL><LI> startup_stm32l071xx.o(RESET)
</UL>
<P><STRONG><a name="[1f]"></a>USART1_IRQHandler</STRONG> (Thumb, 0 bytes, Stack size 0 bytes, startup_stm32l071xx.o(.text))
<BR>[Address Reference Count : 1]<UL><LI> startup_stm32l071xx.o(RESET)
</UL>
<P><STRONG><a name="[20]"></a>USART2_IRQHandler</STRONG> (Thumb, 0 bytes, Stack size 0 bytes, startup_stm32l071xx.o(.text))
<BR>[Address Reference Count : 1]<UL><LI> startup_stm32l071xx.o(RESET)
</UL>
<P><STRONG><a name="[13]"></a>USART4_5_IRQHandler</STRONG> (Thumb, 0 bytes, Stack size 0 bytes, startup_stm32l071xx.o(.text))
<BR>[Address Reference Count : 1]<UL><LI> startup_stm32l071xx.o(RESET)
</UL>
<P><STRONG><a name="[6]"></a>WWDG_IRQHandler</STRONG> (Thumb, 0 bytes, Stack size 0 bytes, startup_stm32l071xx.o(.text))
<BR>[Address Reference Count : 1]<UL><LI> startup_stm32l071xx.o(RESET)
</UL>
<P><STRONG><a name="[d0]"></a>__aeabi_uidiv</STRONG> (Thumb, 0 bytes, Stack size 12 bytes, uidiv.o(.text), UNUSED)

<P><STRONG><a name="[6d]"></a>__aeabi_uidivmod</STRONG> (Thumb, 44 bytes, Stack size 12 bytes, uidiv.o(.text))
<BR><BR>[Stack]<UL><LI>Max Depth = 12<LI>Call Chain = __aeabi_uidivmod
</UL>
<BR>[Called By]<UL><LI><a href="#[6b]">&gt;&gt;</a>&nbsp;&nbsp;&nbsp;HAL_InitTick
<LI><a href="#[72]">&gt;&gt;</a>&nbsp;&nbsp;&nbsp;HAL_RCC_GetSysClockFreq
<LI><a href="#[36]">&gt;&gt;</a>&nbsp;&nbsp;&nbsp;__sx127x_lora_tx_data
<LI><a href="#[ad]">&gt;&gt;</a>&nbsp;&nbsp;&nbsp;__sx127x_lora_rx_state_enter
<LI><a href="#[99]">&gt;&gt;</a>&nbsp;&nbsp;&nbsp;__sx127x_cad_start
<LI><a href="#[3b]">&gt;&gt;</a>&nbsp;&nbsp;&nbsp;__sx127x_lora_dio2_irq_func
<LI><a href="#[90]">&gt;&gt;</a>&nbsp;&nbsp;&nbsp;_printf_core
</UL>

<P><STRONG><a name="[43]"></a>__aeabi_uldivmod</STRONG> (Thumb, 96 bytes, Stack size 48 bytes, uldiv.o(.text))
<BR><BR>[Stack]<UL><LI>Max Depth = 56<LI>Call Chain = __aeabi_uldivmod &rArr; __aeabi_llsr
</UL>
<BR>[Calls]<UL><LI><a href="#[44]">&gt;&gt;</a>&nbsp;&nbsp;&nbsp;__aeabi_llsr
<LI><a href="#[45]">&gt;&gt;</a>&nbsp;&nbsp;&nbsp;__aeabi_llsl
</UL>
<BR>[Called By]<UL><LI><a href="#[b4]">&gt;&gt;</a>&nbsp;&nbsp;&nbsp;__sx127x_time_on_air_get
<LI><a href="#[90]">&gt;&gt;</a>&nbsp;&nbsp;&nbsp;_printf_core
<LI><a href="#[bd]">&gt;&gt;</a>&nbsp;&nbsp;&nbsp;_fp_digits
</UL>

<P><STRONG><a name="[46]"></a>__aeabi_lmul</STRONG> (Thumb, 122 bytes, Stack size 64 bytes, llmul.o(.text))
<BR><BR>[Stack]<UL><LI>Max Depth = 72<LI>Call Chain = __aeabi_lmul &rArr; __aeabi_llsl
</UL>
<BR>[Calls]<UL><LI><a href="#[45]">&gt;&gt;</a>&nbsp;&nbsp;&nbsp;__aeabi_llsl
</UL>
<BR>[Called By]<UL><LI><a href="#[b4]">&gt;&gt;</a>&nbsp;&nbsp;&nbsp;__sx127x_time_on_air_get
</UL>

<P><STRONG><a name="[d1]"></a>_ll_mul</STRONG> (Thumb, 0 bytes, Stack size 64 bytes, llmul.o(.text), UNUSED)

<P><STRONG><a name="[d2]"></a>__aeabi_memcpy</STRONG> (Thumb, 36 bytes, Stack size 0 bytes, memcpya.o(.text), UNUSED)

<P><STRONG><a name="[b6]"></a>__aeabi_memcpy4</STRONG> (Thumb, 0 bytes, Stack size 0 bytes, memcpya.o(.text))
<BR><BR>[Called By]<UL><LI><a href="#[31]">&gt;&gt;</a>&nbsp;&nbsp;&nbsp;__sx127x_power_set_adapter
</UL>

<P><STRONG><a name="[d3]"></a>__aeabi_memcpy8</STRONG> (Thumb, 0 bytes, Stack size 0 bytes, memcpya.o(.text), UNUSED)

<P><STRONG><a name="[48]"></a>__aeabi_memset</STRONG> (Thumb, 14 bytes, Stack size 0 bytes, memseta.o(.text), UNUSED)
<BR><BR>[Called By]<UL><LI><a href="#[49]">&gt;&gt;</a>&nbsp;&nbsp;&nbsp;_memset$wrapper
<LI><a href="#[47]">&gt;&gt;</a>&nbsp;&nbsp;&nbsp;__aeabi_memclr
</UL>

<P><STRONG><a name="[d4]"></a>__aeabi_memset4</STRONG> (Thumb, 0 bytes, Stack size 0 bytes, memseta.o(.text), UNUSED)

<P><STRONG><a name="[d5]"></a>__aeabi_memset8</STRONG> (Thumb, 0 bytes, Stack size 0 bytes, memseta.o(.text), UNUSED)

<P><STRONG><a name="[47]"></a>__aeabi_memclr</STRONG> (Thumb, 4 bytes, Stack size 0 bytes, memseta.o(.text), UNUSED)
<BR><BR>[Calls]<UL><LI><a href="#[48]">&gt;&gt;</a>&nbsp;&nbsp;&nbsp;__aeabi_memset
</UL>

<P><STRONG><a name="[89]"></a>__aeabi_memclr4</STRONG> (Thumb, 0 bytes, Stack size 0 bytes, memseta.o(.text))
<BR><BR>[Called By]<UL><LI><a href="#[75]">&gt;&gt;</a>&nbsp;&nbsp;&nbsp;SystemClock_Config
<LI><a href="#[7f]">&gt;&gt;</a>&nbsp;&nbsp;&nbsp;SDA_Output_Mode2
<LI><a href="#[7b]">&gt;&gt;</a>&nbsp;&nbsp;&nbsp;SDA_Input_Mode2
</UL>

<P><STRONG><a name="[d6]"></a>__aeabi_memclr8</STRONG> (Thumb, 0 bytes, Stack size 0 bytes, memseta.o(.text), UNUSED)

<P><STRONG><a name="[49]"></a>_memset$wrapper</STRONG> (Thumb, 18 bytes, Stack size 8 bytes, memseta.o(.text), UNUSED)
<BR><BR>[Calls]<UL><LI><a href="#[48]">&gt;&gt;</a>&nbsp;&nbsp;&nbsp;__aeabi_memset
</UL>

<P><STRONG><a name="[4a]"></a>__aeabi_dadd</STRONG> (Thumb, 328 bytes, Stack size 48 bytes, dadd.o(.text))
<BR><BR>[Stack]<UL><LI>Max Depth = 104<LI>Call Chain = __aeabi_dadd &rArr; _double_epilogue &rArr; __aeabi_llsr
</UL>
<BR>[Calls]<UL><LI><a href="#[4b]">&gt;&gt;</a>&nbsp;&nbsp;&nbsp;__aeabi_lasr
<LI><a href="#[45]">&gt;&gt;</a>&nbsp;&nbsp;&nbsp;__aeabi_llsl
<LI><a href="#[4d]">&gt;&gt;</a>&nbsp;&nbsp;&nbsp;_double_round
<LI><a href="#[4c]">&gt;&gt;</a>&nbsp;&nbsp;&nbsp;_double_epilogue
</UL>
<BR>[Called By]<UL><LI><a href="#[ad]">&gt;&gt;</a>&nbsp;&nbsp;&nbsp;__sx127x_lora_rx_state_enter
<LI><a href="#[5f]">&gt;&gt;</a>&nbsp;&nbsp;&nbsp;Get_Temperature
<LI><a href="#[4f]">&gt;&gt;</a>&nbsp;&nbsp;&nbsp;__aeabi_drsub
<LI><a href="#[4e]">&gt;&gt;</a>&nbsp;&nbsp;&nbsp;__aeabi_dsub
<LI><a href="#[bd]">&gt;&gt;</a>&nbsp;&nbsp;&nbsp;_fp_digits
</UL>

<P><STRONG><a name="[4e]"></a>__aeabi_dsub</STRONG> (Thumb, 12 bytes, Stack size 8 bytes, dadd.o(.text), UNUSED)
<BR><BR>[Calls]<UL><LI><a href="#[4a]">&gt;&gt;</a>&nbsp;&nbsp;&nbsp;__aeabi_dadd
</UL>

<P><STRONG><a name="[4f]"></a>__aeabi_drsub</STRONG> (Thumb, 12 bytes, Stack size 8 bytes, dadd.o(.text), UNUSED)
<BR><BR>[Calls]<UL><LI><a href="#[4a]">&gt;&gt;</a>&nbsp;&nbsp;&nbsp;__aeabi_dadd
</UL>

<P><STRONG><a name="[50]"></a>__aeabi_dmul</STRONG> (Thumb, 202 bytes, Stack size 72 bytes, dmul.o(.text))
<BR><BR>[Stack]<UL><LI>Max Depth = 128<LI>Call Chain = __aeabi_dmul &rArr; _double_epilogue &rArr; __aeabi_llsr
</UL>
<BR>[Calls]<UL><LI><a href="#[4c]">&gt;&gt;</a>&nbsp;&nbsp;&nbsp;_double_epilogue
</UL>
<BR>[Called By]<UL><LI><a href="#[96]">&gt;&gt;</a>&nbsp;&nbsp;&nbsp;__rx_chain_calibration
<LI><a href="#[5f]">&gt;&gt;</a>&nbsp;&nbsp;&nbsp;Get_Temperature
<LI><a href="#[bd]">&gt;&gt;</a>&nbsp;&nbsp;&nbsp;_fp_digits
</UL>

<P><STRONG><a name="[51]"></a>__aeabi_ddiv</STRONG> (Thumb, 234 bytes, Stack size 40 bytes, ddiv.o(.text))
<BR><BR>[Stack]<UL><LI>Max Depth = 48<LI>Call Chain = __aeabi_ddiv &rArr; _double_round
</UL>
<BR>[Calls]<UL><LI><a href="#[4d]">&gt;&gt;</a>&nbsp;&nbsp;&nbsp;_double_round
</UL>
<BR>[Called By]<UL><LI><a href="#[32]">&gt;&gt;</a>&nbsp;&nbsp;&nbsp;__sx127x_lora_set_rf_frequency
<LI><a href="#[96]">&gt;&gt;</a>&nbsp;&nbsp;&nbsp;__rx_chain_calibration
<LI><a href="#[5f]">&gt;&gt;</a>&nbsp;&nbsp;&nbsp;Get_Temperature
<LI><a href="#[bd]">&gt;&gt;</a>&nbsp;&nbsp;&nbsp;_fp_digits
</UL>

<P><STRONG><a name="[52]"></a>__aeabi_ui2f</STRONG> (Thumb, 14 bytes, Stack size 8 bytes, ffltui.o(.text))
<BR><BR>[Stack]<UL><LI>Max Depth = 20<LI>Call Chain = __aeabi_ui2f &rArr; _float_epilogue
</UL>
<BR>[Calls]<UL><LI><a href="#[53]">&gt;&gt;</a>&nbsp;&nbsp;&nbsp;_float_epilogue
</UL>
<BR>[Called By]<UL><LI><a href="#[31]">&gt;&gt;</a>&nbsp;&nbsp;&nbsp;__sx127x_power_set_adapter
</UL>

<P><STRONG><a name="[54]"></a>__aeabi_ui2d</STRONG> (Thumb, 24 bytes, Stack size 16 bytes, dfltui.o(.text))
<BR><BR>[Stack]<UL><LI>Max Depth = 72<LI>Call Chain = __aeabi_ui2d &rArr; _double_epilogue &rArr; __aeabi_llsr
</UL>
<BR>[Calls]<UL><LI><a href="#[4c]">&gt;&gt;</a>&nbsp;&nbsp;&nbsp;_double_epilogue
</UL>
<BR>[Called By]<UL><LI><a href="#[32]">&gt;&gt;</a>&nbsp;&nbsp;&nbsp;__sx127x_lora_set_rf_frequency
<LI><a href="#[ad]">&gt;&gt;</a>&nbsp;&nbsp;&nbsp;__sx127x_lora_rx_state_enter
<LI><a href="#[96]">&gt;&gt;</a>&nbsp;&nbsp;&nbsp;__rx_chain_calibration
<LI><a href="#[5f]">&gt;&gt;</a>&nbsp;&nbsp;&nbsp;Get_Temperature
</UL>

<P><STRONG><a name="[b7]"></a>__aeabi_f2iz</STRONG> (Thumb, 50 bytes, Stack size 0 bytes, ffixi.o(.text))
<BR><BR>[Called By]<UL><LI><a href="#[31]">&gt;&gt;</a>&nbsp;&nbsp;&nbsp;__sx127x_power_set_adapter
</UL>

<P><STRONG><a name="[c4]"></a>__aeabi_f2uiz</STRONG> (Thumb, 40 bytes, Stack size 0 bytes, ffixui.o(.text))
<BR><BR>[Called By]<UL><LI><a href="#[22]">&gt;&gt;</a>&nbsp;&nbsp;&nbsp;main
</UL>

<P><STRONG><a name="[55]"></a>__aeabi_d2uiz</STRONG> (Thumb, 50 bytes, Stack size 8 bytes, dfixui.o(.text))
<BR><BR>[Stack]<UL><LI>Max Depth = 16<LI>Call Chain = __aeabi_d2uiz &rArr; __aeabi_llsr
</UL>
<BR>[Calls]<UL><LI><a href="#[44]">&gt;&gt;</a>&nbsp;&nbsp;&nbsp;__aeabi_llsr
</UL>
<BR>[Called By]<UL><LI><a href="#[32]">&gt;&gt;</a>&nbsp;&nbsp;&nbsp;__sx127x_lora_set_rf_frequency
<LI><a href="#[ad]">&gt;&gt;</a>&nbsp;&nbsp;&nbsp;__sx127x_lora_rx_state_enter
<LI><a href="#[96]">&gt;&gt;</a>&nbsp;&nbsp;&nbsp;__rx_chain_calibration
</UL>

<P><STRONG><a name="[56]"></a>__aeabi_d2f</STRONG> (Thumb, 56 bytes, Stack size 8 bytes, d2f.o(.text))
<BR><BR>[Stack]<UL><LI>Max Depth = 8<LI>Call Chain = __aeabi_d2f
</UL>
<BR>[Calls]<UL><LI><a href="#[57]">&gt;&gt;</a>&nbsp;&nbsp;&nbsp;_float_round
</UL>
<BR>[Called By]<UL><LI><a href="#[5f]">&gt;&gt;</a>&nbsp;&nbsp;&nbsp;Get_Temperature
</UL>

<P><STRONG><a name="[45]"></a>__aeabi_llsl</STRONG> (Thumb, 32 bytes, Stack size 8 bytes, llshl.o(.text))
<BR><BR>[Stack]<UL><LI>Max Depth = 8<LI>Call Chain = __aeabi_llsl
</UL>
<BR>[Called By]<UL><LI><a href="#[4a]">&gt;&gt;</a>&nbsp;&nbsp;&nbsp;__aeabi_dadd
<LI><a href="#[46]">&gt;&gt;</a>&nbsp;&nbsp;&nbsp;__aeabi_lmul
<LI><a href="#[43]">&gt;&gt;</a>&nbsp;&nbsp;&nbsp;__aeabi_uldivmod
<LI><a href="#[4c]">&gt;&gt;</a>&nbsp;&nbsp;&nbsp;_double_epilogue
<LI><a href="#[59]">&gt;&gt;</a>&nbsp;&nbsp;&nbsp;__aeabi_d2ulz
</UL>

<P><STRONG><a name="[d7]"></a>_ll_shift_l</STRONG> (Thumb, 0 bytes, Stack size 8 bytes, llshl.o(.text), UNUSED)

<P><STRONG><a name="[44]"></a>__aeabi_llsr</STRONG> (Thumb, 34 bytes, Stack size 8 bytes, llushr.o(.text))
<BR><BR>[Stack]<UL><LI>Max Depth = 8<LI>Call Chain = __aeabi_llsr
</UL>
<BR>[Called By]<UL><LI><a href="#[55]">&gt;&gt;</a>&nbsp;&nbsp;&nbsp;__aeabi_d2uiz
<LI><a href="#[43]">&gt;&gt;</a>&nbsp;&nbsp;&nbsp;__aeabi_uldivmod
<LI><a href="#[4c]">&gt;&gt;</a>&nbsp;&nbsp;&nbsp;_double_epilogue
<LI><a href="#[59]">&gt;&gt;</a>&nbsp;&nbsp;&nbsp;__aeabi_d2ulz
</UL>

<P><STRONG><a name="[d8]"></a>_ll_ushift_r</STRONG> (Thumb, 0 bytes, Stack size 8 bytes, llushr.o(.text), UNUSED)

<P><STRONG><a name="[4b]"></a>__aeabi_lasr</STRONG> (Thumb, 38 bytes, Stack size 8 bytes, llsshr.o(.text))
<BR><BR>[Stack]<UL><LI>Max Depth = 8<LI>Call Chain = __aeabi_lasr
</UL>
<BR>[Called By]<UL><LI><a href="#[4a]">&gt;&gt;</a>&nbsp;&nbsp;&nbsp;__aeabi_dadd
</UL>

<P><STRONG><a name="[d9]"></a>_ll_sshift_r</STRONG> (Thumb, 0 bytes, Stack size 8 bytes, llsshr.o(.text), UNUSED)

<P><STRONG><a name="[da]"></a>__I$use$fp</STRONG> (Thumb, 0 bytes, Stack size 0 bytes, iusefp.o(.text), UNUSED)

<P><STRONG><a name="[57]"></a>_float_round</STRONG> (Thumb, 16 bytes, Stack size 0 bytes, fepilogue.o(.text))
<BR><BR>[Called By]<UL><LI><a href="#[56]">&gt;&gt;</a>&nbsp;&nbsp;&nbsp;__aeabi_d2f
</UL>

<P><STRONG><a name="[53]"></a>_float_epilogue</STRONG> (Thumb, 114 bytes, Stack size 12 bytes, fepilogue.o(.text))
<BR><BR>[Stack]<UL><LI>Max Depth = 12<LI>Call Chain = _float_epilogue
</UL>
<BR>[Called By]<UL><LI><a href="#[52]">&gt;&gt;</a>&nbsp;&nbsp;&nbsp;__aeabi_ui2f
</UL>

<P><STRONG><a name="[4d]"></a>_double_round</STRONG> (Thumb, 26 bytes, Stack size 8 bytes, depilogue.o(.text))
<BR><BR>[Stack]<UL><LI>Max Depth = 8<LI>Call Chain = _double_round
</UL>
<BR>[Called By]<UL><LI><a href="#[51]">&gt;&gt;</a>&nbsp;&nbsp;&nbsp;__aeabi_ddiv
<LI><a href="#[4a]">&gt;&gt;</a>&nbsp;&nbsp;&nbsp;__aeabi_dadd
<LI><a href="#[4c]">&gt;&gt;</a>&nbsp;&nbsp;&nbsp;_double_epilogue
</UL>

<P><STRONG><a name="[4c]"></a>_double_epilogue</STRONG> (Thumb, 164 bytes, Stack size 48 bytes, depilogue.o(.text))
<BR><BR>[Stack]<UL><LI>Max Depth = 56<LI>Call Chain = _double_epilogue &rArr; __aeabi_llsr
</UL>
<BR>[Calls]<UL><LI><a href="#[58]">&gt;&gt;</a>&nbsp;&nbsp;&nbsp;__ARM_clz
<LI><a href="#[44]">&gt;&gt;</a>&nbsp;&nbsp;&nbsp;__aeabi_llsr
<LI><a href="#[45]">&gt;&gt;</a>&nbsp;&nbsp;&nbsp;__aeabi_llsl
<LI><a href="#[4d]">&gt;&gt;</a>&nbsp;&nbsp;&nbsp;_double_round
</UL>
<BR>[Called By]<UL><LI><a href="#[50]">&gt;&gt;</a>&nbsp;&nbsp;&nbsp;__aeabi_dmul
<LI><a href="#[4a]">&gt;&gt;</a>&nbsp;&nbsp;&nbsp;__aeabi_dadd
<LI><a href="#[54]">&gt;&gt;</a>&nbsp;&nbsp;&nbsp;__aeabi_ui2d
</UL>

<P><STRONG><a name="[59]"></a>__aeabi_d2ulz</STRONG> (Thumb, 54 bytes, Stack size 8 bytes, dfixul.o(.text), UNUSED)
<BR><BR>[Calls]<UL><LI><a href="#[44]">&gt;&gt;</a>&nbsp;&nbsp;&nbsp;__aeabi_llsr
<LI><a href="#[45]">&gt;&gt;</a>&nbsp;&nbsp;&nbsp;__aeabi_llsl
</UL>
<BR>[Called By]<UL><LI><a href="#[bd]">&gt;&gt;</a>&nbsp;&nbsp;&nbsp;_fp_digits
</UL>

<P><STRONG><a name="[be]"></a>__aeabi_cdrcmple</STRONG> (Thumb, 38 bytes, Stack size 0 bytes, cdrcmple.o(.text), UNUSED)
<BR><BR>[Called By]<UL><LI><a href="#[bd]">&gt;&gt;</a>&nbsp;&nbsp;&nbsp;_fp_digits
</UL>

<P><STRONG><a name="[42]"></a>__scatterload</STRONG> (Thumb, 28 bytes, Stack size 0 bytes, init.o(.text))
<BR><BR>[Calls]<UL><LI><a href="#[5a]">&gt;&gt;</a>&nbsp;&nbsp;&nbsp;__main_after_scatterload
</UL>
<BR>[Called By]<UL><LI><a href="#[41]">&gt;&gt;</a>&nbsp;&nbsp;&nbsp;_main_scatterload
</UL>

<P><STRONG><a name="[db]"></a>__scatterload_rt2</STRONG> (Thumb, 0 bytes, Stack size 0 bytes, init.o(.text), UNUSED)

<P><STRONG><a name="[5b]"></a>Button_Init</STRONG> (Thumb, 114 bytes, Stack size 32 bytes, button.o(i.Button_Init))
<BR><BR>[Stack]<UL><LI>Max Depth = 48<LI>Call Chain = Button_Init &rArr; HAL_GPIO_Init
</UL>
<BR>[Calls]<UL><LI><a href="#[5c]">&gt;&gt;</a>&nbsp;&nbsp;&nbsp;HAL_GPIO_WritePin
<LI><a href="#[5d]">&gt;&gt;</a>&nbsp;&nbsp;&nbsp;HAL_GPIO_Init
</UL>
<BR>[Called By]<UL><LI><a href="#[74]">&gt;&gt;</a>&nbsp;&nbsp;&nbsp;Hardware_Init
</UL>

<P><STRONG><a name="[82]"></a>Delay_Oled</STRONG> (Thumb, 14 bytes, Stack size 0 bytes, oled.o(i.Delay_Oled))
<BR><BR>[Called By]<UL><LI><a href="#[78]">&gt;&gt;</a>&nbsp;&nbsp;&nbsp;OLED_Init
</UL>

<P><STRONG><a name="[d]"></a>EXTI4_15_IRQHandler</STRONG> (Thumb, 12 bytes, Stack size 8 bytes, stm32l0xx_it.o(i.EXTI4_15_IRQHandler))
<BR><BR>[Stack]<UL><LI>Max Depth = 16<LI>Call Chain = EXTI4_15_IRQHandler &rArr; HAL_GPIO_EXTI_IRQHandler
</UL>
<BR>[Calls]<UL><LI><a href="#[5e]">&gt;&gt;</a>&nbsp;&nbsp;&nbsp;HAL_GPIO_EXTI_IRQHandler
</UL>
<BR>[Address Reference Count : 1]<UL><LI> startup_stm32l071xx.o(RESET)
</UL>
<P><STRONG><a name="[5f]"></a>Get_Temperature</STRONG> (Thumb, 184 bytes, Stack size 56 bytes, temperature.o(i.Get_Temperature))
<BR><BR>[Stack]<UL><LI>Max Depth = 184<LI>Call Chain = Get_Temperature &rArr; __aeabi_dmul &rArr; _double_epilogue &rArr; __aeabi_llsr
</UL>
<BR>[Calls]<UL><LI><a href="#[64]">&gt;&gt;</a>&nbsp;&nbsp;&nbsp;HAL_Delay
<LI><a href="#[50]">&gt;&gt;</a>&nbsp;&nbsp;&nbsp;__aeabi_dmul
<LI><a href="#[51]">&gt;&gt;</a>&nbsp;&nbsp;&nbsp;__aeabi_ddiv
<LI><a href="#[4a]">&gt;&gt;</a>&nbsp;&nbsp;&nbsp;__aeabi_dadd
<LI><a href="#[56]">&gt;&gt;</a>&nbsp;&nbsp;&nbsp;__aeabi_d2f
<LI><a href="#[62]">&gt;&gt;</a>&nbsp;&nbsp;&nbsp;I2CWaitAck2
<LI><a href="#[63]">&gt;&gt;</a>&nbsp;&nbsp;&nbsp;I2CStop2
<LI><a href="#[60]">&gt;&gt;</a>&nbsp;&nbsp;&nbsp;I2CStart2
<LI><a href="#[67]">&gt;&gt;</a>&nbsp;&nbsp;&nbsp;I2CSendNotAck2
<LI><a href="#[61]">&gt;&gt;</a>&nbsp;&nbsp;&nbsp;I2CSendByte2
<LI><a href="#[66]">&gt;&gt;</a>&nbsp;&nbsp;&nbsp;I2CSendAck2
<LI><a href="#[65]">&gt;&gt;</a>&nbsp;&nbsp;&nbsp;I2CReceiveByte2
<LI><a href="#[54]">&gt;&gt;</a>&nbsp;&nbsp;&nbsp;__aeabi_ui2d
</UL>
<BR>[Called By]<UL><LI><a href="#[22]">&gt;&gt;</a>&nbsp;&nbsp;&nbsp;main
</UL>

<P><STRONG><a name="[64]"></a>HAL_Delay</STRONG> (Thumb, 26 bytes, Stack size 16 bytes, stm32l0xx_hal.o(i.HAL_Delay))
<BR><BR>[Stack]<UL><LI>Max Depth = 16<LI>Call Chain = HAL_Delay
</UL>
<BR>[Calls]<UL><LI><a href="#[68]">&gt;&gt;</a>&nbsp;&nbsp;&nbsp;HAL_GetTick
</UL>
<BR>[Called By]<UL><LI><a href="#[27]">&gt;&gt;</a>&nbsp;&nbsp;&nbsp;delay_ms
<LI><a href="#[5f]">&gt;&gt;</a>&nbsp;&nbsp;&nbsp;Get_Temperature
</UL>

<P><STRONG><a name="[69]"></a>HAL_GPIO_EXTI_Callback</STRONG> (Thumb, 2 bytes, Stack size 0 bytes, stm32l0xx_hal_gpio.o(i.HAL_GPIO_EXTI_Callback))
<BR><BR>[Called By]<UL><LI><a href="#[5e]">&gt;&gt;</a>&nbsp;&nbsp;&nbsp;HAL_GPIO_EXTI_IRQHandler
</UL>

<P><STRONG><a name="[5e]"></a>HAL_GPIO_EXTI_IRQHandler</STRONG> (Thumb, 26 bytes, Stack size 8 bytes, stm32l0xx_hal_gpio.o(i.HAL_GPIO_EXTI_IRQHandler))
<BR><BR>[Stack]<UL><LI>Max Depth = 8<LI>Call Chain = HAL_GPIO_EXTI_IRQHandler
</UL>
<BR>[Calls]<UL><LI><a href="#[69]">&gt;&gt;</a>&nbsp;&nbsp;&nbsp;HAL_GPIO_EXTI_Callback
</UL>
<BR>[Called By]<UL><LI><a href="#[d]">&gt;&gt;</a>&nbsp;&nbsp;&nbsp;EXTI4_15_IRQHandler
</UL>

<P><STRONG><a name="[5d]"></a>HAL_GPIO_Init</STRONG> (Thumb, 472 bytes, Stack size 16 bytes, stm32l0xx_hal_gpio.o(i.HAL_GPIO_Init))
<BR><BR>[Stack]<UL><LI>Max Depth = 16<LI>Call Chain = HAL_GPIO_Init
</UL>
<BR>[Called By]<UL><LI><a href="#[76]">&gt;&gt;</a>&nbsp;&nbsp;&nbsp;zm4xx_pin_init
<LI><a href="#[77]">&gt;&gt;</a>&nbsp;&nbsp;&nbsp;spi_init
<LI><a href="#[7a]">&gt;&gt;</a>&nbsp;&nbsp;&nbsp;RELAY_Init
<LI><a href="#[78]">&gt;&gt;</a>&nbsp;&nbsp;&nbsp;OLED_Init
<LI><a href="#[5b]">&gt;&gt;</a>&nbsp;&nbsp;&nbsp;Button_Init
<LI><a href="#[7f]">&gt;&gt;</a>&nbsp;&nbsp;&nbsp;SDA_Output_Mode2
<LI><a href="#[7b]">&gt;&gt;</a>&nbsp;&nbsp;&nbsp;SDA_Input_Mode2
</UL>

<P><STRONG><a name="[88]"></a>HAL_GPIO_ReadPin</STRONG> (Thumb, 18 bytes, Stack size 0 bytes, stm32l0xx_hal_gpio.o(i.HAL_GPIO_ReadPin))
<BR><BR>[Called By]<UL><LI><a href="#[2b]">&gt;&gt;</a>&nbsp;&nbsp;&nbsp;spi_recv_byte
<LI><a href="#[7e]">&gt;&gt;</a>&nbsp;&nbsp;&nbsp;SDA_Input2
</UL>

<P><STRONG><a name="[5c]"></a>HAL_GPIO_WritePin</STRONG> (Thumb, 12 bytes, Stack size 0 bytes, stm32l0xx_hal_gpio.o(i.HAL_GPIO_WritePin))
<BR><BR>[Called By]<UL><LI><a href="#[76]">&gt;&gt;</a>&nbsp;&nbsp;&nbsp;zm4xx_pin_init
<LI><a href="#[77]">&gt;&gt;</a>&nbsp;&nbsp;&nbsp;spi_init
<LI><a href="#[78]">&gt;&gt;</a>&nbsp;&nbsp;&nbsp;OLED_Init
<LI><a href="#[5b]">&gt;&gt;</a>&nbsp;&nbsp;&nbsp;Button_Init
<LI><a href="#[22]">&gt;&gt;</a>&nbsp;&nbsp;&nbsp;main
</UL>

<P><STRONG><a name="[68]"></a>HAL_GetTick</STRONG> (Thumb, 6 bytes, Stack size 0 bytes, stm32l0xx_hal.o(i.HAL_GetTick))
<BR><BR>[Called By]<UL><LI><a href="#[64]">&gt;&gt;</a>&nbsp;&nbsp;&nbsp;HAL_Delay
<LI><a href="#[73]">&gt;&gt;</a>&nbsp;&nbsp;&nbsp;HAL_RCC_OscConfig
<LI><a href="#[71]">&gt;&gt;</a>&nbsp;&nbsp;&nbsp;HAL_RCC_ClockConfig
</UL>

<P><STRONG><a name="[8a]"></a>HAL_IncTick</STRONG> (Thumb, 12 bytes, Stack size 0 bytes, stm32l0xx_hal.o(i.HAL_IncTick))
<BR><BR>[Called By]<UL><LI><a href="#[5]">&gt;&gt;</a>&nbsp;&nbsp;&nbsp;SysTick_Handler
</UL>

<P><STRONG><a name="[6a]"></a>HAL_Init</STRONG> (Thumb, 28 bytes, Stack size 8 bytes, stm32l0xx_hal.o(i.HAL_Init))
<BR><BR>[Stack]<UL><LI>Max Depth = 48<LI>Call Chain = HAL_Init &rArr; HAL_InitTick &rArr; HAL_SYSTICK_Config &rArr; NVIC_SetPriority
</UL>
<BR>[Calls]<UL><LI><a href="#[6b]">&gt;&gt;</a>&nbsp;&nbsp;&nbsp;HAL_InitTick
<LI><a href="#[6c]">&gt;&gt;</a>&nbsp;&nbsp;&nbsp;HAL_MspInit
</UL>
<BR>[Called By]<UL><LI><a href="#[74]">&gt;&gt;</a>&nbsp;&nbsp;&nbsp;Hardware_Init
</UL>

<P><STRONG><a name="[6b]"></a>HAL_InitTick</STRONG> (Thumb, 36 bytes, Stack size 16 bytes, stm32l0xx_hal.o(i.HAL_InitTick))
<BR><BR>[Stack]<UL><LI>Max Depth = 40<LI>Call Chain = HAL_InitTick &rArr; HAL_SYSTICK_Config &rArr; NVIC_SetPriority
</UL>
<BR>[Calls]<UL><LI><a href="#[6e]">&gt;&gt;</a>&nbsp;&nbsp;&nbsp;HAL_SYSTICK_Config
<LI><a href="#[6f]">&gt;&gt;</a>&nbsp;&nbsp;&nbsp;HAL_NVIC_SetPriority
<LI><a href="#[6d]">&gt;&gt;</a>&nbsp;&nbsp;&nbsp;__aeabi_uidivmod
</UL>
<BR>[Called By]<UL><LI><a href="#[6a]">&gt;&gt;</a>&nbsp;&nbsp;&nbsp;HAL_Init
<LI><a href="#[73]">&gt;&gt;</a>&nbsp;&nbsp;&nbsp;HAL_RCC_OscConfig
<LI><a href="#[71]">&gt;&gt;</a>&nbsp;&nbsp;&nbsp;HAL_RCC_ClockConfig
</UL>

<P><STRONG><a name="[6c]"></a>HAL_MspInit</STRONG> (Thumb, 2 bytes, Stack size 0 bytes, stm32l0xx_hal_msp.o(i.HAL_MspInit))
<BR><BR>[Called By]<UL><LI><a href="#[6a]">&gt;&gt;</a>&nbsp;&nbsp;&nbsp;HAL_Init
</UL>

<P><STRONG><a name="[6f]"></a>HAL_NVIC_SetPriority</STRONG> (Thumb, 18 bytes, Stack size 16 bytes, stm32l0xx_hal_cortex.o(i.HAL_NVIC_SetPriority))
<BR><BR>[Stack]<UL><LI>Max Depth = 24<LI>Call Chain = HAL_NVIC_SetPriority &rArr; NVIC_SetPriority
</UL>
<BR>[Calls]<UL><LI><a href="#[70]">&gt;&gt;</a>&nbsp;&nbsp;&nbsp;NVIC_SetPriority
</UL>
<BR>[Called By]<UL><LI><a href="#[6b]">&gt;&gt;</a>&nbsp;&nbsp;&nbsp;HAL_InitTick
</UL>

<P><STRONG><a name="[71]"></a>HAL_RCC_ClockConfig</STRONG> (Thumb, 482 bytes, Stack size 16 bytes, stm32l0xx_hal_rcc.o(i.HAL_RCC_ClockConfig))
<BR><BR>[Stack]<UL><LI>Max Depth = 56<LI>Call Chain = HAL_RCC_ClockConfig &rArr; HAL_InitTick &rArr; HAL_SYSTICK_Config &rArr; NVIC_SetPriority
</UL>
<BR>[Calls]<UL><LI><a href="#[6b]">&gt;&gt;</a>&nbsp;&nbsp;&nbsp;HAL_InitTick
<LI><a href="#[68]">&gt;&gt;</a>&nbsp;&nbsp;&nbsp;HAL_GetTick
<LI><a href="#[72]">&gt;&gt;</a>&nbsp;&nbsp;&nbsp;HAL_RCC_GetSysClockFreq
</UL>
<BR>[Called By]<UL><LI><a href="#[75]">&gt;&gt;</a>&nbsp;&nbsp;&nbsp;SystemClock_Config
</UL>

<P><STRONG><a name="[72]"></a>HAL_RCC_GetSysClockFreq</STRONG> (Thumb, 214 bytes, Stack size 24 bytes, stm32l0xx_hal_rcc.o(i.HAL_RCC_GetSysClockFreq))
<BR><BR>[Stack]<UL><LI>Max Depth = 36<LI>Call Chain = HAL_RCC_GetSysClockFreq &rArr; __aeabi_uidivmod
</UL>
<BR>[Calls]<UL><LI><a href="#[6d]">&gt;&gt;</a>&nbsp;&nbsp;&nbsp;__aeabi_uidivmod
</UL>
<BR>[Called By]<UL><LI><a href="#[73]">&gt;&gt;</a>&nbsp;&nbsp;&nbsp;HAL_RCC_OscConfig
<LI><a href="#[71]">&gt;&gt;</a>&nbsp;&nbsp;&nbsp;HAL_RCC_ClockConfig
</UL>

<P><STRONG><a name="[73]"></a>HAL_RCC_OscConfig</STRONG> (Thumb, 1522 bytes, Stack size 24 bytes, stm32l0xx_hal_rcc.o(i.HAL_RCC_OscConfig))
<BR><BR>[Stack]<UL><LI>Max Depth = 64<LI>Call Chain = HAL_RCC_OscConfig &rArr; HAL_InitTick &rArr; HAL_SYSTICK_Config &rArr; NVIC_SetPriority
</UL>
<BR>[Calls]<UL><LI><a href="#[6b]">&gt;&gt;</a>&nbsp;&nbsp;&nbsp;HAL_InitTick
<LI><a href="#[68]">&gt;&gt;</a>&nbsp;&nbsp;&nbsp;HAL_GetTick
<LI><a href="#[72]">&gt;&gt;</a>&nbsp;&nbsp;&nbsp;HAL_RCC_GetSysClockFreq
</UL>
<BR>[Called By]<UL><LI><a href="#[75]">&gt;&gt;</a>&nbsp;&nbsp;&nbsp;SystemClock_Config
</UL>

<P><STRONG><a name="[6e]"></a>HAL_SYSTICK_Config</STRONG> (Thumb, 46 bytes, Stack size 16 bytes, stm32l0xx_hal_cortex.o(i.HAL_SYSTICK_Config))
<BR><BR>[Stack]<UL><LI>Max Depth = 24<LI>Call Chain = HAL_SYSTICK_Config &rArr; NVIC_SetPriority
</UL>
<BR>[Calls]<UL><LI><a href="#[70]">&gt;&gt;</a>&nbsp;&nbsp;&nbsp;NVIC_SetPriority
</UL>
<BR>[Called By]<UL><LI><a href="#[6b]">&gt;&gt;</a>&nbsp;&nbsp;&nbsp;HAL_InitTick
</UL>

<P><STRONG><a name="[2]"></a>HardFault_Handler</STRONG> (Thumb, 4 bytes, Stack size 0 bytes, stm32l0xx_it.o(i.HardFault_Handler))
<BR>[Address Reference Count : 1]<UL><LI> startup_stm32l071xx.o(RESET)
</UL>
<P><STRONG><a name="[74]"></a>Hardware_Init</STRONG> (Thumb, 36 bytes, Stack size 8 bytes, main.o(i.Hardware_Init))
<BR><BR>[Stack]<UL><LI>Max Depth = 152<LI>Call Chain = Hardware_Init &rArr; SystemClock_Config &rArr; HAL_RCC_OscConfig &rArr; HAL_InitTick &rArr; HAL_SYSTICK_Config &rArr; NVIC_SetPriority
</UL>
<BR>[Calls]<UL><LI><a href="#[6a]">&gt;&gt;</a>&nbsp;&nbsp;&nbsp;HAL_Init
<LI><a href="#[76]">&gt;&gt;</a>&nbsp;&nbsp;&nbsp;zm4xx_pin_init
<LI><a href="#[77]">&gt;&gt;</a>&nbsp;&nbsp;&nbsp;spi_init
<LI><a href="#[7a]">&gt;&gt;</a>&nbsp;&nbsp;&nbsp;RELAY_Init
<LI><a href="#[78]">&gt;&gt;</a>&nbsp;&nbsp;&nbsp;OLED_Init
<LI><a href="#[79]">&gt;&gt;</a>&nbsp;&nbsp;&nbsp;OLED_Clear
<LI><a href="#[5b]">&gt;&gt;</a>&nbsp;&nbsp;&nbsp;Button_Init
<LI><a href="#[75]">&gt;&gt;</a>&nbsp;&nbsp;&nbsp;SystemClock_Config
</UL>
<BR>[Called By]<UL><LI><a href="#[22]">&gt;&gt;</a>&nbsp;&nbsp;&nbsp;main
</UL>

<P><STRONG><a name="[65]"></a>I2CReceiveByte2</STRONG> (Thumb, 80 bytes, Stack size 16 bytes, temperature.o(i.I2CReceiveByte2))
<BR><BR>[Stack]<UL><LI>Max Depth = 56<LI>Call Chain = I2CReceiveByte2 &rArr; SDA_Output_Mode2 &rArr; HAL_GPIO_Init
</UL>
<BR>[Calls]<UL><LI><a href="#[7f]">&gt;&gt;</a>&nbsp;&nbsp;&nbsp;SDA_Output_Mode2
<LI><a href="#[7b]">&gt;&gt;</a>&nbsp;&nbsp;&nbsp;SDA_Input_Mode2
<LI><a href="#[7e]">&gt;&gt;</a>&nbsp;&nbsp;&nbsp;SDA_Input2
<LI><a href="#[7c]">&gt;&gt;</a>&nbsp;&nbsp;&nbsp;SCL_Output2
<LI><a href="#[7d]">&gt;&gt;</a>&nbsp;&nbsp;&nbsp;delay1
</UL>
<BR>[Called By]<UL><LI><a href="#[5f]">&gt;&gt;</a>&nbsp;&nbsp;&nbsp;Get_Temperature
</UL>

<P><STRONG><a name="[66]"></a>I2CSendAck2</STRONG> (Thumb, 46 bytes, Stack size 8 bytes, temperature.o(i.I2CSendAck2))
<BR><BR>[Stack]<UL><LI>Max Depth = 8<LI>Call Chain = I2CSendAck2
</UL>
<BR>[Calls]<UL><LI><a href="#[80]">&gt;&gt;</a>&nbsp;&nbsp;&nbsp;SDA_Output2
<LI><a href="#[7c]">&gt;&gt;</a>&nbsp;&nbsp;&nbsp;SCL_Output2
<LI><a href="#[7d]">&gt;&gt;</a>&nbsp;&nbsp;&nbsp;delay1
</UL>
<BR>[Called By]<UL><LI><a href="#[5f]">&gt;&gt;</a>&nbsp;&nbsp;&nbsp;Get_Temperature
</UL>

<P><STRONG><a name="[61]"></a>I2CSendByte2</STRONG> (Thumb, 80 bytes, Stack size 16 bytes, temperature.o(i.I2CSendByte2))
<BR><BR>[Stack]<UL><LI>Max Depth = 16<LI>Call Chain = I2CSendByte2
</UL>
<BR>[Calls]<UL><LI><a href="#[80]">&gt;&gt;</a>&nbsp;&nbsp;&nbsp;SDA_Output2
<LI><a href="#[7c]">&gt;&gt;</a>&nbsp;&nbsp;&nbsp;SCL_Output2
<LI><a href="#[7d]">&gt;&gt;</a>&nbsp;&nbsp;&nbsp;delay1
</UL>
<BR>[Called By]<UL><LI><a href="#[5f]">&gt;&gt;</a>&nbsp;&nbsp;&nbsp;Get_Temperature
</UL>

<P><STRONG><a name="[67]"></a>I2CSendNotAck2</STRONG> (Thumb, 40 bytes, Stack size 8 bytes, temperature.o(i.I2CSendNotAck2))
<BR><BR>[Stack]<UL><LI>Max Depth = 8<LI>Call Chain = I2CSendNotAck2
</UL>
<BR>[Calls]<UL><LI><a href="#[80]">&gt;&gt;</a>&nbsp;&nbsp;&nbsp;SDA_Output2
<LI><a href="#[7c]">&gt;&gt;</a>&nbsp;&nbsp;&nbsp;SCL_Output2
<LI><a href="#[7d]">&gt;&gt;</a>&nbsp;&nbsp;&nbsp;delay1
</UL>
<BR>[Called By]<UL><LI><a href="#[5f]">&gt;&gt;</a>&nbsp;&nbsp;&nbsp;Get_Temperature
</UL>

<P><STRONG><a name="[60]"></a>I2CStart2</STRONG> (Thumb, 52 bytes, Stack size 8 bytes, temperature.o(i.I2CStart2))
<BR><BR>[Stack]<UL><LI>Max Depth = 8<LI>Call Chain = I2CStart2
</UL>
<BR>[Calls]<UL><LI><a href="#[80]">&gt;&gt;</a>&nbsp;&nbsp;&nbsp;SDA_Output2
<LI><a href="#[7c]">&gt;&gt;</a>&nbsp;&nbsp;&nbsp;SCL_Output2
<LI><a href="#[7d]">&gt;&gt;</a>&nbsp;&nbsp;&nbsp;delay1
</UL>
<BR>[Called By]<UL><LI><a href="#[5f]">&gt;&gt;</a>&nbsp;&nbsp;&nbsp;Get_Temperature
</UL>

<P><STRONG><a name="[63]"></a>I2CStop2</STRONG> (Thumb, 52 bytes, Stack size 8 bytes, temperature.o(i.I2CStop2))
<BR><BR>[Stack]<UL><LI>Max Depth = 8<LI>Call Chain = I2CStop2
</UL>
<BR>[Calls]<UL><LI><a href="#[80]">&gt;&gt;</a>&nbsp;&nbsp;&nbsp;SDA_Output2
<LI><a href="#[7c]">&gt;&gt;</a>&nbsp;&nbsp;&nbsp;SCL_Output2
<LI><a href="#[7d]">&gt;&gt;</a>&nbsp;&nbsp;&nbsp;delay1
</UL>
<BR>[Called By]<UL><LI><a href="#[5f]">&gt;&gt;</a>&nbsp;&nbsp;&nbsp;Get_Temperature
<LI><a href="#[62]">&gt;&gt;</a>&nbsp;&nbsp;&nbsp;I2CWaitAck2
</UL>

<P><STRONG><a name="[62]"></a>I2CWaitAck2</STRONG> (Thumb, 82 bytes, Stack size 8 bytes, temperature.o(i.I2CWaitAck2))
<BR><BR>[Stack]<UL><LI>Max Depth = 48<LI>Call Chain = I2CWaitAck2 &rArr; SDA_Output_Mode2 &rArr; HAL_GPIO_Init
</UL>
<BR>[Calls]<UL><LI><a href="#[7f]">&gt;&gt;</a>&nbsp;&nbsp;&nbsp;SDA_Output_Mode2
<LI><a href="#[7b]">&gt;&gt;</a>&nbsp;&nbsp;&nbsp;SDA_Input_Mode2
<LI><a href="#[7e]">&gt;&gt;</a>&nbsp;&nbsp;&nbsp;SDA_Input2
<LI><a href="#[7c]">&gt;&gt;</a>&nbsp;&nbsp;&nbsp;SCL_Output2
<LI><a href="#[63]">&gt;&gt;</a>&nbsp;&nbsp;&nbsp;I2CStop2
<LI><a href="#[7d]">&gt;&gt;</a>&nbsp;&nbsp;&nbsp;delay1
</UL>
<BR>[Called By]<UL><LI><a href="#[5f]">&gt;&gt;</a>&nbsp;&nbsp;&nbsp;Get_Temperature
</UL>

<P><STRONG><a name="[8b]"></a>IIC_Start</STRONG> (Thumb, 28 bytes, Stack size 0 bytes, oled.o(i.IIC_Start))
<BR><BR>[Called By]<UL><LI><a href="#[86]">&gt;&gt;</a>&nbsp;&nbsp;&nbsp;Write_IIC_Data
<LI><a href="#[87]">&gt;&gt;</a>&nbsp;&nbsp;&nbsp;Write_IIC_Command
</UL>

<P><STRONG><a name="[8e]"></a>IIC_Stop</STRONG> (Thumb, 22 bytes, Stack size 0 bytes, oled.o(i.IIC_Stop))
<BR><BR>[Called By]<UL><LI><a href="#[86]">&gt;&gt;</a>&nbsp;&nbsp;&nbsp;Write_IIC_Data
<LI><a href="#[87]">&gt;&gt;</a>&nbsp;&nbsp;&nbsp;Write_IIC_Command
</UL>

<P><STRONG><a name="[8d]"></a>IIC_Wait_Ack</STRONG> (Thumb, 18 bytes, Stack size 0 bytes, oled.o(i.IIC_Wait_Ack))
<BR><BR>[Called By]<UL><LI><a href="#[86]">&gt;&gt;</a>&nbsp;&nbsp;&nbsp;Write_IIC_Data
<LI><a href="#[87]">&gt;&gt;</a>&nbsp;&nbsp;&nbsp;Write_IIC_Command
</UL>

<P><STRONG><a name="[1]"></a>NMI_Handler</STRONG> (Thumb, 2 bytes, Stack size 0 bytes, stm32l0xx_it.o(i.NMI_Handler))
<BR>[Address Reference Count : 1]<UL><LI> startup_stm32l071xx.o(RESET)
</UL>
<P><STRONG><a name="[79]"></a>OLED_Clear</STRONG> (Thumb, 62 bytes, Stack size 12 bytes, oled.o(i.OLED_Clear))
<BR><BR>[Stack]<UL><LI>Max Depth = 44<LI>Call Chain = OLED_Clear &rArr; OLED_WR_Byte &rArr; Write_IIC_Data &rArr; Write_IIC_Byte
</UL>
<BR>[Calls]<UL><LI><a href="#[81]">&gt;&gt;</a>&nbsp;&nbsp;&nbsp;OLED_WR_Byte
</UL>
<BR>[Called By]<UL><LI><a href="#[78]">&gt;&gt;</a>&nbsp;&nbsp;&nbsp;OLED_Init
<LI><a href="#[74]">&gt;&gt;</a>&nbsp;&nbsp;&nbsp;Hardware_Init
</UL>

<P><STRONG><a name="[78]"></a>OLED_Init</STRONG> (Thumb, 326 bytes, Stack size 32 bytes, oled.o(i.OLED_Init))
<BR><BR>[Stack]<UL><LI>Max Depth = 76<LI>Call Chain = OLED_Init &rArr; OLED_Clear &rArr; OLED_WR_Byte &rArr; Write_IIC_Data &rArr; Write_IIC_Byte
</UL>
<BR>[Calls]<UL><LI><a href="#[5c]">&gt;&gt;</a>&nbsp;&nbsp;&nbsp;HAL_GPIO_WritePin
<LI><a href="#[5d]">&gt;&gt;</a>&nbsp;&nbsp;&nbsp;HAL_GPIO_Init
<LI><a href="#[81]">&gt;&gt;</a>&nbsp;&nbsp;&nbsp;OLED_WR_Byte
<LI><a href="#[82]">&gt;&gt;</a>&nbsp;&nbsp;&nbsp;Delay_Oled
<LI><a href="#[79]">&gt;&gt;</a>&nbsp;&nbsp;&nbsp;OLED_Clear
</UL>
<BR>[Called By]<UL><LI><a href="#[74]">&gt;&gt;</a>&nbsp;&nbsp;&nbsp;Hardware_Init
</UL>

<P><STRONG><a name="[83]"></a>OLED_Set_Pos</STRONG> (Thumb, 44 bytes, Stack size 12 bytes, oled.o(i.OLED_Set_Pos))
<BR><BR>[Stack]<UL><LI>Max Depth = 44<LI>Call Chain = OLED_Set_Pos &rArr; OLED_WR_Byte &rArr; Write_IIC_Data &rArr; Write_IIC_Byte
</UL>
<BR>[Calls]<UL><LI><a href="#[81]">&gt;&gt;</a>&nbsp;&nbsp;&nbsp;OLED_WR_Byte
</UL>
<BR>[Called By]<UL><LI><a href="#[84]">&gt;&gt;</a>&nbsp;&nbsp;&nbsp;OLED_ShowChar
</UL>

<P><STRONG><a name="[84]"></a>OLED_ShowChar</STRONG> (Thumb, 144 bytes, Stack size 36 bytes, oled.o(i.OLED_ShowChar))
<BR><BR>[Stack]<UL><LI>Max Depth = 80<LI>Call Chain = OLED_ShowChar &rArr; OLED_Set_Pos &rArr; OLED_WR_Byte &rArr; Write_IIC_Data &rArr; Write_IIC_Byte
</UL>
<BR>[Calls]<UL><LI><a href="#[81]">&gt;&gt;</a>&nbsp;&nbsp;&nbsp;OLED_WR_Byte
<LI><a href="#[83]">&gt;&gt;</a>&nbsp;&nbsp;&nbsp;OLED_Set_Pos
</UL>
<BR>[Called By]<UL><LI><a href="#[85]">&gt;&gt;</a>&nbsp;&nbsp;&nbsp;OLED_ShowString
</UL>

<P><STRONG><a name="[85]"></a>OLED_ShowString</STRONG> (Thumb, 52 bytes, Stack size 36 bytes, oled.o(i.OLED_ShowString))
<BR><BR>[Stack]<UL><LI>Max Depth = 116<LI>Call Chain = OLED_ShowString &rArr; OLED_ShowChar &rArr; OLED_Set_Pos &rArr; OLED_WR_Byte &rArr; Write_IIC_Data &rArr; Write_IIC_Byte
</UL>
<BR>[Calls]<UL><LI><a href="#[84]">&gt;&gt;</a>&nbsp;&nbsp;&nbsp;OLED_ShowChar
</UL>
<BR>[Called By]<UL><LI><a href="#[22]">&gt;&gt;</a>&nbsp;&nbsp;&nbsp;main
</UL>

<P><STRONG><a name="[81]"></a>OLED_WR_Byte</STRONG> (Thumb, 26 bytes, Stack size 12 bytes, oled.o(i.OLED_WR_Byte))
<BR><BR>[Stack]<UL><LI>Max Depth = 32<LI>Call Chain = OLED_WR_Byte &rArr; Write_IIC_Data &rArr; Write_IIC_Byte
</UL>
<BR>[Calls]<UL><LI><a href="#[86]">&gt;&gt;</a>&nbsp;&nbsp;&nbsp;Write_IIC_Data
<LI><a href="#[87]">&gt;&gt;</a>&nbsp;&nbsp;&nbsp;Write_IIC_Command
</UL>
<BR>[Called By]<UL><LI><a href="#[84]">&gt;&gt;</a>&nbsp;&nbsp;&nbsp;OLED_ShowChar
<LI><a href="#[83]">&gt;&gt;</a>&nbsp;&nbsp;&nbsp;OLED_Set_Pos
<LI><a href="#[78]">&gt;&gt;</a>&nbsp;&nbsp;&nbsp;OLED_Init
<LI><a href="#[79]">&gt;&gt;</a>&nbsp;&nbsp;&nbsp;OLED_Clear
</UL>

<P><STRONG><a name="[4]"></a>PendSV_Handler</STRONG> (Thumb, 2 bytes, Stack size 0 bytes, stm32l0xx_it.o(i.PendSV_Handler))
<BR>[Address Reference Count : 1]<UL><LI> startup_stm32l071xx.o(RESET)
</UL>
<P><STRONG><a name="[7a]"></a>RELAY_Init</STRONG> (Thumb, 60 bytes, Stack size 32 bytes, relay.o(i.RELAY_Init))
<BR><BR>[Stack]<UL><LI>Max Depth = 48<LI>Call Chain = RELAY_Init &rArr; HAL_GPIO_Init
</UL>
<BR>[Calls]<UL><LI><a href="#[5d]">&gt;&gt;</a>&nbsp;&nbsp;&nbsp;HAL_GPIO_Init
</UL>
<BR>[Called By]<UL><LI><a href="#[74]">&gt;&gt;</a>&nbsp;&nbsp;&nbsp;Hardware_Init
</UL>

<P><STRONG><a name="[7c]"></a>SCL_Output2</STRONG> (Thumb, 32 bytes, Stack size 0 bytes, temperature.o(i.SCL_Output2))
<BR><BR>[Called By]<UL><LI><a href="#[62]">&gt;&gt;</a>&nbsp;&nbsp;&nbsp;I2CWaitAck2
<LI><a href="#[63]">&gt;&gt;</a>&nbsp;&nbsp;&nbsp;I2CStop2
<LI><a href="#[60]">&gt;&gt;</a>&nbsp;&nbsp;&nbsp;I2CStart2
<LI><a href="#[67]">&gt;&gt;</a>&nbsp;&nbsp;&nbsp;I2CSendNotAck2
<LI><a href="#[61]">&gt;&gt;</a>&nbsp;&nbsp;&nbsp;I2CSendByte2
<LI><a href="#[66]">&gt;&gt;</a>&nbsp;&nbsp;&nbsp;I2CSendAck2
<LI><a href="#[65]">&gt;&gt;</a>&nbsp;&nbsp;&nbsp;I2CReceiveByte2
</UL>

<P><STRONG><a name="[7e]"></a>SDA_Input2</STRONG> (Thumb, 12 bytes, Stack size 8 bytes, temperature.o(i.SDA_Input2))
<BR><BR>[Stack]<UL><LI>Max Depth = 8<LI>Call Chain = SDA_Input2
</UL>
<BR>[Calls]<UL><LI><a href="#[88]">&gt;&gt;</a>&nbsp;&nbsp;&nbsp;HAL_GPIO_ReadPin
</UL>
<BR>[Called By]<UL><LI><a href="#[62]">&gt;&gt;</a>&nbsp;&nbsp;&nbsp;I2CWaitAck2
<LI><a href="#[65]">&gt;&gt;</a>&nbsp;&nbsp;&nbsp;I2CReceiveByte2
</UL>

<P><STRONG><a name="[7b]"></a>SDA_Input_Mode2</STRONG> (Thumb, 40 bytes, Stack size 24 bytes, temperature.o(i.SDA_Input_Mode2))
<BR><BR>[Stack]<UL><LI>Max Depth = 40<LI>Call Chain = SDA_Input_Mode2 &rArr; HAL_GPIO_Init
</UL>
<BR>[Calls]<UL><LI><a href="#[5d]">&gt;&gt;</a>&nbsp;&nbsp;&nbsp;HAL_GPIO_Init
<LI><a href="#[89]">&gt;&gt;</a>&nbsp;&nbsp;&nbsp;__aeabi_memclr4
</UL>
<BR>[Called By]<UL><LI><a href="#[62]">&gt;&gt;</a>&nbsp;&nbsp;&nbsp;I2CWaitAck2
<LI><a href="#[65]">&gt;&gt;</a>&nbsp;&nbsp;&nbsp;I2CReceiveByte2
</UL>

<P><STRONG><a name="[80]"></a>SDA_Output2</STRONG> (Thumb, 32 bytes, Stack size 0 bytes, temperature.o(i.SDA_Output2))
<BR><BR>[Called By]<UL><LI><a href="#[63]">&gt;&gt;</a>&nbsp;&nbsp;&nbsp;I2CStop2
<LI><a href="#[60]">&gt;&gt;</a>&nbsp;&nbsp;&nbsp;I2CStart2
<LI><a href="#[67]">&gt;&gt;</a>&nbsp;&nbsp;&nbsp;I2CSendNotAck2
<LI><a href="#[61]">&gt;&gt;</a>&nbsp;&nbsp;&nbsp;I2CSendByte2
<LI><a href="#[66]">&gt;&gt;</a>&nbsp;&nbsp;&nbsp;I2CSendAck2
</UL>

<P><STRONG><a name="[7f]"></a>SDA_Output_Mode2</STRONG> (Thumb, 38 bytes, Stack size 24 bytes, temperature.o(i.SDA_Output_Mode2))
<BR><BR>[Stack]<UL><LI>Max Depth = 40<LI>Call Chain = SDA_Output_Mode2 &rArr; HAL_GPIO_Init
</UL>
<BR>[Calls]<UL><LI><a href="#[5d]">&gt;&gt;</a>&nbsp;&nbsp;&nbsp;HAL_GPIO_Init
<LI><a href="#[89]">&gt;&gt;</a>&nbsp;&nbsp;&nbsp;__aeabi_memclr4
</UL>
<BR>[Called By]<UL><LI><a href="#[62]">&gt;&gt;</a>&nbsp;&nbsp;&nbsp;I2CWaitAck2
<LI><a href="#[65]">&gt;&gt;</a>&nbsp;&nbsp;&nbsp;I2CReceiveByte2
</UL>

<P><STRONG><a name="[3]"></a>SVC_Handler</STRONG> (Thumb, 2 bytes, Stack size 0 bytes, stm32l0xx_it.o(i.SVC_Handler))
<BR>[Address Reference Count : 1]<UL><LI> startup_stm32l071xx.o(RESET)
</UL>
<P><STRONG><a name="[5]"></a>SysTick_Handler</STRONG> (Thumb, 8 bytes, Stack size 8 bytes, stm32l0xx_it.o(i.SysTick_Handler))
<BR><BR>[Stack]<UL><LI>Max Depth = 8<LI>Call Chain = SysTick_Handler
</UL>
<BR>[Calls]<UL><LI><a href="#[8a]">&gt;&gt;</a>&nbsp;&nbsp;&nbsp;HAL_IncTick
</UL>
<BR>[Address Reference Count : 1]<UL><LI> startup_stm32l071xx.o(RESET)
</UL>
<P><STRONG><a name="[75]"></a>SystemClock_Config</STRONG> (Thumb, 132 bytes, Stack size 80 bytes, main.o(i.SystemClock_Config))
<BR><BR>[Stack]<UL><LI>Max Depth = 144<LI>Call Chain = SystemClock_Config &rArr; HAL_RCC_OscConfig &rArr; HAL_InitTick &rArr; HAL_SYSTICK_Config &rArr; NVIC_SetPriority
</UL>
<BR>[Calls]<UL><LI><a href="#[73]">&gt;&gt;</a>&nbsp;&nbsp;&nbsp;HAL_RCC_OscConfig
<LI><a href="#[71]">&gt;&gt;</a>&nbsp;&nbsp;&nbsp;HAL_RCC_ClockConfig
<LI><a href="#[89]">&gt;&gt;</a>&nbsp;&nbsp;&nbsp;__aeabi_memclr4
</UL>
<BR>[Called By]<UL><LI><a href="#[74]">&gt;&gt;</a>&nbsp;&nbsp;&nbsp;Hardware_Init
</UL>

<P><STRONG><a name="[23]"></a>SystemInit</STRONG> (Thumb, 88 bytes, Stack size 0 bytes, system_stm32l0xx.o(i.SystemInit))
<BR>[Address Reference Count : 1]<UL><LI> startup_stm32l071xx.o(.text)
</UL>
<P><STRONG><a name="[8c]"></a>Write_IIC_Byte</STRONG> (Thumb, 70 bytes, Stack size 12 bytes, oled.o(i.Write_IIC_Byte))
<BR><BR>[Stack]<UL><LI>Max Depth = 12<LI>Call Chain = Write_IIC_Byte
</UL>
<BR>[Called By]<UL><LI><a href="#[86]">&gt;&gt;</a>&nbsp;&nbsp;&nbsp;Write_IIC_Data
<LI><a href="#[87]">&gt;&gt;</a>&nbsp;&nbsp;&nbsp;Write_IIC_Command
</UL>

<P><STRONG><a name="[87]"></a>Write_IIC_Command</STRONG> (Thumb, 44 bytes, Stack size 8 bytes, oled.o(i.Write_IIC_Command))
<BR><BR>[Stack]<UL><LI>Max Depth = 20<LI>Call Chain = Write_IIC_Command &rArr; Write_IIC_Byte
</UL>
<BR>[Calls]<UL><LI><a href="#[8c]">&gt;&gt;</a>&nbsp;&nbsp;&nbsp;Write_IIC_Byte
<LI><a href="#[8d]">&gt;&gt;</a>&nbsp;&nbsp;&nbsp;IIC_Wait_Ack
<LI><a href="#[8e]">&gt;&gt;</a>&nbsp;&nbsp;&nbsp;IIC_Stop
<LI><a href="#[8b]">&gt;&gt;</a>&nbsp;&nbsp;&nbsp;IIC_Start
</UL>
<BR>[Called By]<UL><LI><a href="#[81]">&gt;&gt;</a>&nbsp;&nbsp;&nbsp;OLED_WR_Byte
</UL>

<P><STRONG><a name="[86]"></a>Write_IIC_Data</STRONG> (Thumb, 44 bytes, Stack size 8 bytes, oled.o(i.Write_IIC_Data))
<BR><BR>[Stack]<UL><LI>Max Depth = 20<LI>Call Chain = Write_IIC_Data &rArr; Write_IIC_Byte
</UL>
<BR>[Calls]<UL><LI><a href="#[8c]">&gt;&gt;</a>&nbsp;&nbsp;&nbsp;Write_IIC_Byte
<LI><a href="#[8d]">&gt;&gt;</a>&nbsp;&nbsp;&nbsp;IIC_Wait_Ack
<LI><a href="#[8e]">&gt;&gt;</a>&nbsp;&nbsp;&nbsp;IIC_Stop
<LI><a href="#[8b]">&gt;&gt;</a>&nbsp;&nbsp;&nbsp;IIC_Start
</UL>
<BR>[Called By]<UL><LI><a href="#[81]">&gt;&gt;</a>&nbsp;&nbsp;&nbsp;OLED_WR_Byte
</UL>

<P><STRONG><a name="[8f]"></a>__0sprintf</STRONG> (Thumb, 36 bytes, Stack size 24 bytes, printfa.o(i.__0sprintf), UNUSED)
<BR><BR>[Calls]<UL><LI><a href="#[25]">&gt;&gt;</a>&nbsp;&nbsp;&nbsp;_sputc
<LI><a href="#[90]">&gt;&gt;</a>&nbsp;&nbsp;&nbsp;_printf_core
</UL>

<P><STRONG><a name="[dc]"></a>__1sprintf</STRONG> (Thumb, 0 bytes, Stack size 24 bytes, printfa.o(i.__0sprintf), UNUSED)

<P><STRONG><a name="[c7]"></a>__2sprintf</STRONG> (Thumb, 0 bytes, Stack size 24 bytes, printfa.o(i.__0sprintf))
<BR><BR>[Stack]<UL><LI>Max Depth = 24<LI>Call Chain = __2sprintf
</UL>
<BR>[Called By]<UL><LI><a href="#[22]">&gt;&gt;</a>&nbsp;&nbsp;&nbsp;main
</UL>

<P><STRONG><a name="[dd]"></a>__c89sprintf</STRONG> (Thumb, 0 bytes, Stack size 24 bytes, printfa.o(i.__0sprintf), UNUSED)

<P><STRONG><a name="[de]"></a>sprintf</STRONG> (Thumb, 0 bytes, Stack size 24 bytes, printfa.o(i.__0sprintf), UNUSED)

<P><STRONG><a name="[58]"></a>__ARM_clz</STRONG> (Thumb, 46 bytes, Stack size 0 bytes, depilogue.o(i.__ARM_clz))
<BR><BR>[Called By]<UL><LI><a href="#[4c]">&gt;&gt;</a>&nbsp;&nbsp;&nbsp;_double_epilogue
</UL>

<P><STRONG><a name="[bb]"></a>__ARM_common_ll_mulss</STRONG> (Thumb, 48 bytes, Stack size 24 bytes, sx127x_lora.o(i.__ARM_common_ll_mulss))
<BR><BR>[Stack]<UL><LI>Max Depth = 24<LI>Call Chain = __ARM_common_ll_mulss
</UL>
<BR>[Called By]<UL><LI><a href="#[b4]">&gt;&gt;</a>&nbsp;&nbsp;&nbsp;__sx127x_time_on_air_get
</UL>

<P><STRONG><a name="[bc]"></a>__ARM_common_ll_muluu</STRONG> (Thumb, 48 bytes, Stack size 24 bytes, sx127x_lora.o(i.__ARM_common_ll_muluu))
<BR><BR>[Stack]<UL><LI>Max Depth = 24<LI>Call Chain = __ARM_common_ll_muluu
</UL>
<BR>[Called By]<UL><LI><a href="#[b4]">&gt;&gt;</a>&nbsp;&nbsp;&nbsp;__sx127x_time_on_air_get
</UL>

<P><STRONG><a name="[9d]"></a>__ARM_common_switch8</STRONG> (Thumb, 28 bytes, Stack size 8 bytes, stm32l0xx_hal_irda.o(i.__ARM_common_switch8))
<BR><BR>[Stack]<UL><LI>Max Depth = 8<LI>Call Chain = __ARM_common_switch8
</UL>
<BR>[Called By]<UL><LI><a href="#[34]">&gt;&gt;</a>&nbsp;&nbsp;&nbsp;__sx127x_state_get
<LI><a href="#[ad]">&gt;&gt;</a>&nbsp;&nbsp;&nbsp;__sx127x_lora_rx_state_enter
<LI><a href="#[38]">&gt;&gt;</a>&nbsp;&nbsp;&nbsp;__sx127x_ioctl
</UL>

<P><STRONG><a name="[df]"></a>__scatterload_copy</STRONG> (Thumb, 14 bytes, Stack size unknown bytes, handlers.o(i.__scatterload_copy), UNUSED)

<P><STRONG><a name="[e0]"></a>__scatterload_null</STRONG> (Thumb, 2 bytes, Stack size unknown bytes, handlers.o(i.__scatterload_null), UNUSED)

<P><STRONG><a name="[e1]"></a>__scatterload_zeroinit</STRONG> (Thumb, 14 bytes, Stack size unknown bytes, handlers.o(i.__scatterload_zeroinit), UNUSED)

<P><STRONG><a name="[39]"></a>__sx127x_lora_dio0_irq_func</STRONG> (Thumb, 20 bytes, Stack size 0 bytes, sx127x_lora.o(i.__sx127x_lora_dio0_irq_func))
<BR>[Address Reference Count : 1]<UL><LI> sx127x_lora.o(.constdata)
</UL>
<P><STRONG><a name="[3a]"></a>__sx127x_lora_dio1_irq_func</STRONG> (Thumb, 82 bytes, Stack size 8 bytes, sx127x_lora.o(i.__sx127x_lora_dio1_irq_func))
<BR><BR>[Stack]<UL><LI>Max Depth = 104<LI>Call Chain = __sx127x_lora_dio1_irq_func &rArr; __sx127x_lora_set_op_mode &rArr; __sx127x_write_reg &rArr; __sx127x_write_buffer &rArr; __send_byte
</UL>
<BR>[Calls]<UL><LI><a href="#[93]">&gt;&gt;</a>&nbsp;&nbsp;&nbsp;__sx127x_write_reg
<LI><a href="#[9a]">&gt;&gt;</a>&nbsp;&nbsp;&nbsp;__sx127x_lora_set_op_mode
</UL>
<BR>[Address Reference Count : 1]<UL><LI> sx127x_lora.o(.constdata)
</UL>
<P><STRONG><a name="[3b]"></a>__sx127x_lora_dio2_irq_func</STRONG> (Thumb, 118 bytes, Stack size 16 bytes, sx127x_lora.o(i.__sx127x_lora_dio2_irq_func))
<BR><BR>[Stack]<UL><LI>Max Depth = 120<LI>Call Chain = __sx127x_lora_dio2_irq_func &rArr; __sx127x_lora_set_rf_frequency &rArr; __aeabi_ui2d &rArr; _double_epilogue &rArr; __aeabi_llsr
</UL>
<BR>[Calls]<UL><LI><a href="#[93]">&gt;&gt;</a>&nbsp;&nbsp;&nbsp;__sx127x_write_reg
<LI><a href="#[92]">&gt;&gt;</a>&nbsp;&nbsp;&nbsp;__sx127x_read_reg
<LI><a href="#[32]">&gt;&gt;</a>&nbsp;&nbsp;&nbsp;__sx127x_lora_set_rf_frequency
<LI><a href="#[6d]">&gt;&gt;</a>&nbsp;&nbsp;&nbsp;__aeabi_uidivmod
</UL>
<BR>[Address Reference Count : 1]<UL><LI> sx127x_lora.o(.constdata)
</UL>
<P><STRONG><a name="[2c]"></a>__sx127x_reset</STRONG> (Thumb, 52 bytes, Stack size 8 bytes, sx127x_lora.o(i.__sx127x_reset))
<BR><BR>[Stack]<UL><LI>Max Depth = 24<LI>Call Chain = __sx127x_reset &rArr; __delay_ms
</UL>
<BR>[Calls]<UL><LI><a href="#[b5]">&gt;&gt;</a>&nbsp;&nbsp;&nbsp;__delay_ms
</UL>
<BR>[Called By]<UL><LI><a href="#[c8]">&gt;&gt;</a>&nbsp;&nbsp;&nbsp;radio_sx127x_lora_init
</UL>
<BR>[Address Reference Count : 1]<UL><LI> sx127x_lora.o(.constdata)
</UL>
<P><STRONG><a name="[ac]"></a>crc16_ccitt</STRONG> (Thumb, 64 bytes, Stack size 16 bytes, sx127x_lora.o(i.crc16_ccitt))
<BR><BR>[Stack]<UL><LI>Max Depth = 16<LI>Call Chain = crc16_ccitt
</UL>
<BR>[Called By]<UL><LI><a href="#[36]">&gt;&gt;</a>&nbsp;&nbsp;&nbsp;__sx127x_lora_tx_data
<LI><a href="#[aa]">&gt;&gt;</a>&nbsp;&nbsp;&nbsp;__sx127x_lora_rx_data_read
</UL>

<P><STRONG><a name="[27]"></a>delay_ms</STRONG> (Thumb, 12 bytes, Stack size 8 bytes, timer.o(i.delay_ms))
<BR><BR>[Stack]<UL><LI>Max Depth = 24<LI>Call Chain = delay_ms &rArr; HAL_Delay
</UL>
<BR>[Calls]<UL><LI><a href="#[64]">&gt;&gt;</a>&nbsp;&nbsp;&nbsp;HAL_Delay
</UL>
<BR>[Address Reference Count : 1]<UL><LI> main.o(i.main)
</UL>
<P><STRONG><a name="[26]"></a>delay_us</STRONG> (Thumb, 12 bytes, Stack size 0 bytes, timer.o(i.delay_us))
<BR><BR>[Called By]<UL><LI><a href="#[2a]">&gt;&gt;</a>&nbsp;&nbsp;&nbsp;spi_send_byte
<LI><a href="#[2b]">&gt;&gt;</a>&nbsp;&nbsp;&nbsp;spi_recv_byte
</UL>
<BR>[Address Reference Count : 1]<UL><LI> main.o(i.main)
</UL>
<P><STRONG><a name="[22]"></a>main</STRONG> (Thumb, 208 bytes, Stack size 32 bytes, main.o(i.main))
<BR><BR>[Stack]<UL><LI>Max Depth = 280<LI>Call Chain = main &rArr; radio_zm4xx_inst_init &rArr; radio_sx127x_lora_init &rArr; __rx_chain_calibration &rArr; __aeabi_dmul &rArr; _double_epilogue &rArr; __aeabi_llsr
</UL>
<BR>[Calls]<UL><LI><a href="#[5c]">&gt;&gt;</a>&nbsp;&nbsp;&nbsp;HAL_GPIO_WritePin
<LI><a href="#[c1]">&gt;&gt;</a>&nbsp;&nbsp;&nbsp;radio_zm4xx_inst_init
<LI><a href="#[c3]">&gt;&gt;</a>&nbsp;&nbsp;&nbsp;radio_mode_set
<LI><a href="#[c2]">&gt;&gt;</a>&nbsp;&nbsp;&nbsp;radio_freq_set
<LI><a href="#[c5]">&gt;&gt;</a>&nbsp;&nbsp;&nbsp;radio_buf_send
<LI><a href="#[c6]">&gt;&gt;</a>&nbsp;&nbsp;&nbsp;radio_buf_recv
<LI><a href="#[c4]">&gt;&gt;</a>&nbsp;&nbsp;&nbsp;__aeabi_f2uiz
<LI><a href="#[85]">&gt;&gt;</a>&nbsp;&nbsp;&nbsp;OLED_ShowString
<LI><a href="#[5f]">&gt;&gt;</a>&nbsp;&nbsp;&nbsp;Get_Temperature
<LI><a href="#[74]">&gt;&gt;</a>&nbsp;&nbsp;&nbsp;Hardware_Init
<LI><a href="#[c7]">&gt;&gt;</a>&nbsp;&nbsp;&nbsp;__2sprintf
</UL>
<BR>[Address Reference Count : 1]<UL><LI> entry9a.o(.ARM.Collect$$$$0000000B)
</UL>
<P><STRONG><a name="[c6]"></a>radio_buf_recv</STRONG> (Thumb, 40 bytes, Stack size 16 bytes, sx127x_lora.o(i.radio_buf_recv))
<BR><BR>[Stack]<UL><LI>Max Depth = 16<LI>Call Chain = radio_buf_recv
</UL>
<BR>[Called By]<UL><LI><a href="#[22]">&gt;&gt;</a>&nbsp;&nbsp;&nbsp;main
</UL>

<P><STRONG><a name="[c5]"></a>radio_buf_send</STRONG> (Thumb, 36 bytes, Stack size 16 bytes, sx127x_lora.o(i.radio_buf_send))
<BR><BR>[Stack]<UL><LI>Max Depth = 16<LI>Call Chain = radio_buf_send
</UL>
<BR>[Called By]<UL><LI><a href="#[22]">&gt;&gt;</a>&nbsp;&nbsp;&nbsp;main
</UL>

<P><STRONG><a name="[c2]"></a>radio_freq_set</STRONG> (Thumb, 26 bytes, Stack size 16 bytes, sx127x_lora.o(i.radio_freq_set))
<BR><BR>[Stack]<UL><LI>Max Depth = 16<LI>Call Chain = radio_freq_set
</UL>
<BR>[Called By]<UL><LI><a href="#[22]">&gt;&gt;</a>&nbsp;&nbsp;&nbsp;main
</UL>

<P><STRONG><a name="[c3]"></a>radio_mode_set</STRONG> (Thumb, 26 bytes, Stack size 16 bytes, sx127x_lora.o(i.radio_mode_set))
<BR><BR>[Stack]<UL><LI>Max Depth = 16<LI>Call Chain = radio_mode_set
</UL>
<BR>[Called By]<UL><LI><a href="#[22]">&gt;&gt;</a>&nbsp;&nbsp;&nbsp;main
</UL>

<P><STRONG><a name="[c8]"></a>radio_sx127x_lora_init</STRONG> (Thumb, 106 bytes, Stack size 40 bytes, sx127x_lora.o(i.radio_sx127x_lora_init))
<BR><BR>[Stack]<UL><LI>Max Depth = 224<LI>Call Chain = radio_sx127x_lora_init &rArr; __rx_chain_calibration &rArr; __aeabi_dmul &rArr; _double_epilogue &rArr; __aeabi_llsr
</UL>
<BR>[Calls]<UL><LI><a href="#[ba]">&gt;&gt;</a>&nbsp;&nbsp;&nbsp;__sx127x_set_lora_on
<LI><a href="#[9a]">&gt;&gt;</a>&nbsp;&nbsp;&nbsp;__sx127x_lora_set_op_mode
<LI><a href="#[a4]">&gt;&gt;</a>&nbsp;&nbsp;&nbsp;__sx127x_lora_init
<LI><a href="#[96]">&gt;&gt;</a>&nbsp;&nbsp;&nbsp;__rx_chain_calibration
<LI><a href="#[2c]">&gt;&gt;</a>&nbsp;&nbsp;&nbsp;__sx127x_reset
<LI><a href="#[c9]">&gt;&gt;</a>&nbsp;&nbsp;&nbsp;spi_check
</UL>
<BR>[Called By]<UL><LI><a href="#[c1]">&gt;&gt;</a>&nbsp;&nbsp;&nbsp;radio_zm4xx_inst_init
</UL>

<P><STRONG><a name="[c1]"></a>radio_zm4xx_inst_init</STRONG> (Thumb, 60 bytes, Stack size 24 bytes, sx127x_lora.o(i.radio_zm4xx_inst_init))
<BR><BR>[Stack]<UL><LI>Max Depth = 248<LI>Call Chain = radio_zm4xx_inst_init &rArr; radio_sx127x_lora_init &rArr; __rx_chain_calibration &rArr; __aeabi_dmul &rArr; _double_epilogue &rArr; __aeabi_llsr
</UL>
<BR>[Calls]<UL><LI><a href="#[c8]">&gt;&gt;</a>&nbsp;&nbsp;&nbsp;radio_sx127x_lora_init
</UL>
<BR>[Called By]<UL><LI><a href="#[22]">&gt;&gt;</a>&nbsp;&nbsp;&nbsp;main
</UL>

<P><STRONG><a name="[77]"></a>spi_init</STRONG> (Thumb, 138 bytes, Stack size 32 bytes, spi.o(i.spi_init))
<BR><BR>[Stack]<UL><LI>Max Depth = 48<LI>Call Chain = spi_init &rArr; HAL_GPIO_Init
</UL>
<BR>[Calls]<UL><LI><a href="#[5c]">&gt;&gt;</a>&nbsp;&nbsp;&nbsp;HAL_GPIO_WritePin
<LI><a href="#[5d]">&gt;&gt;</a>&nbsp;&nbsp;&nbsp;HAL_GPIO_Init
</UL>
<BR>[Called By]<UL><LI><a href="#[74]">&gt;&gt;</a>&nbsp;&nbsp;&nbsp;Hardware_Init
</UL>

<P><STRONG><a name="[2b]"></a>spi_recv_byte</STRONG> (Thumb, 94 bytes, Stack size 16 bytes, spi.o(i.spi_recv_byte))
<BR><BR>[Stack]<UL><LI>Max Depth = 16<LI>Call Chain = spi_recv_byte
</UL>
<BR>[Calls]<UL><LI><a href="#[88]">&gt;&gt;</a>&nbsp;&nbsp;&nbsp;HAL_GPIO_ReadPin
<LI><a href="#[26]">&gt;&gt;</a>&nbsp;&nbsp;&nbsp;delay_us
</UL>
<BR>[Address Reference Count : 1]<UL><LI> main.o(i.main)
</UL>
<P><STRONG><a name="[2a]"></a>spi_send_byte</STRONG> (Thumb, 106 bytes, Stack size 16 bytes, spi.o(i.spi_send_byte))
<BR><BR>[Stack]<UL><LI>Max Depth = 16<LI>Call Chain = spi_send_byte
</UL>
<BR>[Calls]<UL><LI><a href="#[26]">&gt;&gt;</a>&nbsp;&nbsp;&nbsp;delay_us
</UL>
<BR>[Address Reference Count : 1]<UL><LI> main.o(i.main)
</UL>
<P><STRONG><a name="[76]"></a>zm4xx_pin_init</STRONG> (Thumb, 86 bytes, Stack size 32 bytes, zm4xx_gpio.o(i.zm4xx_pin_init))
<BR><BR>[Stack]<UL><LI>Max Depth = 48<LI>Call Chain = zm4xx_pin_init &rArr; HAL_GPIO_Init
</UL>
<BR>[Calls]<UL><LI><a href="#[5c]">&gt;&gt;</a>&nbsp;&nbsp;&nbsp;HAL_GPIO_WritePin
<LI><a href="#[5d]">&gt;&gt;</a>&nbsp;&nbsp;&nbsp;HAL_GPIO_Init
</UL>
<BR>[Called By]<UL><LI><a href="#[74]">&gt;&gt;</a>&nbsp;&nbsp;&nbsp;Hardware_Init
</UL>

<P><STRONG><a name="[29]"></a>zm4xx_rst_pin_set</STRONG> (Thumb, 28 bytes, Stack size 0 bytes, zm4xx_gpio.o(i.zm4xx_rst_pin_set))
<BR>[Address Reference Count : 1]<UL><LI> main.o(i.main)
</UL>
<P><STRONG><a name="[28]"></a>zm4xx_sel_pin_set</STRONG> (Thumb, 24 bytes, Stack size 0 bytes, zm4xx_gpio.o(i.zm4xx_sel_pin_set))
<BR>[Address Reference Count : 1]<UL><LI> main.o(i.main)
</UL><P>
<H3>
Local Symbols
</H3>
<P><STRONG><a name="[70]"></a>NVIC_SetPriority</STRONG> (Thumb, 110 bytes, Stack size 8 bytes, stm32l0xx_hal_cortex.o(i.NVIC_SetPriority))
<BR><BR>[Stack]<UL><LI>Max Depth = 8<LI>Call Chain = NVIC_SetPriority
</UL>
<BR>[Called By]<UL><LI><a href="#[6e]">&gt;&gt;</a>&nbsp;&nbsp;&nbsp;HAL_SYSTICK_Config
<LI><a href="#[6f]">&gt;&gt;</a>&nbsp;&nbsp;&nbsp;HAL_NVIC_SetPriority
</UL>

<P><STRONG><a name="[91]"></a>__cad_detect_state_get</STRONG> (Thumb, 40 bytes, Stack size 16 bytes, sx127x_lora.o(i.__cad_detect_state_get))
<BR><BR>[Stack]<UL><LI>Max Depth = 96<LI>Call Chain = __cad_detect_state_get &rArr; __sx127x_write_reg &rArr; __sx127x_write_buffer &rArr; __send_byte
</UL>
<BR>[Calls]<UL><LI><a href="#[93]">&gt;&gt;</a>&nbsp;&nbsp;&nbsp;__sx127x_write_reg
<LI><a href="#[92]">&gt;&gt;</a>&nbsp;&nbsp;&nbsp;__sx127x_read_reg
</UL>
<BR>[Called By]<UL><LI><a href="#[99]">&gt;&gt;</a>&nbsp;&nbsp;&nbsp;__sx127x_cad_start
</UL>

<P><STRONG><a name="[40]"></a>__cad_done_call_func</STRONG> (Thumb, 2 bytes, Stack size 0 bytes, sx127x_lora.o(i.__cad_done_call_func))
<BR>[Address Reference Count : 1]<UL><LI> sx127x_lora.o(.data)
</UL>
<P><STRONG><a name="[b5]"></a>__delay_ms</STRONG> (Thumb, 16 bytes, Stack size 16 bytes, sx127x_lora.o(i.__delay_ms))
<BR><BR>[Stack]<UL><LI>Max Depth = 16<LI>Call Chain = __delay_ms
</UL>
<BR>[Called By]<UL><LI><a href="#[36]">&gt;&gt;</a>&nbsp;&nbsp;&nbsp;__sx127x_lora_tx_data
<LI><a href="#[2c]">&gt;&gt;</a>&nbsp;&nbsp;&nbsp;__sx127x_reset
</UL>

<P><STRONG><a name="[b2]"></a>__delay_us</STRONG> (Thumb, 16 bytes, Stack size 16 bytes, sx127x_lora.o(i.__delay_us))
<BR><BR>[Stack]<UL><LI>Max Depth = 16<LI>Call Chain = __delay_us
</UL>
<BR>[Called By]<UL><LI><a href="#[36]">&gt;&gt;</a>&nbsp;&nbsp;&nbsp;__sx127x_lora_tx_data
</UL>

<P><STRONG><a name="[3f]"></a>__fhss_change_channel_call_func</STRONG> (Thumb, 2 bytes, Stack size 0 bytes, sx127x_lora.o(i.__fhss_change_channel_call_func))
<BR>[Address Reference Count : 1]<UL><LI> sx127x_lora.o(.data)
</UL>
<P><STRONG><a name="[94]"></a>__get_lora_pkt_rssi</STRONG> (Thumb, 100 bytes, Stack size 16 bytes, sx127x_lora.o(i.__get_lora_pkt_rssi))
<BR><BR>[Stack]<UL><LI>Max Depth = 88<LI>Call Chain = __get_lora_pkt_rssi &rArr; __sx127x_read_reg &rArr; __sx127x_read_buffer &rArr; __send_byte
</UL>
<BR>[Calls]<UL><LI><a href="#[92]">&gt;&gt;</a>&nbsp;&nbsp;&nbsp;__sx127x_read_reg
</UL>
<BR>[Called By]<UL><LI><a href="#[aa]">&gt;&gt;</a>&nbsp;&nbsp;&nbsp;__sx127x_lora_rx_data_read
</UL>

<P><STRONG><a name="[95]"></a>__get_lora_pkt_snr</STRONG> (Thumb, 42 bytes, Stack size 16 bytes, sx127x_lora.o(i.__get_lora_pkt_snr))
<BR><BR>[Stack]<UL><LI>Max Depth = 88<LI>Call Chain = __get_lora_pkt_snr &rArr; __sx127x_read_reg &rArr; __sx127x_read_buffer &rArr; __send_byte
</UL>
<BR>[Calls]<UL><LI><a href="#[92]">&gt;&gt;</a>&nbsp;&nbsp;&nbsp;__sx127x_read_reg
</UL>
<BR>[Called By]<UL><LI><a href="#[aa]">&gt;&gt;</a>&nbsp;&nbsp;&nbsp;__sx127x_lora_rx_data_read
</UL>

<P><STRONG><a name="[b9]"></a>__recv_byte</STRONG> (Thumb, 12 bytes, Stack size 8 bytes, sx127x_lora.o(i.__recv_byte))
<BR><BR>[Stack]<UL><LI>Max Depth = 8<LI>Call Chain = __recv_byte
</UL>
<BR>[Called By]<UL><LI><a href="#[a3]">&gt;&gt;</a>&nbsp;&nbsp;&nbsp;__sx127x_read_buffer
</UL>

<P><STRONG><a name="[96]"></a>__rx_chain_calibration</STRONG> (Thumb, 274 bytes, Stack size 56 bytes, sx127x_lora.o(i.__rx_chain_calibration))
<BR><BR>[Stack]<UL><LI>Max Depth = 184<LI>Call Chain = __rx_chain_calibration &rArr; __aeabi_dmul &rArr; _double_epilogue &rArr; __aeabi_llsr
</UL>
<BR>[Calls]<UL><LI><a href="#[93]">&gt;&gt;</a>&nbsp;&nbsp;&nbsp;__sx127x_write_reg
<LI><a href="#[97]">&gt;&gt;</a>&nbsp;&nbsp;&nbsp;__sx127x_write_buffer
<LI><a href="#[92]">&gt;&gt;</a>&nbsp;&nbsp;&nbsp;__sx127x_read_reg
<LI><a href="#[50]">&gt;&gt;</a>&nbsp;&nbsp;&nbsp;__aeabi_dmul
<LI><a href="#[51]">&gt;&gt;</a>&nbsp;&nbsp;&nbsp;__aeabi_ddiv
<LI><a href="#[55]">&gt;&gt;</a>&nbsp;&nbsp;&nbsp;__aeabi_d2uiz
<LI><a href="#[54]">&gt;&gt;</a>&nbsp;&nbsp;&nbsp;__aeabi_ui2d
</UL>
<BR>[Called By]<UL><LI><a href="#[c8]">&gt;&gt;</a>&nbsp;&nbsp;&nbsp;radio_sx127x_lora_init
</UL>

<P><STRONG><a name="[3e]"></a>__rx_crc_err_call_func</STRONG> (Thumb, 2 bytes, Stack size 0 bytes, sx127x_lora.o(i.__rx_crc_err_call_func))
<BR>[Address Reference Count : 1]<UL><LI> sx127x_lora.o(.data)
</UL>
<P><STRONG><a name="[3c]"></a>__rx_done_call_func</STRONG> (Thumb, 2 bytes, Stack size 0 bytes, sx127x_lora.o(i.__rx_done_call_func))
<BR>[Address Reference Count : 1]<UL><LI> sx127x_lora.o(.data)
</UL>
<P><STRONG><a name="[3d]"></a>__rx_timeout_call_func</STRONG> (Thumb, 2 bytes, Stack size 0 bytes, sx127x_lora.o(i.__rx_timeout_call_func))
<BR>[Address Reference Count : 1]<UL><LI> sx127x_lora.o(.data)
</UL>
<P><STRONG><a name="[b8]"></a>__send_byte</STRONG> (Thumb, 16 bytes, Stack size 16 bytes, sx127x_lora.o(i.__send_byte))
<BR><BR>[Stack]<UL><LI>Max Depth = 16<LI>Call Chain = __send_byte
</UL>
<BR>[Called By]<UL><LI><a href="#[97]">&gt;&gt;</a>&nbsp;&nbsp;&nbsp;__sx127x_write_buffer
<LI><a href="#[a3]">&gt;&gt;</a>&nbsp;&nbsp;&nbsp;__sx127x_read_buffer
</UL>

<P><STRONG><a name="[98]"></a>__sx127x_bw_sensitivity_optimization</STRONG> (Thumb, 82 bytes, Stack size 16 bytes, sx127x_lora.o(i.__sx127x_bw_sensitivity_optimization))
<BR><BR>[Stack]<UL><LI>Max Depth = 96<LI>Call Chain = __sx127x_bw_sensitivity_optimization &rArr; __sx127x_write_reg &rArr; __sx127x_write_buffer &rArr; __send_byte
</UL>
<BR>[Calls]<UL><LI><a href="#[93]">&gt;&gt;</a>&nbsp;&nbsp;&nbsp;__sx127x_write_reg
</UL>
<BR>[Called By]<UL><LI><a href="#[ad]">&gt;&gt;</a>&nbsp;&nbsp;&nbsp;__sx127x_lora_rx_state_enter
</UL>

<P><STRONG><a name="[99]"></a>__sx127x_cad_start</STRONG> (Thumb, 242 bytes, Stack size 24 bytes, sx127x_lora.o(i.__sx127x_cad_start))
<BR><BR>[Stack]<UL><LI>Max Depth = 128<LI>Call Chain = __sx127x_cad_start &rArr; __sx127x_lora_set_rf_frequency &rArr; __aeabi_ui2d &rArr; _double_epilogue &rArr; __aeabi_llsr
</UL>
<BR>[Calls]<UL><LI><a href="#[93]">&gt;&gt;</a>&nbsp;&nbsp;&nbsp;__sx127x_write_reg
<LI><a href="#[92]">&gt;&gt;</a>&nbsp;&nbsp;&nbsp;__sx127x_read_reg
<LI><a href="#[32]">&gt;&gt;</a>&nbsp;&nbsp;&nbsp;__sx127x_lora_set_rf_frequency
<LI><a href="#[9a]">&gt;&gt;</a>&nbsp;&nbsp;&nbsp;__sx127x_lora_set_op_mode
<LI><a href="#[91]">&gt;&gt;</a>&nbsp;&nbsp;&nbsp;__cad_detect_state_get
<LI><a href="#[6d]">&gt;&gt;</a>&nbsp;&nbsp;&nbsp;__aeabi_uidivmod
</UL>
<BR>[Called By]<UL><LI><a href="#[38]">&gt;&gt;</a>&nbsp;&nbsp;&nbsp;__sx127x_ioctl
</UL>

<P><STRONG><a name="[9b]"></a>__sx127x_detect_optimize_set</STRONG> (Thumb, 34 bytes, Stack size 16 bytes, sx127x_lora.o(i.__sx127x_detect_optimize_set))
<BR><BR>[Stack]<UL><LI>Max Depth = 96<LI>Call Chain = __sx127x_detect_optimize_set &rArr; __sx127x_write_reg &rArr; __sx127x_write_buffer &rArr; __send_byte
</UL>
<BR>[Calls]<UL><LI><a href="#[93]">&gt;&gt;</a>&nbsp;&nbsp;&nbsp;__sx127x_write_reg
<LI><a href="#[92]">&gt;&gt;</a>&nbsp;&nbsp;&nbsp;__sx127x_read_reg
</UL>
<BR>[Called By]<UL><LI><a href="#[9f]">&gt;&gt;</a>&nbsp;&nbsp;&nbsp;__sx127x_lora_set_spreading_factor
</UL>

<P><STRONG><a name="[9c]"></a>__sx127x_detect_threshold_set</STRONG> (Thumb, 18 bytes, Stack size 16 bytes, sx127x_lora.o(i.__sx127x_detect_threshold_set))
<BR><BR>[Stack]<UL><LI>Max Depth = 96<LI>Call Chain = __sx127x_detect_threshold_set &rArr; __sx127x_write_reg &rArr; __sx127x_write_buffer &rArr; __send_byte
</UL>
<BR>[Calls]<UL><LI><a href="#[93]">&gt;&gt;</a>&nbsp;&nbsp;&nbsp;__sx127x_write_reg
</UL>
<BR>[Called By]<UL><LI><a href="#[9f]">&gt;&gt;</a>&nbsp;&nbsp;&nbsp;__sx127x_lora_set_spreading_factor
</UL>

<P><STRONG><a name="[38]"></a>__sx127x_ioctl</STRONG> (Thumb, 128 bytes, Stack size 24 bytes, sx127x_lora.o(i.__sx127x_ioctl))
<BR><BR>[Stack]<UL><LI>Max Depth = 152<LI>Call Chain = __sx127x_ioctl &rArr; __sx127x_cad_start &rArr; __sx127x_lora_set_rf_frequency &rArr; __aeabi_ui2d &rArr; _double_epilogue &rArr; __aeabi_llsr
</UL>
<BR>[Calls]<UL><LI><a href="#[9d]">&gt;&gt;</a>&nbsp;&nbsp;&nbsp;__ARM_common_switch8
<LI><a href="#[a2]">&gt;&gt;</a>&nbsp;&nbsp;&nbsp;__sx127x_sync_word_set
<LI><a href="#[9f]">&gt;&gt;</a>&nbsp;&nbsp;&nbsp;__sx127x_lora_set_spreading_factor
<LI><a href="#[9e]">&gt;&gt;</a>&nbsp;&nbsp;&nbsp;__sx127x_lora_set_signal_bandwidth
<LI><a href="#[a1]">&gt;&gt;</a>&nbsp;&nbsp;&nbsp;__sx127x_lora_set_packet_crc_on
<LI><a href="#[a0]">&gt;&gt;</a>&nbsp;&nbsp;&nbsp;__sx127x_lora_set_error_coding
<LI><a href="#[99]">&gt;&gt;</a>&nbsp;&nbsp;&nbsp;__sx127x_cad_start
</UL>
<BR>[Address Reference Count : 1]<UL><LI> sx127x_lora.o(.constdata)
</UL>
<P><STRONG><a name="[30]"></a>__sx127x_lora_get_preamble_length</STRONG> (Thumb, 34 bytes, Stack size 16 bytes, sx127x_lora.o(i.__sx127x_lora_get_preamble_length))
<BR><BR>[Stack]<UL><LI>Max Depth = 72<LI>Call Chain = __sx127x_lora_get_preamble_length &rArr; __sx127x_read_buffer &rArr; __send_byte
</UL>
<BR>[Calls]<UL><LI><a href="#[a3]">&gt;&gt;</a>&nbsp;&nbsp;&nbsp;__sx127x_read_buffer
</UL>
<BR>[Address Reference Count : 1]<UL><LI> sx127x_lora.o(.constdata)
</UL>
<P><STRONG><a name="[a4]"></a>__sx127x_lora_init</STRONG> (Thumb, 164 bytes, Stack size 8 bytes, sx127x_lora.o(i.__sx127x_lora_init))
<BR><BR>[Stack]<UL><LI>Max Depth = 136<LI>Call Chain = __sx127x_lora_init &rArr; __sx127x_lora_set_rf_power &rArr; __sx127x_lora_set_pa_20dbm &rArr; __sx127x_write_reg &rArr; __sx127x_write_buffer &rArr; __send_byte
</UL>
<BR>[Calls]<UL><LI><a href="#[93]">&gt;&gt;</a>&nbsp;&nbsp;&nbsp;__sx127x_write_reg
<LI><a href="#[a6]">&gt;&gt;</a>&nbsp;&nbsp;&nbsp;__sx127x_lora_set_symb_timeout
<LI><a href="#[9f]">&gt;&gt;</a>&nbsp;&nbsp;&nbsp;__sx127x_lora_set_spreading_factor
<LI><a href="#[9e]">&gt;&gt;</a>&nbsp;&nbsp;&nbsp;__sx127x_lora_set_signal_bandwidth
<LI><a href="#[a9]">&gt;&gt;</a>&nbsp;&nbsp;&nbsp;__sx127x_lora_set_rf_power
<LI><a href="#[32]">&gt;&gt;</a>&nbsp;&nbsp;&nbsp;__sx127x_lora_set_rf_frequency
<LI><a href="#[2f]">&gt;&gt;</a>&nbsp;&nbsp;&nbsp;__sx127x_lora_set_preamble_length
<LI><a href="#[a7]">&gt;&gt;</a>&nbsp;&nbsp;&nbsp;__sx127x_lora_set_payload_length
<LI><a href="#[a1]">&gt;&gt;</a>&nbsp;&nbsp;&nbsp;__sx127x_lora_set_packet_crc_on
<LI><a href="#[a8]">&gt;&gt;</a>&nbsp;&nbsp;&nbsp;__sx127x_lora_set_pa_output
<LI><a href="#[9a]">&gt;&gt;</a>&nbsp;&nbsp;&nbsp;__sx127x_lora_set_op_mode
<LI><a href="#[a5]">&gt;&gt;</a>&nbsp;&nbsp;&nbsp;__sx127x_lora_set_implicit_header_on
<LI><a href="#[a0]">&gt;&gt;</a>&nbsp;&nbsp;&nbsp;__sx127x_lora_set_error_coding
</UL>
<BR>[Called By]<UL><LI><a href="#[c8]">&gt;&gt;</a>&nbsp;&nbsp;&nbsp;radio_sx127x_lora_init
</UL>

<P><STRONG><a name="[35]"></a>__sx127x_lora_read_cur_rssi</STRONG> (Thumb, 46 bytes, Stack size 16 bytes, sx127x_lora.o(i.__sx127x_lora_read_cur_rssi))
<BR><BR>[Stack]<UL><LI>Max Depth = 88<LI>Call Chain = __sx127x_lora_read_cur_rssi &rArr; __sx127x_read_reg &rArr; __sx127x_read_buffer &rArr; __send_byte
</UL>
<BR>[Calls]<UL><LI><a href="#[92]">&gt;&gt;</a>&nbsp;&nbsp;&nbsp;__sx127x_read_reg
</UL>
<BR>[Address Reference Count : 1]<UL><LI> sx127x_lora.o(.constdata)
</UL>
<P><STRONG><a name="[aa]"></a>__sx127x_lora_rx_data_read</STRONG> (Thumb, 418 bytes, Stack size 40 bytes, sx127x_lora.o(i.__sx127x_lora_rx_data_read))
<BR><BR>[Stack]<UL><LI>Max Depth = 128<LI>Call Chain = __sx127x_lora_rx_data_read &rArr; __get_lora_pkt_snr &rArr; __sx127x_read_reg &rArr; __sx127x_read_buffer &rArr; __send_byte
</UL>
<BR>[Calls]<UL><LI><a href="#[93]">&gt;&gt;</a>&nbsp;&nbsp;&nbsp;__sx127x_write_reg
<LI><a href="#[92]">&gt;&gt;</a>&nbsp;&nbsp;&nbsp;__sx127x_read_reg
<LI><a href="#[ab]">&gt;&gt;</a>&nbsp;&nbsp;&nbsp;__sx127x_read_fifo
<LI><a href="#[95]">&gt;&gt;</a>&nbsp;&nbsp;&nbsp;__get_lora_pkt_snr
<LI><a href="#[94]">&gt;&gt;</a>&nbsp;&nbsp;&nbsp;__get_lora_pkt_rssi
<LI><a href="#[ac]">&gt;&gt;</a>&nbsp;&nbsp;&nbsp;crc16_ccitt
</UL>
<BR>[Called By]<UL><LI><a href="#[37]">&gt;&gt;</a>&nbsp;&nbsp;&nbsp;__sx127x_pkt_buf_read
</UL>

<P><STRONG><a name="[ad]"></a>__sx127x_lora_rx_state_enter</STRONG> (Thumb, 854 bytes, Stack size 48 bytes, sx127x_lora.o(i.__sx127x_lora_rx_state_enter))
<BR><BR>[Stack]<UL><LI>Max Depth = 152<LI>Call Chain = __sx127x_lora_rx_state_enter &rArr; __sx127x_lora_set_rf_frequency &rArr; __aeabi_ui2d &rArr; _double_epilogue &rArr; __aeabi_llsr
</UL>
<BR>[Calls]<UL><LI><a href="#[9d]">&gt;&gt;</a>&nbsp;&nbsp;&nbsp;__ARM_common_switch8
<LI><a href="#[93]">&gt;&gt;</a>&nbsp;&nbsp;&nbsp;__sx127x_write_reg
<LI><a href="#[ae]">&gt;&gt;</a>&nbsp;&nbsp;&nbsp;__sx127x_rx_invert_iq_set
<LI><a href="#[92]">&gt;&gt;</a>&nbsp;&nbsp;&nbsp;__sx127x_read_reg
<LI><a href="#[32]">&gt;&gt;</a>&nbsp;&nbsp;&nbsp;__sx127x_lora_set_rf_frequency
<LI><a href="#[a7]">&gt;&gt;</a>&nbsp;&nbsp;&nbsp;__sx127x_lora_set_payload_length
<LI><a href="#[9a]">&gt;&gt;</a>&nbsp;&nbsp;&nbsp;__sx127x_lora_set_op_mode
<LI><a href="#[af]">&gt;&gt;</a>&nbsp;&nbsp;&nbsp;__sx127x_lora_set_low_datarate_optimize
<LI><a href="#[98]">&gt;&gt;</a>&nbsp;&nbsp;&nbsp;__sx127x_bw_sensitivity_optimization
<LI><a href="#[4a]">&gt;&gt;</a>&nbsp;&nbsp;&nbsp;__aeabi_dadd
<LI><a href="#[55]">&gt;&gt;</a>&nbsp;&nbsp;&nbsp;__aeabi_d2uiz
<LI><a href="#[6d]">&gt;&gt;</a>&nbsp;&nbsp;&nbsp;__aeabi_uidivmod
<LI><a href="#[54]">&gt;&gt;</a>&nbsp;&nbsp;&nbsp;__aeabi_ui2d
</UL>
<BR>[Called By]<UL><LI><a href="#[33]">&gt;&gt;</a>&nbsp;&nbsp;&nbsp;__sx127x_mode_set
</UL>

<P><STRONG><a name="[a0]"></a>__sx127x_lora_set_error_coding</STRONG> (Thumb, 46 bytes, Stack size 16 bytes, sx127x_lora.o(i.__sx127x_lora_set_error_coding))
<BR><BR>[Stack]<UL><LI>Max Depth = 96<LI>Call Chain = __sx127x_lora_set_error_coding &rArr; __sx127x_write_reg &rArr; __sx127x_write_buffer &rArr; __send_byte
</UL>
<BR>[Calls]<UL><LI><a href="#[93]">&gt;&gt;</a>&nbsp;&nbsp;&nbsp;__sx127x_write_reg
<LI><a href="#[92]">&gt;&gt;</a>&nbsp;&nbsp;&nbsp;__sx127x_read_reg
</UL>
<BR>[Called By]<UL><LI><a href="#[a4]">&gt;&gt;</a>&nbsp;&nbsp;&nbsp;__sx127x_lora_init
<LI><a href="#[38]">&gt;&gt;</a>&nbsp;&nbsp;&nbsp;__sx127x_ioctl
</UL>

<P><STRONG><a name="[a5]"></a>__sx127x_lora_set_implicit_header_on</STRONG> (Thumb, 44 bytes, Stack size 16 bytes, sx127x_lora.o(i.__sx127x_lora_set_implicit_header_on))
<BR><BR>[Stack]<UL><LI>Max Depth = 96<LI>Call Chain = __sx127x_lora_set_implicit_header_on &rArr; __sx127x_write_reg &rArr; __sx127x_write_buffer &rArr; __send_byte
</UL>
<BR>[Calls]<UL><LI><a href="#[93]">&gt;&gt;</a>&nbsp;&nbsp;&nbsp;__sx127x_write_reg
<LI><a href="#[92]">&gt;&gt;</a>&nbsp;&nbsp;&nbsp;__sx127x_read_reg
</UL>
<BR>[Called By]<UL><LI><a href="#[a4]">&gt;&gt;</a>&nbsp;&nbsp;&nbsp;__sx127x_lora_init
</UL>

<P><STRONG><a name="[af]"></a>__sx127x_lora_set_low_datarate_optimize</STRONG> (Thumb, 40 bytes, Stack size 16 bytes, sx127x_lora.o(i.__sx127x_lora_set_low_datarate_optimize))
<BR><BR>[Stack]<UL><LI>Max Depth = 96<LI>Call Chain = __sx127x_lora_set_low_datarate_optimize &rArr; __sx127x_write_reg &rArr; __sx127x_write_buffer &rArr; __send_byte
</UL>
<BR>[Calls]<UL><LI><a href="#[93]">&gt;&gt;</a>&nbsp;&nbsp;&nbsp;__sx127x_write_reg
<LI><a href="#[92]">&gt;&gt;</a>&nbsp;&nbsp;&nbsp;__sx127x_read_reg
</UL>
[...]
</UL>
<BR>[Calls]<UL><LI><a href="#[93]">&gt;&gt;</a>&nbsp;&nbsp;&nbsp;__sx127x_write_reg
<LI><a href="#[92]">&gt;&gt;</a>&nbsp;&nbsp;&nbsp;__sx127x_read_reg
</UL>
<BR>[Called By]<UL><LI><a href="#[a4]">&gt;&gt;</a>&nbsp;&nbsp;&nbsp;__sx127x_lora_init
<LI><a href="#[38]">&gt;&gt;</a>&nbsp;&nbsp;&nbsp;__sx127x_ioctl
</UL>

<P><STRONG><a name="[9f]"></a>__sx127x_lora_set_spreading_factor</STRONG> (Thumb, 96 bytes, Stack size 16 bytes, sx127x_lora.o(i.__sx127x_lora_set_spreading_factor))
<BR><BR>[Stack]<UL><LI>Max Depth = 112<LI>Call Chain = __sx127x_lora_set_spreading_factor &rArr; __sx127x_detect_threshold_set &rArr; __sx127x_write_reg &rArr; __sx127x_write_buffer &rArr; __send_byte
</UL>
<BR>[Calls]<UL><LI><a href="#[93]">&gt;&gt;</a>&nbsp;&nbsp;&nbsp;__sx127x_write_reg
<LI><a href="#[92]">&gt;&gt;</a>&nbsp;&nbsp;&nbsp;__sx127x_read_reg
<LI><a href="#[9c]">&gt;&gt;</a>&nbsp;&nbsp;&nbsp;__sx127x_detect_threshold_set
<LI><a href="#[9b]">&gt;&gt;</a>&nbsp;&nbsp;&nbsp;__sx127x_detect_optimize_set
</UL>
<BR>[Called By]<UL><LI><a href="#[a4]">&gt;&gt;</a>&nbsp;&nbsp;&nbsp;__sx127x_lora_init
<LI><a href="#[38]">&gt;&gt;</a>&nbsp;&nbsp;&nbsp;__sx127x_ioctl
</UL>

<P><STRONG><a name="[a6]"></a>__sx127x_lora_set_symb_timeout</STRONG> (Thumb, 82 bytes, Stack size 24 bytes, sx127x_lora.o(i.__sx127x_lora_set_symb_timeout))
<BR><BR>[Stack]<UL><LI>Max Depth = 104<LI>Call Chain = __sx127x_lora_set_symb_timeout &rArr; __sx127x_write_reg &rArr; __sx127x_write_buffer &rArr; __send_byte
</UL>
<BR>[Calls]<UL><LI><a href="#[93]">&gt;&gt;</a>&nbsp;&nbsp;&nbsp;__sx127x_write_reg
<LI><a href="#[92]">&gt;&gt;</a>&nbsp;&nbsp;&nbsp;__sx127x_read_reg
<LI><a href="#[a3]">&gt;&gt;</a>&nbsp;&nbsp;&nbsp;__sx127x_read_buffer
</UL>
<BR>[Called By]<UL><LI><a href="#[a4]">&gt;&gt;</a>&nbsp;&nbsp;&nbsp;__sx127x_lora_init
</UL>

<P><STRONG><a name="[36]"></a>__sx127x_lora_tx_data</STRONG> (Thumb, 556 bytes, Stack size 56 bytes, sx127x_lora.o(i.__sx127x_lora_tx_data))
<BR><BR>[Stack]<UL><LI>Max Depth = 320<LI>Call Chain = __sx127x_lora_tx_data &rArr; __sx127x_time_on_air_get &rArr; __sx127x_read_reg &rArr; __sx127x_read_buffer &rArr; __send_byte
</UL>
<BR>[Calls]<UL><LI><a href="#[93]">&gt;&gt;</a>&nbsp;&nbsp;&nbsp;__sx127x_write_reg
<LI><a href="#[b3]">&gt;&gt;</a>&nbsp;&nbsp;&nbsp;__sx127x_write_fifo
<LI><a href="#[b1]">&gt;&gt;</a>&nbsp;&nbsp;&nbsp;__sx127x_tx_invert_iq_set
<LI><a href="#[b4]">&gt;&gt;</a>&nbsp;&nbsp;&nbsp;__sx127x_time_on_air_get
<LI><a href="#[92]">&gt;&gt;</a>&nbsp;&nbsp;&nbsp;__sx127x_read_reg
<LI><a href="#[32]">&gt;&gt;</a>&nbsp;&nbsp;&nbsp;__sx127x_lora_set_rf_frequency
<LI><a href="#[9a]">&gt;&gt;</a>&nbsp;&nbsp;&nbsp;__sx127x_lora_set_op_mode
<LI><a href="#[af]">&gt;&gt;</a>&nbsp;&nbsp;&nbsp;__sx127x_lora_set_low_datarate_optimize
<LI><a href="#[b2]">&gt;&gt;</a>&nbsp;&nbsp;&nbsp;__delay_us
<LI><a href="#[b5]">&gt;&gt;</a>&nbsp;&nbsp;&nbsp;__delay_ms
<LI><a href="#[6d]">&gt;&gt;</a>&nbsp;&nbsp;&nbsp;__aeabi_uidivmod
<LI><a href="#[ac]">&gt;&gt;</a>&nbsp;&nbsp;&nbsp;crc16_ccitt
</UL>
<BR>[Address Reference Count : 1]<UL><LI> sx127x_lora.o(.constdata)
</UL>
<P><STRONG><a name="[33]"></a>__sx127x_mode_set</STRONG> (Thumb, 120 bytes, Stack size 24 bytes, sx127x_lora.o(i.__sx127x_mode_set))
<BR><BR>[Stack]<UL><LI>Max Depth = 176<LI>Call Chain = __sx127x_mode_set &rArr; __sx127x_lora_rx_state_enter &rArr; __sx127x_lora_set_rf_frequency &rArr; __aeabi_ui2d &rArr; _double_epilogue &rArr; __aeabi_llsr
</UL>
<BR>[Calls]<UL><LI><a href="#[93]">&gt;&gt;</a>&nbsp;&nbsp;&nbsp;__sx127x_write_reg
<LI><a href="#[92]">&gt;&gt;</a>&nbsp;&nbsp;&nbsp;__sx127x_read_reg
<LI><a href="#[9a]">&gt;&gt;</a>&nbsp;&nbsp;&nbsp;__sx127x_lora_set_op_mode
<LI><a href="#[ad]">&gt;&gt;</a>&nbsp;&nbsp;&nbsp;__sx127x_lora_rx_state_enter
</UL>
<BR>[Address Reference Count : 1]<UL><LI> sx127x_lora.o(.constdata)
</UL>
<P><STRONG><a name="[37]"></a>__sx127x_pkt_buf_read</STRONG> (Thumb, 104 bytes, Stack size 32 bytes, sx127x_lora.o(i.__sx127x_pkt_buf_read))
<BR><BR>[Stack]<UL><LI>Max Depth = 160<LI>Call Chain = __sx127x_pkt_buf_read &rArr; __sx127x_lora_rx_data_read &rArr; __get_lora_pkt_snr &rArr; __sx127x_read_reg &rArr; __sx127x_read_buffer &rArr; __send_byte
</UL>
<BR>[Calls]<UL><LI><a href="#[93]">&gt;&gt;</a>&nbsp;&nbsp;&nbsp;__sx127x_write_reg
<LI><a href="#[92]">&gt;&gt;</a>&nbsp;&nbsp;&nbsp;__sx127x_read_reg
<LI><a href="#[aa]">&gt;&gt;</a>&nbsp;&nbsp;&nbsp;__sx127x_lora_rx_data_read
</UL>
<BR>[Address Reference Count : 1]<UL><LI> sx127x_lora.o(.constdata)
</UL>
<P><STRONG><a name="[31]"></a>__sx127x_power_set_adapter</STRONG> (Thumb, 68 bytes, Stack size 64 bytes, sx127x_lora.o(i.__sx127x_power_set_adapter))
<BR><BR>[Stack]<UL><LI>Max Depth = 192<LI>Call Chain = __sx127x_power_set_adapter &rArr; __sx127x_lora_set_rf_power &rArr; __sx127x_lora_set_pa_20dbm &rArr; __sx127x_write_reg &rArr; __sx127x_write_buffer &rArr; __send_byte
</UL>
<BR>[Calls]<UL><LI><a href="#[a9]">&gt;&gt;</a>&nbsp;&nbsp;&nbsp;__sx127x_lora_set_rf_power
<LI><a href="#[b6]">&gt;&gt;</a>&nbsp;&nbsp;&nbsp;__aeabi_memcpy4
<LI><a href="#[52]">&gt;&gt;</a>&nbsp;&nbsp;&nbsp;__aeabi_ui2f
<LI><a href="#[b7]">&gt;&gt;</a>&nbsp;&nbsp;&nbsp;__aeabi_f2iz
</UL>
<BR>[Address Reference Count : 1]<UL><LI> sx127x_lora.o(.constdata)
</UL>
<P><STRONG><a name="[a3]"></a>__sx127x_read_buffer</STRONG> (Thumb, 62 bytes, Stack size 40 bytes, sx127x_lora.o(i.__sx127x_read_buffer))
<BR><BR>[Stack]<UL><LI>Max Depth = 56<LI>Call Chain = __sx127x_read_buffer &rArr; __send_byte
</UL>
<BR>[Calls]<UL><LI><a href="#[b8]">&gt;&gt;</a>&nbsp;&nbsp;&nbsp;__send_byte
<LI><a href="#[b9]">&gt;&gt;</a>&nbsp;&nbsp;&nbsp;__recv_byte
</UL>
<BR>[Called By]<UL><LI><a href="#[92]">&gt;&gt;</a>&nbsp;&nbsp;&nbsp;__sx127x_read_reg
<LI><a href="#[ab]">&gt;&gt;</a>&nbsp;&nbsp;&nbsp;__sx127x_read_fifo
<LI><a href="#[a6]">&gt;&gt;</a>&nbsp;&nbsp;&nbsp;__sx127x_lora_set_symb_timeout
<LI><a href="#[2f]">&gt;&gt;</a>&nbsp;&nbsp;&nbsp;__sx127x_lora_set_preamble_length
<LI><a href="#[30]">&gt;&gt;</a>&nbsp;&nbsp;&nbsp;__sx127x_lora_get_preamble_length
</UL>

<P><STRONG><a name="[ab]"></a>__sx127x_read_fifo</STRONG> (Thumb, 22 bytes, Stack size 16 bytes, sx127x_lora.o(i.__sx127x_read_fifo))
<BR><BR>[Stack]<UL><LI>Max Depth = 72<LI>Call Chain = __sx127x_read_fifo &rArr; __sx127x_read_buffer &rArr; __send_byte
</UL>
<BR>[Calls]<UL><LI><a href="#[a3]">&gt;&gt;</a>&nbsp;&nbsp;&nbsp;__sx127x_read_buffer
</UL>
<BR>[Called By]<UL><LI><a href="#[aa]">&gt;&gt;</a>&nbsp;&nbsp;&nbsp;__sx127x_lora_rx_data_read
</UL>

<P><STRONG><a name="[92]"></a>__sx127x_read_reg</STRONG> (Thumb, 24 bytes, Stack size 16 bytes, sx127x_lora.o(i.__sx127x_read_reg))
<BR><BR>[Stack]<UL><LI>Max Depth = 72<LI>Call Chain = __sx127x_read_reg &rArr; __sx127x_read_buffer &rArr; __send_byte
</UL>
<BR>[Calls]<UL><LI><a href="#[a3]">&gt;&gt;</a>&nbsp;&nbsp;&nbsp;__sx127x_read_buffer
</UL>
<BR>[Called By]<UL><LI><a href="#[b1]">&gt;&gt;</a>&nbsp;&nbsp;&nbsp;__sx127x_tx_invert_iq_set
<LI><a href="#[b4]">&gt;&gt;</a>&nbsp;&nbsp;&nbsp;__sx127x_time_on_air_get
<LI><a href="#[ba]">&gt;&gt;</a>&nbsp;&nbsp;&nbsp;__sx127x_set_lora_on
<LI><a href="#[ae]">&gt;&gt;</a>&nbsp;&nbsp;&nbsp;__sx127x_rx_invert_iq_set
<LI><a href="#[37]">&gt;&gt;</a>&nbsp;&nbsp;&nbsp;__sx127x_pkt_buf_read
<LI><a href="#[33]">&gt;&gt;</a>&nbsp;&nbsp;&nbsp;__sx127x_mode_set
<LI><a href="#[36]">&gt;&gt;</a>&nbsp;&nbsp;&nbsp;__sx127x_lora_tx_data
<LI><a href="#[a6]">&gt;&gt;</a>&nbsp;&nbsp;&nbsp;__sx127x_lora_set_symb_timeout
<LI><a href="#[9f]">&gt;&gt;</a>&nbsp;&nbsp;&nbsp;__sx127x_lora_set_spreading_factor
<LI><a href="#[9e]">&gt;&gt;</a>&nbsp;&nbsp;&nbsp;__sx127x_lora_set_signal_bandwidth
<LI><a href="#[a9]">&gt;&gt;</a>&nbsp;&nbsp;&nbsp;__sx127x_lora_set_rf_power
<LI><a href="#[a1]">&gt;&gt;</a>&nbsp;&nbsp;&nbsp;__sx127x_lora_set_packet_crc_on
<LI><a href="#[a8]">&gt;&gt;</a>&nbsp;&nbsp;&nbsp;__sx127x_lora_set_pa_output
<LI><a href="#[b0]">&gt;&gt;</a>&nbsp;&nbsp;&nbsp;__sx127x_lora_set_pa_20dbm
<LI><a href="#[9a]">&gt;&gt;</a>&nbsp;&nbsp;&nbsp;__sx127x_lora_set_op_mode
<LI><a href="#[af]">&gt;&gt;</a>&nbsp;&nbsp;&nbsp;__sx127x_lora_set_low_datarate_optimize
<LI><a href="#[a5]">&gt;&gt;</a>&nbsp;&nbsp;&nbsp;__sx127x_lora_set_implicit_header_on
<LI><a href="#[a0]">&gt;&gt;</a>&nbsp;&nbsp;&nbsp;__sx127x_lora_set_error_coding
<LI><a href="#[ad]">&gt;&gt;</a>&nbsp;&nbsp;&nbsp;__sx127x_lora_rx_state_enter
<LI><a href="#[aa]">&gt;&gt;</a>&nbsp;&nbsp;&nbsp;__sx127x_lora_rx_data_read
<LI><a href="#[35]">&gt;&gt;</a>&nbsp;&nbsp;&nbsp;__sx127x_lora_read_cur_rssi
<LI><a href="#[9b]">&gt;&gt;</a>&nbsp;&nbsp;&nbsp;__sx127x_detect_optimize_set
<LI><a href="#[99]">&gt;&gt;</a>&nbsp;&nbsp;&nbsp;__sx127x_cad_start
<LI><a href="#[96]">&gt;&gt;</a>&nbsp;&nbsp;&nbsp;__rx_chain_calibration
<LI><a href="#[95]">&gt;&gt;</a>&nbsp;&nbsp;&nbsp;__get_lora_pkt_snr
<LI><a href="#[94]">&gt;&gt;</a>&nbsp;&nbsp;&nbsp;__get_lora_pkt_rssi
<LI><a href="#[91]">&gt;&gt;</a>&nbsp;&nbsp;&nbsp;__cad_detect_state_get
<LI><a href="#[3b]">&gt;&gt;</a>&nbsp;&nbsp;&nbsp;__sx127x_lora_dio2_irq_func
<LI><a href="#[c9]">&gt;&gt;</a>&nbsp;&nbsp;&nbsp;spi_check
</UL>

<P><STRONG><a name="[ae]"></a>__sx127x_rx_invert_iq_set</STRONG> (Thumb, 90 bytes, Stack size 16 bytes, sx127x_lora.o(i.__sx127x_rx_invert_iq_set))
<BR><BR>[Stack]<UL><LI>Max Depth = 96<LI>Call Chain = __sx127x_rx_invert_iq_set &rArr; __sx127x_write_reg &rArr; __sx127x_write_buffer &rArr; __send_byte
</UL>
<BR>[Calls]<UL><LI><a href="#[93]">&gt;&gt;</a>&nbsp;&nbsp;&nbsp;__sx127x_write_reg
<LI><a href="#[92]">&gt;&gt;</a>&nbsp;&nbsp;&nbsp;__sx127x_read_reg
</UL>
<BR>[Called By]<UL><LI><a href="#[ad]">&gt;&gt;</a>&nbsp;&nbsp;&nbsp;__sx127x_lora_rx_state_enter
</UL>

<P><STRONG><a name="[ba]"></a>__sx127x_set_lora_on</STRONG> (Thumb, 44 bytes, Stack size 16 bytes, sx127x_lora.o(i.__sx127x_set_lora_on))
<BR><BR>[Stack]<UL><LI>Max Depth = 112<LI>Call Chain = __sx127x_set_lora_on &rArr; __sx127x_lora_set_op_mode &rArr; __sx127x_write_reg &rArr; __sx127x_write_buffer &rArr; __send_byte
</UL>
<BR>[Calls]<UL><LI><a href="#[93]">&gt;&gt;</a>&nbsp;&nbsp;&nbsp;__sx127x_write_reg
<LI><a href="#[92]">&gt;&gt;</a>&nbsp;&nbsp;&nbsp;__sx127x_read_reg
<LI><a href="#[9a]">&gt;&gt;</a>&nbsp;&nbsp;&nbsp;__sx127x_lora_set_op_mode
</UL>
<BR>[Called By]<UL><LI><a href="#[c8]">&gt;&gt;</a>&nbsp;&nbsp;&nbsp;radio_sx127x_lora_init
</UL>

<P><STRONG><a name="[34]"></a>__sx127x_state_get</STRONG> (Thumb, 100 bytes, Stack size 4 bytes, sx127x_lora.o(i.__sx127x_state_get))
<BR><BR>[Stack]<UL><LI>Max Depth = 12<LI>Call Chain = __sx127x_state_get &rArr; __ARM_common_switch8
</UL>
<BR>[Calls]<UL><LI><a href="#[9d]">&gt;&gt;</a>&nbsp;&nbsp;&nbsp;__ARM_common_switch8
</UL>
<BR>[Address Reference Count : 1]<UL><LI> sx127x_lora.o(.constdata)
</UL>
<P><STRONG><a name="[2e]"></a>__sx127x_sync_id_get</STRONG> (Thumb, 8 bytes, Stack size 0 bytes, sx127x_lora.o(i.__sx127x_sync_id_get))
<BR>[Address Reference Count : 1]<UL><LI> sx127x_lora.o(.constdata)
</UL>
<P><STRONG><a name="[2d]"></a>__sx127x_sync_id_set</STRONG> (Thumb, 8 bytes, Stack size 0 bytes, sx127x_lora.o(i.__sx127x_sync_id_set))
<BR>[Address Reference Count : 1]<UL><LI> sx127x_lora.o(.constdata)
</UL>
<P><STRONG><a name="[a2]"></a>__sx127x_sync_word_set</STRONG> (Thumb, 18 bytes, Stack size 16 bytes, sx127x_lora.o(i.__sx127x_sync_word_set))
<BR><BR>[Stack]<UL><LI>Max Depth = 96<LI>Call Chain = __sx127x_sync_word_set &rArr; __sx127x_write_reg &rArr; __sx127x_write_buffer &rArr; __send_byte
</UL>
<BR>[Calls]<UL><LI><a href="#[93]">&gt;&gt;</a>&nbsp;&nbsp;&nbsp;__sx127x_write_reg
</UL>
<BR>[Called By]<UL><LI><a href="#[38]">&gt;&gt;</a>&nbsp;&nbsp;&nbsp;__sx127x_ioctl
</UL>

<P><STRONG><a name="[b4]"></a>__sx127x_time_on_air_get</STRONG> (Thumb, 516 bytes, Stack size 192 bytes, sx127x_lora.o(i.__sx127x_time_on_air_get))
<BR><BR>[Stack]<UL><LI>Max Depth = 264<LI>Call Chain = __sx127x_time_on_air_get &rArr; __sx127x_read_reg &rArr; __sx127x_read_buffer &rArr; __send_byte
</UL>
<BR>[Calls]<UL><LI><a href="#[92]">&gt;&gt;</a>&nbsp;&nbsp;&nbsp;__sx127x_read_reg
<LI><a href="#[46]">&gt;&gt;</a>&nbsp;&nbsp;&nbsp;__aeabi_lmul
<LI><a href="#[43]">&gt;&gt;</a>&nbsp;&nbsp;&nbsp;__aeabi_uldivmod
<LI><a href="#[bc]">&gt;&gt;</a>&nbsp;&nbsp;&nbsp;__ARM_common_ll_muluu
<LI><a href="#[bb]">&gt;&gt;</a>&nbsp;&nbsp;&nbsp;__ARM_common_ll_mulss
</UL>
<BR>[Called By]<UL><LI><a href="#[36]">&gt;&gt;</a>&nbsp;&nbsp;&nbsp;__sx127x_lora_tx_data
</UL>

<P><STRONG><a name="[b1]"></a>__sx127x_tx_invert_iq_set</STRONG> (Thumb, 88 bytes, Stack size 16 bytes, sx127x_lora.o(i.__sx127x_tx_invert_iq_set))
<BR><BR>[Stack]<UL><LI>Max Depth = 96<LI>Call Chain = __sx127x_tx_invert_iq_set &rArr; __sx127x_write_reg &rArr; __sx127x_write_buffer &rArr; __send_byte
</UL>
<BR>[Calls]<UL><LI><a href="#[93]">&gt;&gt;</a>&nbsp;&nbsp;&nbsp;__sx127x_write_reg
<LI><a href="#[92]">&gt;&gt;</a>&nbsp;&nbsp;&nbsp;__sx127x_read_reg
</UL>
<BR>[Called By]<UL><LI><a href="#[36]">&gt;&gt;</a>&nbsp;&nbsp;&nbsp;__sx127x_lora_tx_data
</UL>

<P><STRONG><a name="[97]"></a>__sx127x_write_buffer</STRONG> (Thumb, 64 bytes, Stack size 40 bytes, sx127x_lora.o(i.__sx127x_write_buffer))
<BR><BR>[Stack]<UL><LI>Max Depth = 56<LI>Call Chain = __sx127x_write_buffer &rArr; __send_byte
</UL>
<BR>[Calls]<UL><LI><a href="#[b8]">&gt;&gt;</a>&nbsp;&nbsp;&nbsp;__send_byte
</UL>
<BR>[Called By]<UL><LI><a href="#[93]">&gt;&gt;</a>&nbsp;&nbsp;&nbsp;__sx127x_write_reg
<LI><a href="#[b3]">&gt;&gt;</a>&nbsp;&nbsp;&nbsp;__sx127x_write_fifo
<LI><a href="#[32]">&gt;&gt;</a>&nbsp;&nbsp;&nbsp;__sx127x_lora_set_rf_frequency
<LI><a href="#[2f]">&gt;&gt;</a>&nbsp;&nbsp;&nbsp;__sx127x_lora_set_preamble_length
<LI><a href="#[96]">&gt;&gt;</a>&nbsp;&nbsp;&nbsp;__rx_chain_calibration
</UL>

<P><STRONG><a name="[b3]"></a>__sx127x_write_fifo</STRONG> (Thumb, 22 bytes, Stack size 16 bytes, sx127x_lora.o(i.__sx127x_write_fifo))
<BR><BR>[Stack]<UL><LI>Max Depth = 72<LI>Call Chain = __sx127x_write_fifo &rArr; __sx127x_write_buffer &rArr; __send_byte
</UL>
<BR>[Calls]<UL><LI><a href="#[97]">&gt;&gt;</a>&nbsp;&nbsp;&nbsp;__sx127x_write_buffer
</UL>
<BR>[Called By]<UL><LI><a href="#[36]">&gt;&gt;</a>&nbsp;&nbsp;&nbsp;__sx127x_lora_tx_data
</UL>

<P><STRONG><a name="[93]"></a>__sx127x_write_reg</STRONG> (Thumb, 20 bytes, Stack size 24 bytes, sx127x_lora.o(i.__sx127x_write_reg))
<BR><BR>[Stack]<UL><LI>Max Depth = 80<LI>Call Chain = __sx127x_write_reg &rArr; __sx127x_write_buffer &rArr; __send_byte
</UL>
<BR>[Calls]<UL><LI><a href="#[97]">&gt;&gt;</a>&nbsp;&nbsp;&nbsp;__sx127x_write_buffer
</UL>
<BR>[Called By]<UL><LI><a href="#[b1]">&gt;&gt;</a>&nbsp;&nbsp;&nbsp;__sx127x_tx_invert_iq_set
<LI><a href="#[a2]">&gt;&gt;</a>&nbsp;&nbsp;&nbsp;__sx127x_sync_word_set
<LI><a href="#[ba]">&gt;&gt;</a>&nbsp;&nbsp;&nbsp;__sx127x_set_lora_on
<LI><a href="#[ae]">&gt;&gt;</a>&nbsp;&nbsp;&nbsp;__sx127x_rx_invert_iq_set
<LI><a href="#[37]">&gt;&gt;</a>&nbsp;&nbsp;&nbsp;__sx127x_pkt_buf_read
<LI><a href="#[33]">&gt;&gt;</a>&nbsp;&nbsp;&nbsp;__sx127x_mode_set
<LI><a href="#[36]">&gt;&gt;</a>&nbsp;&nbsp;&nbsp;__sx127x_lora_tx_data
<LI><a href="#[a6]">&gt;&gt;</a>&nbsp;&nbsp;&nbsp;__sx127x_lora_set_symb_timeout
<LI><a href="#[9f]">&gt;&gt;</a>&nbsp;&nbsp;&nbsp;__sx127x_lora_set_spreading_factor
<LI><a href="#[9e]">&gt;&gt;</a>&nbsp;&nbsp;&nbsp;__sx127x_lora_set_signal_bandwidth
<LI><a href="#[a9]">&gt;&gt;</a>&nbsp;&nbsp;&nbsp;__sx127x_lora_set_rf_power
<LI><a href="#[a7]">&gt;&gt;</a>&nbsp;&nbsp;&nbsp;__sx127x_lora_set_payload_length
<LI><a href="#[a1]">&gt;&gt;</a>&nbsp;&nbsp;&nbsp;__sx127x_lora_set_packet_crc_on
<LI><a href="#[a8]">&gt;&gt;</a>&nbsp;&nbsp;&nbsp;__sx127x_lora_set_pa_output
<LI><a href="#[b0]">&gt;&gt;</a>&nbsp;&nbsp;&nbsp;__sx127x_lora_set_pa_20dbm
<LI><a href="#[9a]">&gt;&gt;</a>&nbsp;&nbsp;&nbsp;__sx127x_lora_set_op_mode
<LI><a href="#[af]">&gt;&gt;</a>&nbsp;&nbsp;&nbsp;__sx127x_lora_set_low_datarate_optimize
<LI><a href="#[a5]">&gt;&gt;</a>&nbsp;&nbsp;&nbsp;__sx127x_lora_set_implicit_header_on
<LI><a href="#[a0]">&gt;&gt;</a>&nbsp;&nbsp;&nbsp;__sx127x_lora_set_error_coding
<LI><a href="#[ad]">&gt;&gt;</a>&nbsp;&nbsp;&nbsp;__sx127x_lora_rx_state_enter
<LI><a href="#[aa]">&gt;&gt;</a>&nbsp;&nbsp;&nbsp;__sx127x_lora_rx_data_read
<LI><a href="#[a4]">&gt;&gt;</a>&nbsp;&nbsp;&nbsp;__sx127x_lora_init
<LI><a href="#[9c]">&gt;&gt;</a>&nbsp;&nbsp;&nbsp;__sx127x_detect_threshold_set
<LI><a href="#[9b]">&gt;&gt;</a>&nbsp;&nbsp;&nbsp;__sx127x_detect_optimize_set
<LI><a href="#[99]">&gt;&gt;</a>&nbsp;&nbsp;&nbsp;__sx127x_cad_start
<LI><a href="#[98]">&gt;&gt;</a>&nbsp;&nbsp;&nbsp;__sx127x_bw_sensitivity_optimization
<LI><a href="#[96]">&gt;&gt;</a>&nbsp;&nbsp;&nbsp;__rx_chain_calibration
<LI><a href="#[91]">&gt;&gt;</a>&nbsp;&nbsp;&nbsp;__cad_detect_state_get
<LI><a href="#[3b]">&gt;&gt;</a>&nbsp;&nbsp;&nbsp;__sx127x_lora_dio2_irq_func
<LI><a href="#[3a]">&gt;&gt;</a>&nbsp;&nbsp;&nbsp;__sx127x_lora_dio1_irq_func
<LI><a href="#[c9]">&gt;&gt;</a>&nbsp;&nbsp;&nbsp;spi_check
</UL>

<P><STRONG><a name="[c9]"></a>spi_check</STRONG> (Thumb, 38 bytes, Stack size 16 bytes, sx127x_lora.o(i.spi_check))
<BR><BR>[Stack]<UL><LI>Max Depth = 96<LI>Call Chain = spi_check &rArr; __sx127x_write_reg &rArr; __sx127x_write_buffer &rArr; __send_byte
</UL>
<BR>[Calls]<UL><LI><a href="#[93]">&gt;&gt;</a>&nbsp;&nbsp;&nbsp;__sx127x_write_reg
<LI><a href="#[92]">&gt;&gt;</a>&nbsp;&nbsp;&nbsp;__sx127x_read_reg
</UL>
<BR>[Called By]<UL><LI><a href="#[c8]">&gt;&gt;</a>&nbsp;&nbsp;&nbsp;radio_sx127x_lora_init
</UL>

<P><STRONG><a name="[7d]"></a>delay1</STRONG> (Thumb, 12 bytes, Stack size 0 bytes, temperature.o(i.delay1))
<BR><BR>[Called By]<UL><LI><a href="#[62]">&gt;&gt;</a>&nbsp;&nbsp;&nbsp;I2CWaitAck2
<LI><a href="#[63]">&gt;&gt;</a>&nbsp;&nbsp;&nbsp;I2CStop2
<LI><a href="#[60]">&gt;&gt;</a>&nbsp;&nbsp;&nbsp;I2CStart2
<LI><a href="#[67]">&gt;&gt;</a>&nbsp;&nbsp;&nbsp;I2CSendNotAck2
<LI><a href="#[61]">&gt;&gt;</a>&nbsp;&nbsp;&nbsp;I2CSendByte2
<LI><a href="#[66]">&gt;&gt;</a>&nbsp;&nbsp;&nbsp;I2CSendAck2
<LI><a href="#[65]">&gt;&gt;</a>&nbsp;&nbsp;&nbsp;I2CReceiveByte2
</UL>

<P><STRONG><a name="[bd]"></a>_fp_digits</STRONG> (Thumb, 316 bytes, Stack size 56 bytes, printfa.o(i._fp_digits), UNUSED)
<BR><BR>[Calls]<UL><LI><a href="#[50]">&gt;&gt;</a>&nbsp;&nbsp;&nbsp;__aeabi_dmul
<LI><a href="#[51]">&gt;&gt;</a>&nbsp;&nbsp;&nbsp;__aeabi_ddiv
<LI><a href="#[4a]">&gt;&gt;</a>&nbsp;&nbsp;&nbsp;__aeabi_dadd
<LI><a href="#[43]">&gt;&gt;</a>&nbsp;&nbsp;&nbsp;__aeabi_uldivmod
<LI><a href="#[59]">&gt;&gt;</a>&nbsp;&nbsp;&nbsp;__aeabi_d2ulz
<LI><a href="#[be]">&gt;&gt;</a>&nbsp;&nbsp;&nbsp;__aeabi_cdrcmple
</UL>
<BR>[Called By]<UL><LI><a href="#[90]">&gt;&gt;</a>&nbsp;&nbsp;&nbsp;_printf_core
</UL>

<P><STRONG><a name="[90]"></a>_printf_core</STRONG> (Thumb, 1754 bytes, Stack size 128 bytes, printfa.o(i._printf_core), UNUSED)
<BR><BR>[Calls]<UL><LI><a href="#[43]">&gt;&gt;</a>&nbsp;&nbsp;&nbsp;__aeabi_uldivmod
<LI><a href="#[6d]">&gt;&gt;</a>&nbsp;&nbsp;&nbsp;__aeabi_uidivmod
<LI><a href="#[bf]">&gt;&gt;</a>&nbsp;&nbsp;&nbsp;_printf_pre_padding
<LI><a href="#[c0]">&gt;&gt;</a>&nbsp;&nbsp;&nbsp;_printf_post_padding
<LI><a href="#[bd]">&gt;&gt;</a>&nbsp;&nbsp;&nbsp;_fp_digits
</UL>
<BR>[Called By]<UL><LI><a href="#[8f]">&gt;&gt;</a>&nbsp;&nbsp;&nbsp;__0sprintf
</UL>

<P><STRONG><a name="[c0]"></a>_printf_post_padding</STRONG> (Thumb, 32 bytes, Stack size 24 bytes, printfa.o(i._printf_post_padding), UNUSED)
<BR><BR>[Called By]<UL><LI><a href="#[90]">&gt;&gt;</a>&nbsp;&nbsp;&nbsp;_printf_core
</UL>

<P><STRONG><a name="[bf]"></a>_printf_pre_padding</STRONG> (Thumb, 44 bytes, Stack size 40 bytes, printfa.o(i._printf_pre_padding), UNUSED)
<BR><BR>[Called By]<UL><LI><a href="#[90]">&gt;&gt;</a>&nbsp;&nbsp;&nbsp;_printf_core
</UL>

<P><STRONG><a name="[25]"></a>_sputc</STRONG> (Thumb, 10 bytes, Stack size 0 bytes, printfa.o(i._sputc))
<BR><BR>[Called By]<UL><LI><a href="#[8f]">&gt;&gt;</a>&nbsp;&nbsp;&nbsp;__0sprintf
</UL>
<BR>[Address Reference Count : 1]<UL><LI> printfa.o(i.__0sprintf)
</UL><P>
<H3>
Undefined Global Symbols
</H3><HR></body></html>
