Component: ARM Compiler 5.06 update 1 (build 61) Tool: armlink [4d35a8]

==============================================================================

Section Cross References

    startup_stm32l071xx.o(RESET) refers to startup_stm32l071xx.o(STACK) for __initial_sp
    startup_stm32l071xx.o(RESET) refers to startup_stm32l071xx.o(.text) for Reset_Handler
    startup_stm32l071xx.o(RESET) refers to stm32l0xx_it.o(i.NMI_Handler) for NMI_Handler
    startup_stm32l071xx.o(RESET) refers to stm32l0xx_it.o(i.HardFault_Handler) for HardFault_Handler
    startup_stm32l071xx.o(RESET) refers to stm32l0xx_it.o(i.SVC_Handler) for SVC_Handler
    startup_stm32l071xx.o(RESET) refers to stm32l0xx_it.o(i.PendSV_Handler) for PendSV_Handler
    startup_stm32l071xx.o(RESET) refers to stm32l0xx_it.o(i.SysTick_Handler) for SysTick_Handler
    startup_stm32l071xx.o(.text) refers to system_stm32l0xx.o(i.SystemInit) for SystemInit
    startup_stm32l071xx.o(.text) refers to entry.o(.ARM.Collect$$$$00000000) for __main
    i2c.o(i.I2CReceiveByte) refers to i2c.o(i.SDA_Input_Mode) for SDA_Input_Mode
    i2c.o(i.I2CReceiveByte) refers to i2c.o(i.SCL_Output) for SCL_Output
    i2c.o(i.I2CReceiveByte) refers to i2c.o(i.delay1) for delay1
    i2c.o(i.I2CReceiveByte) refers to i2c.o(i.SDA_Input) for SDA_Input
    i2c.o(i.I2CReceiveByte) refers to i2c.o(i.SDA_Output_Mode) for SDA_Output_Mode
    i2c.o(i.I2CSendAck) refers to i2c.o(i.SDA_Output) for SDA_Output
    i2c.o(i.I2CSendAck) refers to i2c.o(i.delay1) for delay1
    i2c.o(i.I2CSendAck) refers to i2c.o(i.SCL_Output) for SCL_Output
    i2c.o(i.I2CSendByte) refers to i2c.o(i.SCL_Output) for SCL_Output
    i2c.o(i.I2CSendByte) refers to i2c.o(i.delay1) for delay1
    i2c.o(i.I2CSendByte) refers to i2c.o(i.SDA_Output) for SDA_Output
    i2c.o(i.I2CSendNotAck) refers to i2c.o(i.SDA_Output) for SDA_Output
    i2c.o(i.I2CSendNotAck) refers to i2c.o(i.delay1) for delay1
    i2c.o(i.I2CSendNotAck) refers to i2c.o(i.SCL_Output) for SCL_Output
    i2c.o(i.I2CStart) refers to i2c.o(i.SDA_Output) for SDA_Output
    i2c.o(i.I2CStart) refers to i2c.o(i.delay1) for delay1
    i2c.o(i.I2CStart) refers to i2c.o(i.SCL_Output) for SCL_Output
    i2c.o(i.I2CStop) refers to i2c.o(i.SCL_Output) for SCL_Output
    i2c.o(i.I2CStop) refers to i2c.o(i.delay1) for delay1
    i2c.o(i.I2CStop) refers to i2c.o(i.SDA_Output) for SDA_Output
    i2c.o(i.I2CWaitAck) refers to i2c.o(i.SDA_Input_Mode) for SDA_Input_Mode
    i2c.o(i.I2CWaitAck) refers to i2c.o(i.delay1) for delay1
    i2c.o(i.I2CWaitAck) refers to i2c.o(i.SCL_Output) for SCL_Output
    i2c.o(i.I2CWaitAck) refers to i2c.o(i.SDA_Input) for SDA_Input
    i2c.o(i.I2CWaitAck) refers to i2c.o(i.SDA_Output_Mode) for SDA_Output_Mode
    i2c.o(i.I2CWaitAck) refers to i2c.o(i.I2CStop) for I2CStop
    i2c.o(i.SDA_Input) refers to stm32l0xx_hal_gpio.o(i.HAL_GPIO_ReadPin) for HAL_GPIO_ReadPin
    i2c.o(i.SDA_Input_Mode) refers to memseta.o(.text) for __aeabi_memclr4
    i2c.o(i.SDA_Input_Mode) refers to stm32l0xx_hal_gpio.o(i.HAL_GPIO_Init) for HAL_GPIO_Init
    i2c.o(i.SDA_Output_Mode) refers to memseta.o(.text) for __aeabi_memclr4
    i2c.o(i.SDA_Output_Mode) refers to stm32l0xx_hal_gpio.o(i.HAL_GPIO_Init) for HAL_GPIO_Init
    main_task.o(i.Task_BrdInit) refers to stm32l0xx_hal_gpio.o(i.HAL_GPIO_WritePin) for HAL_GPIO_WritePin
    main_task.o(i.Task_BrdInit) refers to oled.o(i.OLED_PowerControl) for OLED_PowerControl
    main_task.o(i.Task_BrdInit) refers to stm32l0xx_hal.o(i.HAL_Delay) for HAL_Delay
    main_task.o(i.Task_BrdInit) refers to oled.o(i.OLED_Init) for OLED_Init
    main_task.o(i.Task_BrdInit) refers to oled.o(i.OLED_Clear) for OLED_Clear
    main_task.o(i.Task_BrdInit) refers to oled.o(i.OLED_ShowString) for OLED_ShowString
    main_task.o(i.Task_BrdInit) refers to spi.o(i.spi_init) for spi_init
    main_task.o(i.Task_BrdInit) refers to zm4xx_gpio.o(i.zm4xx_pin_init) for zm4xx_pin_init
    main_task.o(i.Task_BrdInit) refers to recv_task.o(i.TaskRecv_Init) for TaskRecv_Init
    main_task.o(i.Task_Main) refers to oled.o(i.OLED_ShowString) for OLED_ShowString
    main_task.o(i.Task_Main) refers to rtc_task.o(i.Task_Rtc) for Task_Rtc
    main_task.o(i.Task_Main) refers to sts30.o(i.Get_Temperature) for Get_Temperature
    main_task.o(i.Task_Main) refers to f2d.o(.text) for __aeabi_f2d
    main_task.o(i.Task_Main) refers to printfa.o(i.__0sprintf) for __2sprintf
    main_task.o(i.Task_Main) refers to recv_task.o(i.Task_Recv) for Task_Recv
    main_task.o(i.Task_Main) refers to stm32l0xx_hal_gpio.o(i.HAL_GPIO_WritePin) for HAL_GPIO_WritePin
    main_task.o(i.Task_Main) refers to stm32l0xx_it.o(.data) for g_OLED_Flag
    main_task.o(i.Task_Main) refers to main_task.o(.bss) for .bss
    main_task.o(i.Task_Main) refers to main_task.o(.data) for .data
    oled.o(i.OLED_Clear) refers to oled.o(i.OLED_Write) for OLED_Write
    oled.o(i.OLED_DisplayOFF) refers to oled.o(i.OLED_Write) for OLED_Write
[...]
    Removing stm32l0xx_hal_pwr.o(i.HAL_PWR_EnableWakeUpPin), (16 bytes).
    Removing stm32l0xx_hal_pwr.o(i.HAL_PWR_EnterSLEEPMode), (48 bytes).
    Removing stm32l0xx_hal_pwr.o(i.HAL_PWR_EnterSTANDBYMode), (32 bytes).
    Removing stm32l0xx_hal_pwr.o(i.HAL_PWR_EnterSTOPMode), (52 bytes).
    Removing stm32l0xx_hal_pwr.o(i.HAL_PWR_PVDCallback), (2 bytes).
    Removing stm32l0xx_hal_pwr.o(i.HAL_PWR_PVD_IRQHandler), (28 bytes).
    Removing stm32l0xx_hal_pwr_ex.o(.rev16_text), (4 bytes).
    Removing stm32l0xx_hal_pwr_ex.o(.revsh_text), (4 bytes).
    Removing stm32l0xx_hal_pwr_ex.o(i.HAL_PWREx_DisableFastWakeUp), (16 bytes).
    Removing stm32l0xx_hal_pwr_ex.o(i.HAL_PWREx_DisableLowPowerRunMode), (76 bytes).
    Removing stm32l0xx_hal_pwr_ex.o(i.HAL_PWREx_DisableUltraLowPower), (16 bytes).
    Removing stm32l0xx_hal_pwr_ex.o(i.HAL_PWREx_EnableFastWakeUp), (16 bytes).
    Removing stm32l0xx_hal_pwr_ex.o(i.HAL_PWREx_EnableLowPowerRunMode), (24 bytes).
    Removing stm32l0xx_hal_pwr_ex.o(i.HAL_PWREx_EnableUltraLowPower), (16 bytes).
    Removing stm32l0xx_hal_pwr_ex.o(i.HAL_PWREx_GetVoltageRange), (16 bytes).
    Removing stm32l0xx_hal_cortex.o(.rev16_text), (4 bytes).
    Removing stm32l0xx_hal_cortex.o(.revsh_text), (4 bytes).
    Removing stm32l0xx_hal_cortex.o(i.HAL_MPU_ConfigRegion), (80 bytes).
    Removing stm32l0xx_hal_cortex.o(i.HAL_MPU_Disable), (16 bytes).
    Removing stm32l0xx_hal_cortex.o(i.HAL_MPU_Enable), (24 bytes).
    Removing stm32l0xx_hal_cortex.o(i.HAL_NVIC_ClearPendingIRQ), (20 bytes).
    Removing stm32l0xx_hal_cortex.o(i.HAL_NVIC_DisableIRQ), (20 bytes).
    Removing stm32l0xx_hal_cortex.o(i.HAL_NVIC_EnableIRQ), (20 bytes).
    Removing stm32l0xx_hal_cortex.o(i.HAL_NVIC_GetPendingIRQ), (28 bytes).
    Removing stm32l0xx_hal_cortex.o(i.HAL_NVIC_GetPriority), (52 bytes).
    Removing stm32l0xx_hal_cortex.o(i.HAL_NVIC_SetPendingIRQ), (20 bytes).
    Removing stm32l0xx_hal_cortex.o(i.HAL_NVIC_SystemReset), (28 bytes).
    Removing stm32l0xx_hal_cortex.o(i.HAL_SYSTICK_CLKSourceConfig), (24 bytes).
    Removing stm32l0xx_hal_cortex.o(i.HAL_SYSTICK_Callback), (2 bytes).
    Removing stm32l0xx_hal_cortex.o(i.HAL_SYSTICK_IRQHandler), (8 bytes).
    Removing system_stm32l0xx.o(.rev16_text), (4 bytes).
    Removing system_stm32l0xx.o(.revsh_text), (4 bytes).
    Removing system_stm32l0xx.o(i.SystemCoreClockUpdate), (156 bytes).
    Removing system_stm32l0xx.o(.constdata), (8 bytes).

352 unused section(s) (total 24453 bytes) removed from the image.

==============================================================================

Image Symbol Table

    Local Symbols

    Symbol Name                              Value     Ov Type        Size  Object(Section)

    ../Drivers/STM32L0xx_HAL_Driver/Src/stm32l0xx_hal.c 0x00000000   Number         0  stm32l0xx_hal.o ABSOLUTE
    ../Drivers/STM32L0xx_HAL_Driver/Src/stm32l0xx_hal_cortex.c 0x00000000   Number         0  stm32l0xx_hal_cortex.o ABSOLUTE
    ../Drivers/STM32L0xx_HAL_Driver/Src/stm32l0xx_hal_dma.c 0x00000000   Number         0  stm32l0xx_hal_dma.o ABSOLUTE
    ../Drivers/STM32L0xx_HAL_Driver/Src/stm32l0xx_hal_flash.c 0x00000000   Number         0  stm32l0xx_hal_flash.o ABSOLUTE
    ../Drivers/STM32L0xx_HAL_Driver/Src/stm32l0xx_hal_flash_ex.c 0x00000000   Number         0  stm32l0xx_hal_flash_ex.o ABSOLUTE
    ../Drivers/STM32L0xx_HAL_Driver/Src/stm32l0xx_hal_flash_ramfunc.c 0x00000000   Number         0  stm32l0xx_hal_flash_ramfunc.o ABSOLUTE
    ../Drivers/STM32L0xx_HAL_Driver/Src/stm32l0xx_hal_gpio.c 0x00000000   Number         0  stm32l0xx_hal_gpio.o ABSOLUTE
    ../Drivers/STM32L0xx_HAL_Driver/Src/stm32l0xx_hal_i2c.c 0x00000000   Number         0  stm32l0xx_hal_i2c.o ABSOLUTE
    ../Drivers/STM32L0xx_HAL_Driver/Src/stm32l0xx_hal_i2c_ex.c 0x00000000   Number         0  stm32l0xx_hal_i2c_ex.o ABSOLUTE
    ../Drivers/STM32L0xx_HAL_Driver/Src/stm32l0xx_hal_pwr.c 0x00000000   Number         0  stm32l0xx_hal_pwr.o ABSOLUTE
    ../Drivers/STM32L0xx_HAL_Driver/Src/stm32l0xx_hal_pwr_ex.c 0x00000000   Number         0  stm32l0xx_hal_pwr_ex.o ABSOLUTE
    ../Drivers/STM32L0xx_HAL_Driver/Src/stm32l0xx_hal_rcc.c 0x00000000   Number         0  stm32l0xx_hal_rcc.o ABSOLUTE
    ../Drivers/STM32L0xx_HAL_Driver/Src/stm32l0xx_hal_rcc_ex.c 0x00000000   Number         0  stm32l0xx_hal_rcc_ex.o ABSOLUTE
    ../Drivers/STM32L0xx_HAL_Driver/Src/stm32l0xx_hal_rtc.c 0x00000000   Number         0  stm32l0xx_hal_rtc.o ABSOLUTE
    ../Drivers/STM32L0xx_HAL_Driver/Src/stm32l0xx_hal_rtc_ex.c 0x00000000   Number         0  stm32l0xx_hal_rtc_ex.o ABSOLUTE
    ../Drivers/STM32L0xx_HAL_Driver/Src/stm32l0xx_hal_tim.c 0x00000000   Number         0  stm32l0xx_hal_tim.o ABSOLUTE
    ../Drivers/STM32L0xx_HAL_Driver/Src/stm32l0xx_hal_tim_ex.c 0x00000000   Number         0  stm32l0xx_hal_tim_ex.o ABSOLUTE
    ../Src/main.c                            0x00000000   Number         0  main.o ABSOLUTE
    ../Src/stm32l0xx_hal_msp.c               0x00000000   Number         0  stm32l0xx_hal_msp.o ABSOLUTE
    ../Src/stm32l0xx_it.c                    0x00000000   Number         0  stm32l0xx_it.o ABSOLUTE
    ../Src/system_stm32l0xx.c                0x00000000   Number         0  system_stm32l0xx.o ABSOLUTE
    ../clib/microlib/division.c              0x00000000   Number         0  uidiv.o ABSOLUTE
    ../clib/microlib/division.c              0x00000000   Number         0  uldiv.o ABSOLUTE
    ../clib/microlib/init/entry.s            0x00000000   Number         0  entry7b.o ABSOLUTE
    ../clib/microlib/init/entry.s            0x00000000   Number         0  entry2.o ABSOLUTE
    ../clib/microlib/init/entry.s            0x00000000   Number         0  entry7a.o ABSOLUTE
    ../clib/microlib/init/entry.s            0x00000000   Number         0  entry.o ABSOLUTE
    ../clib/microlib/init/entry.s            0x00000000   Number         0  entry8b.o ABSOLUTE
    ../clib/microlib/init/entry.s            0x00000000   Number         0  entry5.o ABSOLUTE
    ../clib/microlib/init/entry.s            0x00000000   Number         0  entry9b.o ABSOLUTE
    ../clib/microlib/init/entry.s            0x00000000   Number         0  entry11b.o ABSOLUTE
    ../clib/microlib/init/entry.s            0x00000000   Number         0  entry11a.o ABSOLUTE
    ../clib/microlib/init/entry.s            0x00000000   Number         0  entry10b.o ABSOLUTE
    ../clib/microlib/init/entry.s            0x00000000   Number         0  entry10a.o ABSOLUTE
    ../clib/microlib/init/entry.s            0x00000000   Number         0  entry9a.o ABSOLUTE
    ../clib/microlib/init/entry.s            0x00000000   Number         0  entry8a.o ABSOLUTE
    ../clib/microlib/longlong.c              0x00000000   Number         0  llmul.o ABSOLUTE
    ../clib/microlib/longlong.c              0x00000000   Number         0  llshl.o ABSOLUTE
    ../clib/microlib/longlong.c              0x00000000   Number         0  llsshr.o ABSOLUTE
    ../clib/microlib/longlong.c              0x00000000   Number         0  llushr.o ABSOLUTE
    ../clib/microlib/printf/printf.c         0x00000000   Number         0  printf7.o ABSOLUTE
    ../clib/microlib/printf/printf.c         0x00000000   Number         0  printf5.o ABSOLUTE
    ../clib/microlib/printf/printf.c         0x00000000   Number         0  printf4.o ABSOLUTE
    ../clib/microlib/printf/printf.c         0x00000000   Number         0  printf3.o ABSOLUTE
    ../clib/microlib/printf/printf.c         0x00000000   Number         0  printf2.o ABSOLUTE
    ../clib/microlib/printf/printf.c         0x00000000   Number         0  printf1.o ABSOLUTE
    ../clib/microlib/printf/printf.c         0x00000000   Number         0  printfa.o ABSOLUTE
    ../clib/microlib/printf/printf.c         0x00000000   Number         0  printf6.o ABSOLUTE
    ../clib/microlib/printf/printf.c         0x00000000   Number         0  printf8.o ABSOLUTE
    ../clib/microlib/printf/printf.c         0x00000000   Number         0  printf0.o ABSOLUTE
    ../clib/microlib/printf/printf.c         0x00000000   Number         0  printfb.o ABSOLUTE
    ../clib/microlib/printf/stubs.s          0x00000000   Number         0  stubs.o ABSOLUTE
    ../clib/microlib/stdio/fputc.c           0x00000000   Number         0  fputc.o ABSOLUTE
    ../clib/microlib/stdio/semi.s            0x00000000   Number         0  semi.o ABSOLUTE
    ../clib/microlib/stdio/streams.c         0x00000000   Number         0  stdout.o ABSOLUTE
    ../clib/microlib/string/memcpy.c         0x00000000   Number         0  memcpya.o ABSOLUTE
    ../clib/microlib/string/memcpy.c         0x00000000   Number         0  memcpyb.o ABSOLUTE
    ../clib/microlib/string/memset.c         0x00000000   Number         0  memseta.o ABSOLUTE
    ../clib/microlib/stubs.s                 0x00000000   Number         0  iusefp.o ABSOLUTE
    ../clib/microlib/stubs.s                 0x00000000   Number         0  iusesemip.o ABSOLUTE
    ../fplib/microlib/d2f.c                  0x00000000   Number         0  d2f.o ABSOLUTE
    ../fplib/microlib/f2d.c                  0x00000000   Number         0  f2d.o ABSOLUTE
    ../fplib/microlib/fpadd.c                0x00000000   Number         0  dadd.o ABSOLUTE
    ../fplib/microlib/fpdiv.c                0x00000000   Number         0  ddiv.o ABSOLUTE
    ../fplib/microlib/fpepilogue.c           0x00000000   Number         0  depilogue.o ABSOLUTE
    ../fplib/microlib/fpepilogue.c           0x00000000   Number         0  fepilogue.o ABSOLUTE
    ../fplib/microlib/fpfix.c                0x00000000   Number         0  ffixi.o ABSOLUTE
    ../fplib/microlib/fpfix.c                0x00000000   Number         0  dfixui.o ABSOLUTE
    ../fplib/microlib/fpfix.c                0x00000000   Number         0  dfixul.o ABSOLUTE
    ../fplib/microlib/fpflt.c                0x00000000   Number         0  dfltui.o ABSOLUTE
    ../fplib/microlib/fpflt.c                0x00000000   Number         0  ffltui.o ABSOLUTE
    ../fplib/microlib/fpmul.c                0x00000000   Number         0  dmul.o ABSOLUTE
    ..\Drivers\STM32L0xx_HAL_Driver\Src\stm32l0xx_hal.c 0x00000000   Number         0  stm32l0xx_hal.o ABSOLUTE
    ..\Drivers\STM32L0xx_HAL_Driver\Src\stm32l0xx_hal_cortex.c 0x00000000   Number         0  stm32l0xx_hal_cortex.o ABSOLUTE
    ..\Drivers\STM32L0xx_HAL_Driver\Src\stm32l0xx_hal_dma.c 0x00000000   Number         0  stm32l0xx_hal_dma.o ABSOLUTE
    ..\Drivers\STM32L0xx_HAL_Driver\Src\stm32l0xx_hal_flash.c 0x00000000   Number         0  stm32l0xx_hal_flash.o ABSOLUTE
    ..\Drivers\STM32L0xx_HAL_Driver\Src\stm32l0xx_hal_flash_ex.c 0x00000000   Number         0  stm32l0xx_hal_flash_ex.o ABSOLUTE
    ..\Drivers\STM32L0xx_HAL_Driver\Src\stm32l0xx_hal_flash_ramfunc.c 0x00000000   Number         0  stm32l0xx_hal_flash_ramfunc.o ABSOLUTE
    ..\Drivers\STM32L0xx_HAL_Driver\Src\stm32l0xx_hal_gpio.c 0x00000000   Number         0  stm32l0xx_hal_gpio.o ABSOLUTE
    ..\Drivers\STM32L0xx_HAL_Driver\Src\stm32l0xx_hal_i2c.c 0x00000000   Number         0  stm32l0xx_hal_i2c.o ABSOLUTE
    ..\Drivers\STM32L0xx_HAL_Driver\Src\stm32l0xx_hal_i2c_ex.c 0x00000000   Number         0  stm32l0xx_hal_i2c_ex.o ABSOLUTE
    ..\Drivers\STM32L0xx_HAL_Driver\Src\stm32l0xx_hal_pwr.c 0x00000000   Number         0  stm32l0xx_hal_pwr.o ABSOLUTE
    ..\Drivers\STM32L0xx_HAL_Driver\Src\stm32l0xx_hal_pwr_ex.c 0x00000000   Number         0  stm32l0xx_hal_pwr_ex.o ABSOLUTE
    ..\Drivers\STM32L0xx_HAL_Driver\Src\stm32l0xx_hal_rcc.c 0x00000000   Number         0  stm32l0xx_hal_rcc.o ABSOLUTE
    ..\Drivers\STM32L0xx_HAL_Driver\Src\stm32l0xx_hal_rcc_ex.c 0x00000000   Number         0  stm32l0xx_hal_rcc_ex.o ABSOLUTE
    ..\Drivers\STM32L0xx_HAL_Driver\Src\stm32l0xx_hal_rtc.c 0x00000000   Number         0  stm32l0xx_hal_rtc.o ABSOLUTE
    ..\Drivers\STM32L0xx_HAL_Driver\Src\stm32l0xx_hal_rtc_ex.c 0x00000000   Number         0  stm32l0xx_hal_rtc_ex.o ABSOLUTE
    ..\Drivers\STM32L0xx_HAL_Driver\Src\stm32l0xx_hal_tim.c 0x00000000   Number         0  stm32l0xx_hal_tim.o ABSOLUTE
    ..\Drivers\STM32L0xx_HAL_Driver\Src\stm32l0xx_hal_tim_ex.c 0x00000000   Number         0  stm32l0xx_hal_tim_ex.o ABSOLUTE
    ..\Src\font.c                            0x00000000   Number         0  font.o ABSOLUTE
    ..\Src\i2c.c                             0x00000000   Number         0  i2c.o ABSOLUTE
    ..\Src\i2c_2.c                           0x00000000   Number         0  i2c_2.o ABSOLUTE
    ..\Src\main.c                            0x00000000   Number         0  main.o ABSOLUTE
    ..\Src\main_task.c                       0x00000000   Number         0  main_task.o ABSOLUTE
    ..\Src\oled.c                            0x00000000   Number         0  oled.o ABSOLUTE
    ..\Src\recv_task.c                       0x00000000   Number         0  recv_task.o ABSOLUTE
    ..\Src\rtc_task.c                        0x00000000   Number         0  rtc_task.o ABSOLUTE
    ..\Src\spi.c                             0x00000000   Number         0  spi.o ABSOLUTE
    ..\Src\stm32l0xx_hal_msp.c               0x00000000   Number         0  stm32l0xx_hal_msp.o ABSOLUTE
    ..\Src\stm32l0xx_it.c                    0x00000000   Number         0  stm32l0xx_it.o ABSOLUTE
    ..\Src\sts30.c                           0x00000000   Number         0  sts30.o ABSOLUTE
    ..\Src\sx127x_lora.c                     0x00000000   Number         0  sx127x_lora.o ABSOLUTE
    ..\Src\system_stm32l0xx.c                0x00000000   Number         0  system_stm32l0xx.o ABSOLUTE
    ..\Src\zm4xx_gpio.c                      0x00000000   Number         0  zm4xx_gpio.o ABSOLUTE
    ..\\Src\\i2c.c                           0x00000000   Number         0  i2c.o ABSOLUTE
    ..\\Src\\i2c_2.c                         0x00000000   Number         0  i2c_2.o ABSOLUTE
    ..\\Src\\main_task.c                     0x00000000   Number         0  main_task.o ABSOLUTE
    ..\\Src\\oled.c                          0x00000000   Number         0  oled.o ABSOLUTE
    ..\\Src\\recv_task.c                     0x00000000   Number         0  recv_task.o ABSOLUTE
    ..\\Src\\rtc_task.c                      0x00000000   Number         0  rtc_task.o ABSOLUTE
    ..\\Src\\spi.c                           0x00000000   Number         0  spi.o ABSOLUTE
    ..\\Src\\sts30.c                         0x00000000   Number         0  sts30.o ABSOLUTE
    ..\\Src\\zm4xx_gpio.c                    0x00000000   Number         0  zm4xx_gpio.o ABSOLUTE
    cdrcmple.s                               0x00000000   Number         0  cdrcmple.o ABSOLUTE
    dc.s                                     0x00000000   Number         0  dc.o ABSOLUTE
    handlers.s                               0x00000000   Number         0  handlers.o ABSOLUTE
    init.s                                   0x00000000   Number         0  init.o ABSOLUTE
    startup_stm32l071xx.s                    0x00000000   Number         0  startup_stm32l071xx.o ABSOLUTE
    RESET                                    0x08000000   Section      192  startup_stm32l071xx.o(RESET)
    .ARM.Collect$$$$00000000                 0x080000c0   Section        0  entry.o(.ARM.Collect$$$$00000000)
    .ARM.Collect$$$$00000001                 0x080000c0   Section        4  entry2.o(.ARM.Collect$$$$00000001)
    .ARM.Collect$$$$00000004                 0x080000c4   Section        4  entry5.o(.ARM.Collect$$$$00000004)
    .ARM.Collect$$$$00000008                 0x080000c8   Section        0  entry7b.o(.ARM.Collect$$$$00000008)
    .ARM.Collect$$$$0000000A                 0x080000c8   Section        0  entry8b.o(.ARM.Collect$$$$0000000A)
    .ARM.Collect$$$$0000000B                 0x080000c8   Section        8  entry9a.o(.ARM.Collect$$$$0000000B)
    .ARM.Collect$$$$0000000D                 0x080000d0   Section        0  entry10a.o(.ARM.Collect$$$$0000000D)
    .ARM.Collect$$$$0000000F                 0x080000d0   Section        0  entry11a.o(.ARM.Collect$$$$0000000F)
    .ARM.Collect$$$$00002712                 0x080000d0   Section        4  entry2.o(.ARM.Collect$$$$00002712)
    __lit__00000000                          0x080000d0   Data           4  entry2.o(.ARM.Collect$$$$00002712)
    .text                                    0x080000d4   Section       28  startup_stm32l071xx.o(.text)
    .text                                    0x080000f0   Section        0  uidiv.o(.text)
    .text                                    0x0800011c   Section        0  uldiv.o(.text)
    .text                                    0x0800017c   Section        0  llmul.o(.text)
    .text                                    0x080001f6   Section        0  memcpya.o(.text)
    .text                                    0x0800021a   Section        0  memseta.o(.text)
    .text                                    0x08000240   Section        0  dadd.o(.text)
    .text                                    0x080003a4   Section        0  dmul.o(.text)
    .text                                    0x08000474   Section        0  ddiv.o(.text)
    .text                                    0x08000564   Section        0  ffltui.o(.text)
    .text                                    0x08000574   Section        0  dfltui.o(.text)
    .text                                    0x08000590   Section        0  ffixi.o(.text)
    .text                                    0x080005c4   Section        0  dfixui.o(.text)
    .text                                    0x08000600   Section        0  f2d.o(.text)
    .text                                    0x08000628   Section        0  d2f.o(.text)
    .text                                    0x08000660   Section        0  llshl.o(.text)
    .text                                    0x08000680   Section        0  llushr.o(.text)
    .text                                    0x080006a2   Section        0  llsshr.o(.text)
    .text                                    0x080006c8   Section        0  fepilogue.o(.text)
    .text                                    0x080006c8   Section        0  iusefp.o(.text)
    .text                                    0x0800074a   Section        0  depilogue.o(.text)
    .text                                    0x08000808   Section        0  dfixul.o(.text)
    .text                                    0x08000848   Section       40  cdrcmple.o(.text)
    .text                                    0x08000870   Section       36  init.o(.text)
    i.Compare_Cmd                            0x08000894   Section        0  recv_task.o(i.Compare_Cmd)
    i.Get_Temperature                        0x080008d0   Section        0  sts30.o(i.Get_Temperature)
    i.HAL_Delay                              0x08000978   Section        0  stm32l0xx_hal.o(i.HAL_Delay)
    i.HAL_GPIO_Init                          0x08000994   Section        0  stm32l0xx_hal_gpio.o(i.HAL_GPIO_Init)
    i.HAL_GPIO_ReadPin                       0x08000b18   Section        0  stm32l0xx_hal_gpio.o(i.HAL_GPIO_ReadPin)
    i.HAL_GPIO_WritePin                      0x08000b22   Section        0  stm32l0xx_hal_gpio.o(i.HAL_GPIO_WritePin)
    i.HAL_GetTick                            0x08000b30   Section        0  stm32l0xx_hal.o(i.HAL_GetTick)
    i.HAL_IncTick                            0x08000b3c   Section        0  stm32l0xx_hal.o(i.HAL_IncTick)
    i.HAL_Init                               0x08000b4c   Section        0  stm32l0xx_hal.o(i.HAL_Init)
    i.HAL_InitTick                           0x08000b74   Section        0  stm32l0xx_hal.o(i.HAL_InitTick)
    i.HAL_MspInit                            0x08000ba4   Section        0  stm32l0xx_hal_msp.o(i.HAL_MspInit)
    i.HAL_NVIC_SetPriority                   0x08000bbc   Section        0  stm32l0xx_hal_cortex.o(i.HAL_NVIC_SetPriority)
    i.HAL_RCCEx_PeriphCLKConfig              0x08000bc4   Section        0  stm32l0xx_hal_rcc_ex.o(i.HAL_RCCEx_PeriphCLKConfig)
    i.HAL_RCC_ClockConfig                    0x08000d3c   Section        0  stm32l0xx_hal_rcc.o(i.HAL_RCC_ClockConfig)
    i.HAL_RCC_GetSysClockFreq                0x08000ea8   Section        0  stm32l0xx_hal_rcc.o(i.HAL_RCC_GetSysClockFreq)
    i.HAL_RCC_OscConfig                      0x08000f20   Section        0  stm32l0xx_hal_rcc.o(i.HAL_RCC_OscConfig)
    i.HAL_RTC_GetDate                        0x0800134c   Section        0  stm32l0xx_hal_rtc.o(i.HAL_RTC_GetDate)
    i.HAL_RTC_GetTime                        0x08001390   Section        0  stm32l0xx_hal_rtc.o(i.HAL_RTC_GetTime)
    i.HAL_RTC_Init                           0x080013ec   Section        0  stm32l0xx_hal_rtc.o(i.HAL_RTC_Init)
    i.HAL_RTC_MspInit                        0x080014a8   Section        0  stm32l0xx_hal_msp.o(i.HAL_RTC_MspInit)
    i.HAL_RTC_SetDate                        0x080014c8   Section        0  stm32l0xx_hal_rtc.o(i.HAL_RTC_SetDate)
    i.HAL_RTC_SetTime                        0x0800158c   Section        0  stm32l0xx_hal_rtc.o(i.HAL_RTC_SetTime)
    i.HAL_RTC_WaitForSynchro                 0x08001674   Section        0  stm32l0xx_hal_rtc.o(i.HAL_RTC_WaitForSynchro)
    i.HAL_SYSTICK_Config                     0x080016a8   Section        0  stm32l0xx_hal_cortex.o(i.HAL_SYSTICK_Config)
    i.HardFault_Handler                      0x080016d8   Section        0  stm32l0xx_it.o(i.HardFault_Handler)
    i.I2CReceiveByte2                        0x080016da   Section        0  i2c_2.o(i.I2CReceiveByte2)
    i.I2CSendAck2                            0x0800172a   Section        0  i2c_2.o(i.I2CSendAck2)
    i.I2CSendByte                            0x08001758   Section        0  i2c.o(i.I2CSendByte)
    i.I2CSendByte2                           0x080017a6   Section        0  i2c_2.o(i.I2CSendByte2)
    i.I2CSendNotAck2                         0x080017f4   Section        0  i2c_2.o(i.I2CSendNotAck2)
    i.I2CStart                               0x08001822   Section        0  i2c.o(i.I2CStart)
    i.I2CStart2                              0x08001856   Section        0  i2c_2.o(i.I2CStart2)
    i.I2CStop                                0x0800188a   Section        0  i2c.o(i.I2CStop)
    i.I2CStop2                               0x080018be   Section        0  i2c_2.o(i.I2CStop2)
    i.I2CWaitAck                             0x080018f2   Section        0  i2c.o(i.I2CWaitAck)
    i.I2CWaitAck2                            0x08001944   Section        0  i2c_2.o(i.I2CWaitAck2)
    i.MX_GPIO_Init                           0x08001998   Section        0  main.o(i.MX_GPIO_Init)
    MX_GPIO_Init                             0x08001999   Thumb Code   202  main.o(i.MX_GPIO_Init)
    i.MX_RTC_Init                            0x08001a70   Section        0  main.o(i.MX_RTC_Init)
    MX_RTC_Init                              0x08001a71   Thumb Code    98  main.o(i.MX_RTC_Init)
    i.NMI_Handler                            0x08001adc   Section        0  stm32l0xx_it.o(i.NMI_Handler)
    i.NVIC_SetPriority                       0x08001ae0   Section        0  stm32l0xx_hal_cortex.o(i.NVIC_SetPriority)
    NVIC_SetPriority                         0x08001ae1   Thumb Code    60  stm32l0xx_hal_cortex.o(i.NVIC_SetPriority)
    i.OLED_Clear                             0x08001b24   Section        0  oled.o(i.OLED_Clear)
    i.OLED_Init                              0x08001b60   Section        0  oled.o(i.OLED_Init)
    i.OLED_PowerControl                      0x08001c20   Section        0  oled.o(i.OLED_PowerControl)
    i.OLED_SetPos                            0x08001c3c   Section        0  oled.o(i.OLED_SetPos)
    i.OLED_ShowChar                          0x08001c60   Section        0  oled.o(i.OLED_ShowChar)
    i.OLED_ShowString                        0x08001ce4   Section        0  oled.o(i.OLED_ShowString)
    i.OLED_Write                             0x08001d18   Section        0  oled.o(i.OLED_Write)
    i.PendSV_Handler                         0x08001d4e   Section        0  stm32l0xx_it.o(i.PendSV_Handler)
    i.RTC_Bcd2ToByte                         0x08001d50   Section        0  stm32l0xx_hal_rtc.o(i.RTC_Bcd2ToByte)
    i.RTC_ByteToBcd2                         0x08001d60   Section        0  stm32l0xx_hal_rtc.o(i.RTC_ByteToBcd2)
    i.RTC_EnterInitMode                      0x08001d78   Section        0  stm32l0xx_hal_rtc.o(i.RTC_EnterInitMode)
    i.SCL_Output                             0x08001db0   Section        0  i2c.o(i.SCL_Output)
    i.SCL_Output2                            0x08001dcc   Section        0  i2c_2.o(i.SCL_Output2)
    i.SDA_Input                              0x08001de8   Section        0  i2c.o(i.SDA_Input)
    i.SDA_Input2                             0x08001df8   Section        0  i2c_2.o(i.SDA_Input2)
    i.SDA_Input_Mode                         0x08001e08   Section        0  i2c.o(i.SDA_Input_Mode)
    i.SDA_Input_Mode2                        0x08001e34   Section        0  i2c_2.o(i.SDA_Input_Mode2)
    i.SDA_Output                             0x08001e60   Section        0  i2c.o(i.SDA_Output)
    i.SDA_Output2                            0x08001e7c   Section        0  i2c_2.o(i.SDA_Output2)
    i.SDA_Output_Mode                        0x08001e98   Section        0  i2c.o(i.SDA_Output_Mode)
    i.SDA_Output_Mode2                       0x08001ec4   Section        0  i2c_2.o(i.SDA_Output_Mode2)
    i.SVC_Handler                            0x08001ef0   Section        0  stm32l0xx_it.o(i.SVC_Handler)
    i.Save_temper                            0x08001ef4   Section        0  recv_task.o(i.Save_temper)
    i.SysTick_Handler                        0x08001f54   Section        0  stm32l0xx_it.o(i.SysTick_Handler)
    i.SystemClock_Config                     0x08001fc8   Section        0  main.o(i.SystemClock_Config)
    i.SystemInit                             0x08002044   Section        0  system_stm32l0xx.o(i.SystemInit)
    i.TaskRecv_Init                          0x08002098   Section        0  recv_task.o(i.TaskRecv_Init)
    i.Task_BrdInit                           0x080020dc   Section        0  main_task.o(i.Task_BrdInit)
    i.Task_Main                              0x0800213c   Section        0  main_task.o(i.Task_Main)
    i.Task_Recv                              0x080021e4   Section        0  recv_task.o(i.Task_Recv)
    i.Task_Rtc                               0x08002280   Section        0  rtc_task.o(i.Task_Rtc)
    i.__0sprintf                             0x080022cc   Section        0  printfa.o(i.__0sprintf)
    i.__ARM_clz                              0x080022f4   Section        0  depilogue.o(i.__ARM_clz)
    i.__ARM_common_ll_mulss                  0x08002322   Section        0  sx127x_lora.o(i.__ARM_common_ll_mulss)
    i.__ARM_common_ll_muluu                  0x08002352   Section        0  sx127x_lora.o(i.__ARM_common_ll_muluu)
    i.__ARM_common_switch8                   0x08002382   Section        0  sx127x_lora.o(i.__ARM_common_switch8)
    i.__cad_done_call_func                   0x0800239c   Section        0  sx127x_lora.o(i.__cad_done_call_func)
    __cad_done_call_func                     0x0800239d   Thumb Code     2  sx127x_lora.o(i.__cad_done_call_func)
    i.__fhss_change_channel_call_func        0x0800239e   Section        0  sx127x_lora.o(i.__fhss_change_channel_call_func)
    __fhss_change_channel_call_func          0x0800239f   Thumb Code     2  sx127x_lora.o(i.__fhss_change_channel_call_func)
    i.__rx_chain_calibration                 0x080023a0   Section        0  sx127x_lora.o(i.__rx_chain_calibration)
    __rx_chain_calibration                   0x080023a1   Thumb Code   218  sx127x_lora.o(i.__rx_chain_calibration)
    i.__rx_crc_err_call_func                 0x08002480   Section        0  sx127x_lora.o(i.__rx_crc_err_call_func)
    __rx_crc_err_call_func                   0x08002481   Thumb Code     2  sx127x_lora.o(i.__rx_crc_err_call_func)
    i.__rx_done_call_func                    0x08002482   Section        0  sx127x_lora.o(i.__rx_done_call_func)
    __rx_done_call_func                      0x08002483   Thumb Code     2  sx127x_lora.o(i.__rx_done_call_func)
    i.__rx_timeout_call_func                 0x08002484   Section        0  sx127x_lora.o(i.__rx_timeout_call_func)
    __rx_timeout_call_func                   0x08002485   Thumb Code     2  sx127x_lora.o(i.__rx_timeout_call_func)
    i.__scatterload_copy                     0x08002486   Section       14  handlers.o(i.__scatterload_copy)
    i.__scatterload_null                     0x08002494   Section        2  handlers.o(i.__scatterload_null)
    i.__scatterload_zeroinit                 0x08002496   Section       14  handlers.o(i.__scatterload_zeroinit)
    i.__sx127x_cad_start                     0x080024a4   Section        0  sx127x_lora.o(i.__sx127x_cad_start)
    __sx127x_cad_start                       0x080024a5   Thumb Code   210  sx127x_lora.o(i.__sx127x_cad_start)
    i.__sx127x_detect_optimize_set           0x08002576   Section        0  sx127x_lora.o(i.__sx127x_detect_optimize_set)
    __sx127x_detect_optimize_set             0x08002577   Thumb Code    28  sx127x_lora.o(i.__sx127x_detect_optimize_set)
    i.__sx127x_detect_threshold_set          0x08002592   Section        0  sx127x_lora.o(i.__sx127x_detect_threshold_set)
    __sx127x_detect_threshold_set            0x08002593   Thumb Code    12  sx127x_lora.o(i.__sx127x_detect_threshold_set)
    i.__sx127x_ioctl                         0x0800259e   Section        0  sx127x_lora.o(i.__sx127x_ioctl)
    __sx127x_ioctl                           0x0800259f   Thumb Code   102  sx127x_lora.o(i.__sx127x_ioctl)
    i.__sx127x_lora_dio0_irq_func            0x08002604   Section        0  sx127x_lora.o(i.__sx127x_lora_dio0_irq_func)
    i.__sx127x_lora_dio1_irq_func            0x08002606   Section        0  sx127x_lora.o(i.__sx127x_lora_dio1_irq_func)
    i.__sx127x_lora_dio2_irq_func            0x08002646   Section        0  sx127x_lora.o(i.__sx127x_lora_dio2_irq_func)
    i.__sx127x_lora_get_preamble_length      0x080026a0   Section        0  sx127x_lora.o(i.__sx127x_lora_get_preamble_length)
    __sx127x_lora_get_preamble_length        0x080026a1   Thumb Code    26  sx127x_lora.o(i.__sx127x_lora_get_preamble_length)
    i.__sx127x_lora_init                     0x080026ba   Section        0  sx127x_lora.o(i.__sx127x_lora_init)
    __sx127x_lora_init                       0x080026bb   Thumb Code   264  sx127x_lora.o(i.__sx127x_lora_init)
    i.__sx127x_lora_read_cur_rssi            0x080027c4   Section        0  sx127x_lora.o(i.__sx127x_lora_read_cur_rssi)
    __sx127x_lora_read_cur_rssi              0x080027c5   Thumb Code    36  sx127x_lora.o(i.__sx127x_lora_read_cur_rssi)
    i.__sx127x_lora_rx_data_read             0x080027ec   Section        0  sx127x_lora.o(i.__sx127x_lora_rx_data_read)
    __sx127x_lora_rx_data_read               0x080027ed   Thumb Code   414  sx127x_lora.o(i.__sx127x_lora_rx_data_read)
    i.__sx127x_lora_rx_state_enter           0x08002990   Section        0  sx127x_lora.o(i.__sx127x_lora_rx_state_enter)
    __sx127x_lora_rx_state_enter             0x08002991   Thumb Code   710  sx127x_lora.o(i.__sx127x_lora_rx_state_enter)
    i.__sx127x_lora_set_error_coding         0x08002c74   Section        0  sx127x_lora.o(i.__sx127x_lora_set_error_coding)
    __sx127x_lora_set_error_coding           0x08002c75   Thumb Code    38  sx127x_lora.o(i.__sx127x_lora_set_error_coding)
    i.__sx127x_lora_set_low_datarate_optimize 0x08002c9a   Section        0  sx127x_lora.o(i.__sx127x_lora_set_low_datarate_optimize)
    __sx127x_lora_set_low_datarate_optimize  0x08002c9b   Thumb Code    32  sx127x_lora.o(i.__sx127x_lora_set_low_datarate_optimize)
    i.__sx127x_lora_set_op_mode              0x08002cbc   Section        0  sx127x_lora.o(i.__sx127x_lora_set_op_mode)
    __sx127x_lora_set_op_mode                0x08002cbd   Thumb Code    42  sx127x_lora.o(i.__sx127x_lora_set_op_mode)
    i.__sx127x_lora_set_pa_20dbm             0x08002cec   Section        0  sx127x_lora.o(i.__sx127x_lora_set_pa_20dbm)
    __sx127x_lora_set_pa_20dbm               0x08002ced   Thumb Code    40  sx127x_lora.o(i.__sx127x_lora_set_pa_20dbm)
    i.__sx127x_lora_set_packet_crc_on        0x08002d14   Section        0  sx127x_lora.o(i.__sx127x_lora_set_packet_crc_on)
    __sx127x_lora_set_packet_crc_on          0x08002d15   Thumb Code    38  sx127x_lora.o(i.__sx127x_lora_set_packet_crc_on)
    i.__sx127x_lora_set_payload_length       0x08002d3a   Section        0  sx127x_lora.o(i.__sx127x_lora_set_payload_length)
    __sx127x_lora_set_payload_length         0x08002d3b   Thumb Code    14  sx127x_lora.o(i.__sx127x_lora_set_payload_length)
    i.__sx127x_lora_set_preamble_length      0x08002d48   Section        0  sx127x_lora.o(i.__sx127x_lora_set_preamble_length)
    __sx127x_lora_set_preamble_length        0x08002d49   Thumb Code    46  sx127x_lora.o(i.__sx127x_lora_set_preamble_length)
    i.__sx127x_lora_set_rf_frequency         0x08002d78   Section        0  sx127x_lora.o(i.__sx127x_lora_set_rf_frequency)
    __sx127x_lora_set_rf_frequency           0x08002d79   Thumb Code    56  sx127x_lora.o(i.__sx127x_lora_set_rf_frequency)
    i.__sx127x_lora_set_rf_power             0x08002db4   Section        0  sx127x_lora.o(i.__sx127x_lora_set_rf_power)
    __sx127x_lora_set_rf_power               0x08002db5   Thumb Code   152  sx127x_lora.o(i.__sx127x_lora_set_rf_power)
    i.__sx127x_lora_set_signal_bandwidth     0x08002e4c   Section        0  sx127x_lora.o(i.__sx127x_lora_set_signal_bandwidth)
    __sx127x_lora_set_signal_bandwidth       0x08002e4d   Thumb Code    38  sx127x_lora.o(i.__sx127x_lora_set_signal_bandwidth)
    i.__sx127x_lora_set_spreading_factor     0x08002e72   Section        0  sx127x_lora.o(i.__sx127x_lora_set_spreading_factor)
    __sx127x_lora_set_spreading_factor       0x08002e73   Thumb Code    84  sx127x_lora.o(i.__sx127x_lora_set_spreading_factor)
    i.__sx127x_lora_tx_data                  0x08002ec6   Section        0  sx127x_lora.o(i.__sx127x_lora_tx_data)
    __sx127x_lora_tx_data                    0x08002ec7   Thumb Code   506  sx127x_lora.o(i.__sx127x_lora_tx_data)
    i.__sx127x_mode_set                      0x080030c0   Section        0  sx127x_lora.o(i.__sx127x_mode_set)
    __sx127x_mode_set                        0x080030c1   Thumb Code    80  sx127x_lora.o(i.__sx127x_mode_set)
    i.__sx127x_pkt_buf_read                  0x08003110   Section        0  sx127x_lora.o(i.__sx127x_pkt_buf_read)
    __sx127x_pkt_buf_read                    0x08003111   Thumb Code    88  sx127x_lora.o(i.__sx127x_pkt_buf_read)
    i.__sx127x_power_set_adapter             0x08003168   Section        0  sx127x_lora.o(i.__sx127x_power_set_adapter)
    __sx127x_power_set_adapter               0x08003169   Thumb Code    64  sx127x_lora.o(i.__sx127x_power_set_adapter)
    i.__sx127x_read_buffer                   0x080031ac   Section        0  sx127x_lora.o(i.__sx127x_read_buffer)
    __sx127x_read_buffer                     0x080031ad   Thumb Code    58  sx127x_lora.o(i.__sx127x_read_buffer)
    i.__sx127x_read_fifo                     0x080031e6   Section        0  sx127x_lora.o(i.__sx127x_read_fifo)
    __sx127x_read_fifo                       0x080031e7   Thumb Code    14  sx127x_lora.o(i.__sx127x_read_fifo)
    i.__sx127x_read_reg                      0x080031f4   Section        0  sx127x_lora.o(i.__sx127x_read_reg)
    __sx127x_read_reg                        0x080031f5   Thumb Code    16  sx127x_lora.o(i.__sx127x_read_reg)
    i.__sx127x_reset                         0x08003204   Section        0  sx127x_lora.o(i.__sx127x_reset)
    i.__sx127x_state_get                     0x08003236   Section        0  sx127x_lora.o(i.__sx127x_state_get)
    __sx127x_state_get                       0x08003237   Thumb Code    58  sx127x_lora.o(i.__sx127x_state_get)
    i.__sx127x_sync_id_get                   0x08003270   Section        0  sx127x_lora.o(i.__sx127x_sync_id_get)
    __sx127x_sync_id_get                     0x08003271   Thumb Code     6  sx127x_lora.o(i.__sx127x_sync_id_get)
    i.__sx127x_sync_id_set                   0x08003276   Section        0  sx127x_lora.o(i.__sx127x_sync_id_set)
    __sx127x_sync_id_set                     0x08003277   Thumb Code     6  sx127x_lora.o(i.__sx127x_sync_id_set)
    i.__sx127x_time_on_air_get               0x0800327c   Section        0  sx127x_lora.o(i.__sx127x_time_on_air_get)
    __sx127x_time_on_air_get                 0x0800327d   Thumb Code   324  sx127x_lora.o(i.__sx127x_time_on_air_get)
    i.__sx127x_write_buffer                  0x080033e0   Section        0  sx127x_lora.o(i.__sx127x_write_buffer)
    __sx127x_write_buffer                    0x080033e1   Thumb Code    58  sx127x_lora.o(i.__sx127x_write_buffer)
    i.__sx127x_write_reg                     0x0800341a   Section        0  sx127x_lora.o(i.__sx127x_write_reg)
    __sx127x_write_reg                       0x0800341b   Thumb Code    12  sx127x_lora.o(i.__sx127x_write_reg)
    i._fp_digits                             0x08003428   Section        0  printfa.o(i._fp_digits)
    _fp_digits                               0x08003429   Thumb Code   316  printfa.o(i._fp_digits)
    i._printf_core                           0x08003580   Section        0  printfa.o(i._printf_core)
    _printf_core                             0x08003581   Thumb Code  1754  printfa.o(i._printf_core)
    i._printf_post_padding                   0x08003c6c   Section        0  printfa.o(i._printf_post_padding)
    _printf_post_padding                     0x08003c6d   Thumb Code    32  printfa.o(i._printf_post_padding)
    i._printf_pre_padding                    0x08003c8c   Section        0  printfa.o(i._printf_pre_padding)
    _printf_pre_padding                      0x08003c8d   Thumb Code    44  printfa.o(i._printf_pre_padding)
    i._sputc                                 0x08003cb8   Section        0  printfa.o(i._sputc)
    _sputc                                   0x08003cb9   Thumb Code    10  printfa.o(i._sputc)
    i.crc16_ccitt                            0x08003cc4   Section        0  sx127x_lora.o(i.crc16_ccitt)
    i.delay1                                 0x08003cfc   Section        0  i2c.o(i.delay1)
    delay1                                   0x08003cfd   Thumb Code    12  i2c.o(i.delay1)
    i.delay1                                 0x08003d08   Section        0  i2c_2.o(i.delay1)
    delay1                                   0x08003d09   Thumb Code    12  i2c_2.o(i.delay1)
    i.delay_us                               0x08003d14   Section        0  recv_task.o(i.delay_us)
    i.main                                   0x08003d1a   Section        0  main.o(i.main)
    i.radio_buf_recv                         0x08003d34   Section        0  sx127x_lora.o(i.radio_buf_recv)
    i.radio_buf_send                         0x08003d56   Section        0  sx127x_lora.o(i.radio_buf_send)
    i.radio_mode_set                         0x08003d74   Section        0  sx127x_lora.o(i.radio_mode_set)
    i.radio_sx127x_lora_init                 0x08003d88   Section        0  sx127x_lora.o(i.radio_sx127x_lora_init)
    i.radio_zm4xx_inst_init                  0x08003e08   Section        0  sx127x_lora.o(i.radio_zm4xx_inst_init)
    i.spi_init                               0x08003e44   Section        0  spi.o(i.spi_init)
    i.spi_recv_byte                          0x08003eac   Section        0  spi.o(i.spi_recv_byte)
    i.spi_send_byte                          0x08003ef6   Section        0  spi.o(i.spi_send_byte)
    i.zm4xx_pin_init                         0x08003f40   Section        0  zm4xx_gpio.o(i.zm4xx_pin_init)
    i.zm4xx_rst_pin_set                      0x08003f8c   Section        0  zm4xx_gpio.o(i.zm4xx_rst_pin_set)
    i.zm4xx_sel_pin_set                      0x08003fa0   Section        0  zm4xx_gpio.o(i.zm4xx_sel_pin_set)
    .constdata                               0x08003fb2   Section      552  font.o(.constdata)
    .constdata                               0x080041da   Section     1520  font.o(.constdata)
    .constdata                               0x080047cc   Section      104  sx127x_lora.o(.constdata)
    __g_sx127x_drv_funcs                     0x080047cc   Data          72  sx127x_lora.o(.constdata)
    .constdata                               0x08004834   Section      256  sx127x_lora.o(.constdata)
    __g_hop_freq_tab                         0x08004834   Data         256  sx127x_lora.o(.constdata)
    .constdata                               0x08004934   Section       25  system_stm32l0xx.o(.constdata)
    .data                                    0x20000000   Section        4  main_task.o(.data)
    .data                                    0x20000004   Section      100  sx127x_lora.o(.data)
    mode_prev                                0x20000004   Data           1  sx127x_lora.o(.data)
    __g_spi_dev                              0x20000008   Data           8  sx127x_lora.o(.data)
    __g_gpio_dev                             0x20000010   Data           8  sx127x_lora.o(.data)
    __g_delay                                0x20000018   Data           8  sx127x_lora.o(.data)
    __g_sx127x_devinfo                       0x20000020   Data           8  sx127x_lora.o(.data)
    __g_sx127x_events                        0x20000028   Data          28  sx127x_lora.o(.data)
    __g_lora_param                           0x20000044   Data          36  sx127x_lora.o(.data)
    .data                                    0x20000068   Section       61  recv_task.o(.data)
    .data                                    0x200000a5   Section        4  rtc_task.o(.data)
    .data                                    0x200000aa   Section       16  stm32l0xx_it.o(.data)
    temp_num1                                0x200000b0   Data           2  stm32l0xx_it.o(.data)
    temp_num2                                0x200000b2   Data           2  stm32l0xx_it.o(.data)
    temp_num3                                0x200000b4   Data           2  stm32l0xx_it.o(.data)
    temp_num4                                0x200000b6   Data           2  stm32l0xx_it.o(.data)
    temp_num5                                0x200000b8   Data           2  stm32l0xx_it.o(.data)
    .data                                    0x200000bc   Section        4  stm32l0xx_hal.o(.data)
    .data                                    0x200000c0   Section        4  system_stm32l0xx.o(.data)
    .bss                                     0x200000c4   Section       32  main_task.o(.bss)
    .bss                                     0x200000e4   Section       32  sx127x_lora.o(.bss)
    __g_sx127x                               0x200000e4   Data          32  sx127x_lora.o(.bss)
    .bss                                     0x20000104   Section      510  recv_task.o(.bss)
    .bss                                     0x20000304   Section       20  rtc_task.o(.bss)
    .bss                                     0x20000318   Section       36  main.o(.bss)
    STACK                                    0x20000340   Section     1024  startup_stm32l071xx.o(STACK)

    Global Symbols

    Symbol Name                              Value     Ov Type        Size  Object(Section)

    BuildAttributes$$THM_ISAv3M$S$PE$A:L22$X:L11$S22$IEEE1$IW$USESV6$~STKCKD$USESV7$~SHL$OTIME$ROPI$EBA8$MICROLIB$REQ8$PRES8$EABIv2 0x00000000   Number         0  anon$$obj.o ABSOLUTE
    __ARM_use_no_argv                        0x00000000   Number         0  main.o ABSOLUTE
    _printf_a                                0x00000000   Number         0  stubs.o ABSOLUTE
    _printf_c                                0x00000000   Number         0  stubs.o ABSOLUTE
    _printf_charcount                        0x00000000   Number         0  stubs.o ABSOLUTE
    _printf_d                                0x00000000   Number         0  stubs.o ABSOLUTE
    _printf_e                                0x00000000   Number         0  stubs.o ABSOLUTE
    _printf_f                                0x00000000   Number         0  stubs.o ABSOLUTE
    _printf_flags                            0x00000000   Number         0  stubs.o ABSOLUTE
    _printf_fp_dec                           0x00000000   Number         0  stubs.o ABSOLUTE
    _printf_fp_hex                           0x00000000   Number         0  stubs.o ABSOLUTE
    _printf_g                                0x00000000   Number         0  stubs.o ABSOLUTE
    _printf_i                                0x00000000   Number         0  stubs.o ABSOLUTE
    _printf_int_dec                          0x00000000   Number         0  stubs.o ABSOLUTE
    _printf_l                                0x00000000   Number         0  stubs.o ABSOLUTE
    _printf_lc                               0x00000000   Number         0  stubs.o ABSOLUTE
    _printf_ll                               0x00000000   Number         0  stubs.o ABSOLUTE
    _printf_lld                              0x00000000   Number         0  stubs.o ABSOLUTE
    _printf_lli                              0x00000000   Number         0  stubs.o ABSOLUTE
    _printf_llo                              0x00000000   Number         0  stubs.o ABSOLUTE
    _printf_llu                              0x00000000   Number         0  stubs.o ABSOLUTE
    _printf_llx                              0x00000000   Number         0  stubs.o ABSOLUTE
    _printf_longlong_dec                     0x00000000   Number         0  stubs.o ABSOLUTE
    _printf_longlong_hex                     0x00000000   Number         0  stubs.o ABSOLUTE
    _printf_longlong_oct                     0x00000000   Number         0  stubs.o ABSOLUTE
    _printf_ls                               0x00000000   Number         0  stubs.o ABSOLUTE
    _printf_mbtowc                           0x00000000   Number         0  stubs.o ABSOLUTE
    _printf_n                                0x00000000   Number         0  stubs.o ABSOLUTE
    _printf_o                                0x00000000   Number         0  stubs.o ABSOLUTE
    _printf_p                                0x00000000   Number         0  stubs.o ABSOLUTE
    _printf_percent                          0x00000000   Number         0  stubs.o ABSOLUTE
    _printf_pre_padding                      0x00000000   Number         0  stubs.o ABSOLUTE
    _printf_return_value                     0x00000000   Number         0  stubs.o ABSOLUTE
    _printf_s                                0x00000000   Number         0  stubs.o ABSOLUTE
    _printf_sizespec                         0x00000000   Number         0  stubs.o ABSOLUTE
    _printf_str                              0x00000000   Number         0  stubs.o ABSOLUTE
    _printf_truncate_signed                  0x00000000   Number         0  stubs.o ABSOLUTE
    _printf_truncate_unsigned                0x00000000   Number         0  stubs.o ABSOLUTE
    _printf_u                                0x00000000   Number         0  stubs.o ABSOLUTE
    _printf_wc                               0x00000000   Number         0  stubs.o ABSOLUTE
    _printf_wctomb                           0x00000000   Number         0  stubs.o ABSOLUTE
    _printf_widthprec                        0x00000000   Number         0  stubs.o ABSOLUTE
    _printf_x                                0x00000000   Number         0  stubs.o ABSOLUTE
    __cpp_initialize__aeabi_                  - Undefined Weak Reference
    __cxa_finalize                            - Undefined Weak Reference
    __decompress                              - Undefined Weak Reference
    _clock_init                               - Undefined Weak Reference
    _microlib_exit                            - Undefined Weak Reference
    __Vectors_Size                           0x000000c0   Number         0  startup_stm32l071xx.o ABSOLUTE
    __Vectors                                0x08000000   Data           4  startup_stm32l071xx.o(RESET)
    __Vectors_End                            0x080000c0   Data           0  startup_stm32l071xx.o(RESET)
    __main                                   0x080000c1   Thumb Code     0  entry.o(.ARM.Collect$$$$00000000)
    _main_stk                                0x080000c1   Thumb Code     0  entry2.o(.ARM.Collect$$$$00000001)
    _main_scatterload                        0x080000c5   Thumb Code     0  entry5.o(.ARM.Collect$$$$00000004)
    __main_after_scatterload                 0x080000c9   Thumb Code     0  entry5.o(.ARM.Collect$$$$00000004)
    _main_clock                              0x080000c9   Thumb Code     0  entry7b.o(.ARM.Collect$$$$00000008)
    _main_cpp_init                           0x080000c9   Thumb Code     0  entry8b.o(.ARM.Collect$$$$0000000A)
    _main_init                               0x080000c9   Thumb Code     0  entry9a.o(.ARM.Collect$$$$0000000B)
    __rt_final_cpp                           0x080000d1   Thumb Code     0  entry10a.o(.ARM.Collect$$$$0000000D)
    __rt_final_exit                          0x080000d1   Thumb Code     0  entry11a.o(.ARM.Collect$$$$0000000F)
    Reset_Handler                            0x080000d5   Thumb Code     8  startup_stm32l071xx.o(.text)
    ADC1_COMP_IRQHandler                     0x080000e7   Thumb Code     0  startup_stm32l071xx.o(.text)
    DMA1_Channel1_IRQHandler                 0x080000e7   Thumb Code     0  startup_stm32l071xx.o(.text)
    DMA1_Channel2_3_IRQHandler               0x080000e7   Thumb Code     0  startup_stm32l071xx.o(.text)
    DMA1_Channel4_5_6_7_IRQHandler           0x080000e7   Thumb Code     0  startup_stm32l071xx.o(.text)
    EXTI0_1_IRQHandler                       0x080000e7   Thumb Code     0  startup_stm32l071xx.o(.text)
    EXTI2_3_IRQHandler                       0x080000e7   Thumb Code     0  startup_stm32l071xx.o(.text)
    EXTI4_15_IRQHandler                      0x080000e7   Thumb Code     0  startup_stm32l071xx.o(.text)
    FLASH_IRQHandler                         0x080000e7   Thumb Code     0  startup_stm32l071xx.o(.text)
    I2C1_IRQHandler                          0x080000e7   Thumb Code     0  startup_stm32l071xx.o(.text)
    I2C2_IRQHandler                          0x080000e7   Thumb Code     0  startup_stm32l071xx.o(.text)
    I2C3_IRQHandler                          0x080000e7   Thumb Code     0  startup_stm32l071xx.o(.text)
    LPTIM1_IRQHandler                        0x080000e7   Thumb Code     0  startup_stm32l071xx.o(.text)
    LPUART1_IRQHandler                       0x080000e7   Thumb Code     0  startup_stm32l071xx.o(.text)
    PVD_IRQHandler                           0x080000e7   Thumb Code     0  startup_stm32l071xx.o(.text)
    RCC_IRQHandler                           0x080000e7   Thumb Code     0  startup_stm32l071xx.o(.text)
    RTC_IRQHandler                           0x080000e7   Thumb Code     0  startup_stm32l071xx.o(.text)
    SPI1_IRQHandler                          0x080000e7   Thumb Code     0  startup_stm32l071xx.o(.text)
    SPI2_IRQHandler                          0x080000e7   Thumb Code     0  startup_stm32l071xx.o(.text)
    TIM21_IRQHandler                         0x080000e7   Thumb Code     0  startup_stm32l071xx.o(.text)
    TIM22_IRQHandler                         0x080000e7   Thumb Code     0  startup_stm32l071xx.o(.text)
    TIM2_IRQHandler                          0x080000e7   Thumb Code     0  startup_stm32l071xx.o(.text)
    TIM3_IRQHandler                          0x080000e7   Thumb Code     0  startup_stm32l071xx.o(.text)
    TIM6_IRQHandler                          0x080000e7   Thumb Code     0  startup_stm32l071xx.o(.text)
    TIM7_IRQHandler                          0x080000e7   Thumb Code     0  startup_stm32l071xx.o(.text)
    USART1_IRQHandler                        0x080000e7   Thumb Code     0  startup_stm32l071xx.o(.text)
    USART2_IRQHandler                        0x080000e7   Thumb Code     0  startup_stm32l071xx.o(.text)
    USART4_5_IRQHandler                      0x080000e7   Thumb Code     0  startup_stm32l071xx.o(.text)
    WWDG_IRQHandler                          0x080000e7   Thumb Code     0  startup_stm32l071xx.o(.text)
    __aeabi_uidiv                            0x080000f1   Thumb Code     0  uidiv.o(.text)
    __aeabi_uidivmod                         0x080000f1   Thumb Code    44  uidiv.o(.text)
    __aeabi_uldivmod                         0x0800011d   Thumb Code    96  uldiv.o(.text)
    __aeabi_lmul                             0x0800017d   Thumb Code   122  llmul.o(.text)
    _ll_mul                                  0x0800017d   Thumb Code     0  llmul.o(.text)
    __aeabi_memcpy                           0x080001f7   Thumb Code    36  memcpya.o(.text)
    __aeabi_memcpy4                          0x080001f7   Thumb Code     0  memcpya.o(.text)
    __aeabi_memcpy8                          0x080001f7   Thumb Code     0  memcpya.o(.text)
    __aeabi_memset                           0x0800021b   Thumb Code    14  memseta.o(.text)
    __aeabi_memset4                          0x0800021b   Thumb Code     0  memseta.o(.text)
    __aeabi_memset8                          0x0800021b   Thumb Code     0  memseta.o(.text)
    __aeabi_memclr                           0x08000229   Thumb Code     4  memseta.o(.text)
    __aeabi_memclr4                          0x08000229   Thumb Code     0  memseta.o(.text)
    __aeabi_memclr8                          0x08000229   Thumb Code     0  memseta.o(.text)
    _memset$wrapper                          0x0800022d   Thumb Code    18  memseta.o(.text)
    __aeabi_dadd                             0x08000241   Thumb Code   328  dadd.o(.text)
    __aeabi_dsub                             0x08000389   Thumb Code    12  dadd.o(.text)
    __aeabi_drsub                            0x08000395   Thumb Code    12  dadd.o(.text)
    __aeabi_dmul                             0x080003a5   Thumb Code   202  dmul.o(.text)
    __aeabi_ddiv                             0x08000475   Thumb Code   234  ddiv.o(.text)
    __aeabi_ui2f                             0x08000565   Thumb Code    14  ffltui.o(.text)
    __aeabi_ui2d                             0x08000575   Thumb Code    24  dfltui.o(.text)
    __aeabi_f2iz                             0x08000591   Thumb Code    50  ffixi.o(.text)
    __aeabi_d2uiz                            0x080005c5   Thumb Code    50  dfixui.o(.text)
    __aeabi_f2d                              0x08000601   Thumb Code    40  f2d.o(.text)
    __aeabi_d2f                              0x08000629   Thumb Code    56  d2f.o(.text)
    __aeabi_llsl                             0x08000661   Thumb Code    32  llshl.o(.text)
    _ll_shift_l                              0x08000661   Thumb Code     0  llshl.o(.text)
    __aeabi_llsr                             0x08000681   Thumb Code    34  llushr.o(.text)
    _ll_ushift_r                             0x08000681   Thumb Code     0  llushr.o(.text)
    __aeabi_lasr                             0x080006a3   Thumb Code    38  llsshr.o(.text)
    _ll_sshift_r                             0x080006a3   Thumb Code     0  llsshr.o(.text)
    __I$use$fp                               0x080006c9   Thumb Code     0  iusefp.o(.text)
    _float_round                             0x080006c9   Thumb Code    16  fepilogue.o(.text)
    _float_epilogue                          0x080006d9   Thumb Code   114  fepilogue.o(.text)
    _double_round                            0x0800074b   Thumb Code    26  depilogue.o(.text)
    _double_epilogue                         0x08000765   Thumb Code   164  depilogue.o(.text)
    __aeabi_d2ulz                            0x08000809   Thumb Code    54  dfixul.o(.text)
    __aeabi_cdrcmple                         0x08000849   Thumb Code    38  cdrcmple.o(.text)
    __scatterload                            0x08000871   Thumb Code    28  init.o(.text)
    __scatterload_rt2                        0x08000871   Thumb Code     0  init.o(.text)
    Compare_Cmd                              0x08000895   Thumb Code    58  recv_task.o(i.Compare_Cmd)
    Get_Temperature                          0x080008d1   Thumb Code   154  sts30.o(i.Get_Temperature)
    HAL_Delay                                0x08000979   Thumb Code    28  stm32l0xx_hal.o(i.HAL_Delay)
    HAL_GPIO_Init                            0x08000995   Thumb Code   356  stm32l0xx_hal_gpio.o(i.HAL_GPIO_Init)
    HAL_GPIO_ReadPin                         0x08000b19   Thumb Code    10  stm32l0xx_hal_gpio.o(i.HAL_GPIO_ReadPin)
    HAL_GPIO_WritePin                        0x08000b23   Thumb Code    12  stm32l0xx_hal_gpio.o(i.HAL_GPIO_WritePin)
    HAL_GetTick                              0x08000b31   Thumb Code     6  stm32l0xx_hal.o(i.HAL_GetTick)
    HAL_IncTick                              0x08000b3d   Thumb Code    10  stm32l0xx_hal.o(i.HAL_IncTick)
    HAL_Init                                 0x08000b4d   Thumb Code    36  stm32l0xx_hal.o(i.HAL_Init)
    HAL_InitTick                             0x08000b75   Thumb Code    44  stm32l0xx_hal.o(i.HAL_InitTick)
    HAL_MspInit                              0x08000ba5   Thumb Code    20  stm32l0xx_hal_msp.o(i.HAL_MspInit)
    HAL_NVIC_SetPriority                     0x08000bbd   Thumb Code     8  stm32l0xx_hal_cortex.o(i.HAL_NVIC_SetPriority)
    HAL_RCCEx_PeriphCLKConfig                0x08000bc5   Thumb Code   362  stm32l0xx_hal_rcc_ex.o(i.HAL_RCCEx_PeriphCLKConfig)
    HAL_RCC_ClockConfig                      0x08000d3d   Thumb Code   344  stm32l0xx_hal_rcc.o(i.HAL_RCC_ClockConfig)
    HAL_RCC_GetSysClockFreq                  0x08000ea9   Thumb Code   100  stm32l0xx_hal_rcc.o(i.HAL_RCC_GetSysClockFreq)
    HAL_RCC_OscConfig                        0x08000f21   Thumb Code  1068  stm32l0xx_hal_rcc.o(i.HAL_RCC_OscConfig)
    HAL_RTC_GetDate                          0x0800134d   Thumb Code    68  stm32l0xx_hal_rtc.o(i.HAL_RTC_GetDate)
    HAL_RTC_GetTime                          0x08001391   Thumb Code    88  stm32l0xx_hal_rtc.o(i.HAL_RTC_GetTime)
    HAL_RTC_Init                             0x080013ed   Thumb Code   184  stm32l0xx_hal_rtc.o(i.HAL_RTC_Init)
    HAL_RTC_MspInit                          0x080014a9   Thumb Code    22  stm32l0xx_hal_msp.o(i.HAL_RTC_MspInit)
    HAL_RTC_SetDate                          0x080014c9   Thumb Code   190  stm32l0xx_hal_rtc.o(i.HAL_RTC_SetDate)
    HAL_RTC_SetTime                          0x0800158d   Thumb Code   228  stm32l0xx_hal_rtc.o(i.HAL_RTC_SetTime)
    HAL_RTC_WaitForSynchro                   0x08001675   Thumb Code    52  stm32l0xx_hal_rtc.o(i.HAL_RTC_WaitForSynchro)
    HAL_SYSTICK_Config                       0x080016a9   Thumb Code    38  stm32l0xx_hal_cortex.o(i.HAL_SYSTICK_Config)
    HardFault_Handler                        0x080016d9   Thumb Code     2  stm32l0xx_it.o(i.HardFault_Handler)
    I2CReceiveByte2                          0x080016db   Thumb Code    80  i2c_2.o(i.I2CReceiveByte2)
    I2CSendAck2                              0x0800172b   Thumb Code    46  i2c_2.o(i.I2CSendAck2)
    I2CSendByte                              0x08001759   Thumb Code    78  i2c.o(i.I2CSendByte)
    I2CSendByte2                             0x080017a7   Thumb Code    78  i2c_2.o(i.I2CSendByte2)
    I2CSendNotAck2                           0x080017f5   Thumb Code    46  i2c_2.o(i.I2CSendNotAck2)
    I2CStart                                 0x08001823   Thumb Code    52  i2c.o(i.I2CStart)
    I2CStart2                                0x08001857   Thumb Code    52  i2c_2.o(i.I2CStart2)
    I2CStop                                  0x0800188b   Thumb Code    52  i2c.o(i.I2CStop)
    I2CStop2                                 0x080018bf   Thumb Code    52  i2c_2.o(i.I2CStop2)
    I2CWaitAck                               0x080018f3   Thumb Code    82  i2c.o(i.I2CWaitAck)
    I2CWaitAck2                              0x08001945   Thumb Code    82  i2c_2.o(i.I2CWaitAck2)
    NMI_Handler                              0x08001add   Thumb Code     2  stm32l0xx_it.o(i.NMI_Handler)
    OLED_Clear                               0x08001b25   Thumb Code    60  oled.o(i.OLED_Clear)
    OLED_Init                                0x08001b61   Thumb Code   192  oled.o(i.OLED_Init)
    OLED_PowerControl                        0x08001c21   Thumb Code    24  oled.o(i.OLED_PowerControl)
    OLED_SetPos                              0x08001c3d   Thumb Code    36  oled.o(i.OLED_SetPos)
    OLED_ShowChar                            0x08001c61   Thumb Code   124  oled.o(i.OLED_ShowChar)
    OLED_ShowString                          0x08001ce5   Thumb Code    52  oled.o(i.OLED_ShowString)
    OLED_Write                               0x08001d19   Thumb Code    54  oled.o(i.OLED_Write)
    PendSV_Handler                           0x08001d4f   Thumb Code     2  stm32l0xx_it.o(i.PendSV_Handler)
    RTC_Bcd2ToByte                           0x08001d51   Thumb Code    16  stm32l0xx_hal_rtc.o(i.RTC_Bcd2ToByte)
    RTC_ByteToBcd2                           0x08001d61   Thumb Code    24  stm32l0xx_hal_rtc.o(i.RTC_ByteToBcd2)
    RTC_EnterInitMode                        0x08001d79   Thumb Code    56  stm32l0xx_hal_rtc.o(i.RTC_EnterInitMode)
    SCL_Output                               0x08001db1   Thumb Code    28  i2c.o(i.SCL_Output)
    SCL_Output2                              0x08001dcd   Thumb Code    24  i2c_2.o(i.SCL_Output2)
    SDA_Input                                0x08001de9   Thumb Code    12  i2c.o(i.SDA_Input)
    SDA_Input2                               0x08001df9   Thumb Code    12  i2c_2.o(i.SDA_Input2)
    SDA_Input_Mode                           0x08001e09   Thumb Code    38  i2c.o(i.SDA_Input_Mode)
    SDA_Input_Mode2                          0x08001e35   Thumb Code    38  i2c_2.o(i.SDA_Input_Mode2)
    SDA_Output                               0x08001e61   Thumb Code    24  i2c.o(i.SDA_Output)
    SDA_Output2                              0x08001e7d   Thumb Code    24  i2c_2.o(i.SDA_Output2)
    SDA_Output_Mode                          0x08001e99   Thumb Code    38  i2c.o(i.SDA_Output_Mode)
    SDA_Output_Mode2                         0x08001ec5   Thumb Code    38  i2c_2.o(i.SDA_Output_Mode2)
    SVC_Handler                              0x08001ef1   Thumb Code     2  stm32l0xx_it.o(i.SVC_Handler)
    Save_temper                              0x08001ef5   Thumb Code    68  recv_task.o(i.Save_temper)
    SysTick_Handler                          0x08001f55   Thumb Code   108  stm32l0xx_it.o(i.SysTick_Handler)
    SystemClock_Config                       0x08001fc9   Thumb Code   118  main.o(i.SystemClock_Config)
    SystemInit                               0x08002045   Thumb Code    66  system_stm32l0xx.o(i.SystemInit)
    TaskRecv_Init                            0x08002099   Thumb Code    38  recv_task.o(i.TaskRecv_Init)
    Task_BrdInit                             0x080020dd   Thumb Code    70  main_task.o(i.Task_BrdInit)
    Task_Main                                0x0800213d   Thumb Code   126  main_task.o(i.Task_Main)
    Task_Recv                                0x080021e5   Thumb Code   142  recv_task.o(i.Task_Recv)
    Task_Rtc                                 0x08002281   Thumb Code    42  rtc_task.o(i.Task_Rtc)
    __0sprintf                               0x080022cd   Thumb Code    36  printfa.o(i.__0sprintf)
    __1sprintf                               0x080022cd   Thumb Code     0  printfa.o(i.__0sprintf)
    __2sprintf                               0x080022cd   Thumb Code     0  printfa.o(i.__0sprintf)
    __c89sprintf                             0x080022cd   Thumb Code     0  printfa.o(i.__0sprintf)
    sprintf                                  0x080022cd   Thumb Code     0  printfa.o(i.__0sprintf)
    __ARM_clz                                0x080022f5   Thumb Code    46  depilogue.o(i.__ARM_clz)
    __ARM_common_ll_mulss                    0x08002323   Thumb Code    48  sx127x_lora.o(i.__ARM_common_ll_mulss)
    __ARM_common_ll_muluu                    0x08002353   Thumb Code    48  sx127x_lora.o(i.__ARM_common_ll_muluu)
    __ARM_common_switch8                     0x08002383   Thumb Code    26  sx127x_lora.o(i.__ARM_common_switch8)
    __scatterload_copy                       0x08002487   Thumb Code    14  handlers.o(i.__scatterload_copy)
    __scatterload_null                       0x08002495   Thumb Code     2  handlers.o(i.__scatterload_null)
    __scatterload_zeroinit                   0x08002497   Thumb Code    14  handlers.o(i.__scatterload_zeroinit)
    __sx127x_lora_dio0_irq_func              0x08002605   Thumb Code     2  sx127x_lora.o(i.__sx127x_lora_dio0_irq_func)
    __sx127x_lora_dio1_irq_func              0x08002607   Thumb Code    64  sx127x_lora.o(i.__sx127x_lora_dio1_irq_func)
    __sx127x_lora_dio2_irq_func              0x08002647   Thumb Code    90  sx127x_lora.o(i.__sx127x_lora_dio2_irq_func)
    __sx127x_reset                           0x08003205   Thumb Code    50  sx127x_lora.o(i.__sx127x_reset)
    crc16_ccitt                              0x08003cc5   Thumb Code    50  sx127x_lora.o(i.crc16_ccitt)
    delay_us                                 0x08003d15   Thumb Code     6  recv_task.o(i.delay_us)
    main                                     0x08003d1b   Thumb Code    26  main.o(i.main)
    radio_buf_recv                           0x08003d35   Thumb Code    34  sx127x_lora.o(i.radio_buf_recv)
    radio_buf_send                           0x08003d57   Thumb Code    30  sx127x_lora.o(i.radio_buf_send)
    radio_mode_set                           0x08003d75   Thumb Code    18  sx127x_lora.o(i.radio_mode_set)
    radio_sx127x_lora_init                   0x08003d89   Thumb Code   122  sx127x_lora.o(i.radio_sx127x_lora_init)
    radio_zm4xx_inst_init                    0x08003e09   Thumb Code    50  sx127x_lora.o(i.radio_zm4xx_inst_init)
    spi_init                                 0x08003e45   Thumb Code    98  spi.o(i.spi_init)
    spi_recv_byte                            0x08003ead   Thumb Code    74  spi.o(i.spi_recv_byte)
    spi_send_byte                            0x08003ef7   Thumb Code    74  spi.o(i.spi_send_byte)
    zm4xx_pin_init                           0x08003f41   Thumb Code    70  zm4xx_gpio.o(i.zm4xx_pin_init)
    zm4xx_rst_pin_set                        0x08003f8d   Thumb Code    20  zm4xx_gpio.o(i.zm4xx_rst_pin_set)
    zm4xx_sel_pin_set                        0x08003fa1   Thumb Code    18  zm4xx_gpio.o(i.zm4xx_sel_pin_set)
    g_F6x8                                   0x08003fb2   Data         552  font.o(.constdata)
    g_F8X16                                  0x080041da   Data        1520  font.o(.constdata)
    AHBPrescTable                            0x08004934   Data          16  system_stm32l0xx.o(.constdata)
    PLLMulTable                              0x08004944   Data           9  system_stm32l0xx.o(.constdata)
    Region$$Table$$Base                      0x08004950   Number         0  anon$$obj.o(Region$$Table)
    Region$$Table$$Limit                     0x08004970   Number         0  anon$$obj.o(Region$$Table)
    temper                                   0x20000000   Data           4  main_task.o(.data)
    Radio_RxLength                           0x20000068   Data           2  recv_task.o(.data)
    Radio_handle                             0x2000006c   Data           4  recv_task.o(.data)
    Cmd_B1                                   0x20000070   Data           5  recv_task.o(.data)
    Cmd_B3                                   0x20000075   Data           5  recv_task.o(.data)
    Cmd_B2                                   0x2000007a   Data           5  recv_task.o(.data)
    Cmd_B1_Replay                            0x2000007f   Data           7  recv_task.o(.data)
    Cmd_B3_Replay                            0x20000086   Data           7  recv_task.o(.data)
    Cmd_B2_Replay                            0x2000008d   Data          24  recv_task.o(.data)
    NowDate                                  0x200000a5   Data           4  rtc_task.o(.data)
    g_RTC_Flag                               0x200000aa   Data           1  stm32l0xx_it.o(.data)
    g_Temper_Flag                            0x200000ab   Data           1  stm32l0xx_it.o(.data)
    g_OLED_Flag                              0x200000ac   Data           1  stm32l0xx_it.o(.data)
    g_Radio_Recv_Flag                        0x200000ad   Data           1  stm32l0xx_it.o(.data)
    g_K1_LED_Flag                            0x200000ae   Data           1  stm32l0xx_it.o(.data)
    uwTick                                   0x200000bc   Data           4  stm32l0xx_hal.o(.data)
    SystemCoreClock                          0x200000c0   Data           4  system_stm32l0xx.o(.data)
    g_lcdLine_1st_line                       0x200000c4   Data          16  main_task.o(.bss)
    g_lcdLine_2st_line                       0x200000d4   Data          16  main_task.o(.bss)
    Cmd_Buff                                 0x20000104   Data         255  recv_task.o(.bss)
    Radio_Rxbuff                             0x20000203   Data         255  recv_task.o(.bss)
    NowTime                                  0x20000304   Data          20  rtc_task.o(.bss)
    hrtc                                     0x20000318   Data          36  main.o(.bss)
    __initial_sp                             0x20000740   Data           0  startup_stm32l071xx.o(STACK)



==============================================================================

Memory Map of the image

  Image Entry point : 0x080000c1

  Load Region LR_IROM1 (Base: 0x08000000, Size: 0x00004a34, Max: 0x00020000, ABSOLUTE)

    Execution Region ER_IROM1 (Base: 0x08000000, Size: 0x00004970, Max: 0x00020000, ABSOLUTE)

    Base Addr    Size         Type   Attr      Idx    E Section Name        Object

    0x08000000   0x000000c0   Data   RO            3    RESET               startup_stm32l071xx.o
    0x080000c0   0x00000000   Code   RO         3060  * .ARM.Collect$$$$00000000  mc_p.l(entry.o)
    0x080000c0   0x00000004   Code   RO         3354    .ARM.Collect$$$$00000001  mc_p.l(entry2.o)
    0x080000c4   0x00000004   Code   RO         3357    .ARM.Collect$$$$00000004  mc_p.l(entry5.o)
    0x080000c8   0x00000000   Code   RO         3359    .ARM.Collect$$$$00000008  mc_p.l(entry7b.o)
    0x080000c8   0x00000000   Code   RO         3361    .ARM.Collect$$$$0000000A  mc_p.l(entry8b.o)
    0x080000c8   0x00000008   Code   RO         3362    .ARM.Collect$$$$0000000B  mc_p.l(entry9a.o)
    0x080000d0   0x00000000   Code   RO         3364    .ARM.Collect$$$$0000000D  mc_p.l(entry10a.o)
    0x080000d0   0x00000000   Code   RO         3366    .ARM.Collect$$$$0000000F  mc_p.l(entry11a.o)
    0x080000d0   0x00000004   Code   RO         3355    .ARM.Collect$$$$00002712  mc_p.l(entry2.o)
    0x080000d4   0x0000001c   Code   RO            4    .text               startup_stm32l071xx.o
    0x080000f0   0x0000002c   Code   RO         3063    .text               mc_p.l(uidiv.o)
    0x0800011c   0x00000060   Code   RO         3065    .text               mc_p.l(uldiv.o)
    0x0800017c   0x0000007a   Code   RO         3067    .text               mc_p.l(llmul.o)
    0x080001f6   0x00000024   Code   RO         3069    .text               mc_p.l(memcpya.o)
    0x0800021a   0x00000024   Code   RO         3071    .text               mc_p.l(memseta.o)
    0x0800023e   0x00000002   PAD
    0x08000240   0x00000164   Code   RO         3336    .text               mf_p.l(dadd.o)
    0x080003a4   0x000000d0   Code   RO         3338    .text               mf_p.l(dmul.o)
    0x08000474   0x000000f0   Code   RO         3340    .text               mf_p.l(ddiv.o)
    0x08000564   0x0000000e   Code   RO         3342    .text               mf_p.l(ffltui.o)
    0x08000572   0x00000002   PAD
    0x08000574   0x0000001c   Code   RO         3344    .text               mf_p.l(dfltui.o)
    0x08000590   0x00000032   Code   RO         3346    .text               mf_p.l(ffixi.o)
    0x080005c2   0x00000002   PAD
    0x080005c4   0x0000003c   Code   RO         3348    .text               mf_p.l(dfixui.o)
    0x08000600   0x00000028   Code   RO         3350    .text               mf_p.l(f2d.o)
    0x08000628   0x00000038   Code   RO         3352    .text               mf_p.l(d2f.o)
    0x08000660   0x00000020   Code   RO         3371    .text               mc_p.l(llshl.o)
    0x08000680   0x00000022   Code   RO         3373    .text               mc_p.l(llushr.o)
    0x080006a2   0x00000026   Code   RO         3375    .text               mc_p.l(llsshr.o)
    0x080006c8   0x00000000   Code   RO         3377    .text               mc_p.l(iusefp.o)
    0x080006c8   0x00000082   Code   RO         3378    .text               mf_p.l(fepilogue.o)
    0x0800074a   0x000000be   Code   RO         3380    .text               mf_p.l(depilogue.o)
    0x08000808   0x00000040   Code   RO         3384    .text               mf_p.l(dfixul.o)
    0x08000848   0x00000028   Code   RO         3386    .text               mf_p.l(cdrcmple.o)
    0x08000870   0x00000024   Code   RO         3388    .text               mc_p.l(init.o)
    0x08000894   0x0000003a   Code   RO          882    i.Compare_Cmd       recv_task.o
    0x080008ce   0x00000002   PAD
    0x080008d0   0x000000a8   Code   RO          859    i.Get_Temperature   sts30.o
    0x08000978   0x0000001c   Code   RO         1488    i.HAL_Delay         stm32l0xx_hal.o
    0x08000994   0x00000184   Code   RO         2594    i.HAL_GPIO_Init     stm32l0xx_hal_gpio.o
    0x08000b18   0x0000000a   Code   RO         2596    i.HAL_GPIO_ReadPin  stm32l0xx_hal_gpio.o
    0x08000b22   0x0000000c   Code   RO         2598    i.HAL_GPIO_WritePin  stm32l0xx_hal_gpio.o
    0x08000b2e   0x00000002   PAD
    0x08000b30   0x0000000c   Code   RO         1492    i.HAL_GetTick       stm32l0xx_hal.o
    0x08000b3c   0x00000010   Code   RO         1496    i.HAL_IncTick       stm32l0xx_hal.o
    0x08000b4c   0x00000028   Code   RO         1497    i.HAL_Init          stm32l0xx_hal.o
    0x08000b74   0x00000030   Code   RO         1498    i.HAL_InitTick      stm32l0xx_hal.o
    0x08000ba4   0x00000018   Code   RO         1062    i.HAL_MspInit       stm32l0xx_hal_msp.o
    0x08000bbc   0x00000008   Code   RO         2925    i.HAL_NVIC_SetPriority  stm32l0xx_hal_cortex.o
    0x08000bc4   0x00000178   Code   RO         2269    i.HAL_RCCEx_PeriphCLKConfig  stm32l0xx_hal_rcc_ex.o
    0x08000d3c   0x0000016c   Code   RO         2171    i.HAL_RCC_ClockConfig  stm32l0xx_hal_rcc.o
    0x08000ea8   0x00000078   Code   RO         2179    i.HAL_RCC_GetSysClockFreq  stm32l0xx_hal_rcc.o
    0x08000f20   0x0000042c   Code   RO         2182    i.HAL_RCC_OscConfig  stm32l0xx_hal_rcc.o
    0x0800134c   0x00000044   Code   RO         1099    i.HAL_RTC_GetDate   stm32l0xx_hal_rtc.o
    0x08001390   0x0000005c   Code   RO         1101    i.HAL_RTC_GetTime   stm32l0xx_hal_rtc.o
    0x080013ec   0x000000bc   Code   RO         1102    i.HAL_RTC_Init      stm32l0xx_hal_rtc.o
    0x080014a8   0x00000020   Code   RO         1064    i.HAL_RTC_MspInit   stm32l0xx_hal_msp.o
    0x080014c8   0x000000c4   Code   RO         1108    i.HAL_RTC_SetDate   stm32l0xx_hal_rtc.o
    0x0800158c   0x000000e8   Code   RO         1109    i.HAL_RTC_SetTime   stm32l0xx_hal_rtc.o
    0x08001674   0x00000034   Code   RO         1110    i.HAL_RTC_WaitForSynchro  stm32l0xx_hal_rtc.o
    0x080016a8   0x00000030   Code   RO         2929    i.HAL_SYSTICK_Config  stm32l0xx_hal_cortex.o
    0x080016d8   0x00000002   Code   RO         1012    i.HardFault_Handler  stm32l0xx_it.o
    0x080016da   0x00000050   Code   RO          769    i.I2CReceiveByte2   i2c_2.o
    0x0800172a   0x0000002e   Code   RO          770    i.I2CSendAck2       i2c_2.o
    0x08001758   0x0000004e   Code   RO           14    i.I2CSendByte       i2c.o
    0x080017a6   0x0000004e   Code   RO          771    i.I2CSendByte2      i2c_2.o
    0x080017f4   0x0000002e   Code   RO          772    i.I2CSendNotAck2    i2c_2.o
    0x08001822   0x00000034   Code   RO           16    i.I2CStart          i2c.o
    0x08001856   0x00000034   Code   RO          773    i.I2CStart2         i2c_2.o
    0x0800188a   0x00000034   Code   RO           17    i.I2CStop           i2c.o
    0x080018be   0x00000034   Code   RO          774    i.I2CStop2          i2c_2.o
    0x080018f2   0x00000052   Code   RO           18    i.I2CWaitAck        i2c.o
    0x08001944   0x00000052   Code   RO          775    i.I2CWaitAck2       i2c_2.o
    0x08001996   0x00000002   PAD
    0x08001998   0x000000d8   Code   RO          965    i.MX_GPIO_Init      main.o
    0x08001a70   0x0000006c   Code   RO          966    i.MX_RTC_Init       main.o
    0x08001adc   0x00000002   Code   RO         1013    i.NMI_Handler       stm32l0xx_it.o
    0x08001ade   0x00000002   PAD
    0x08001ae0   0x00000044   Code   RO         2931    i.NVIC_SetPriority  stm32l0xx_hal_cortex.o
    0x08001b24   0x0000003c   Code   RO          275    i.OLED_Clear        oled.o
    0x08001b60   0x000000c0   Code   RO          278    i.OLED_Init         oled.o
    0x08001c20   0x0000001c   Code   RO          279    i.OLED_PowerControl  oled.o
    0x08001c3c   0x00000024   Code   RO          280    i.OLED_SetPos       oled.o
    0x08001c60   0x00000084   Code   RO          281    i.OLED_ShowChar     oled.o
    0x08001ce4   0x00000034   Code   RO          282    i.OLED_ShowString   oled.o
    0x08001d18   0x00000036   Code   RO          283    i.OLED_Write        oled.o
    0x08001d4e   0x00000002   Code   RO         1014    i.PendSV_Handler    stm32l0xx_it.o
    0x08001d50   0x00000010   Code   RO         1111    i.RTC_Bcd2ToByte    stm32l0xx_hal_rtc.o
    0x08001d60   0x00000018   Code   RO         1112    i.RTC_ByteToBcd2    stm32l0xx_hal_rtc.o
    0x08001d78   0x00000038   Code   RO         1113    i.RTC_EnterInitMode  stm32l0xx_hal_rtc.o
    0x08001db0   0x0000001c   Code   RO           19    i.SCL_Output        i2c.o
    0x08001dcc   0x0000001c   Code   RO          776    i.SCL_Output2       i2c_2.o
    0x08001de8   0x00000010   Code   RO           20    i.SDA_Input         i2c.o
    0x08001df8   0x00000010   Code   RO          777    i.SDA_Input2        i2c_2.o
    0x08001e08   0x0000002c   Code   RO           21    i.SDA_Input_Mode    i2c.o
    0x08001e34   0x0000002c   Code   RO          778    i.SDA_Input_Mode2   i2c_2.o
    0x08001e60   0x0000001c   Code   RO           22    i.SDA_Output        i2c.o
    0x08001e7c   0x0000001c   Code   RO          779    i.SDA_Output2       i2c_2.o
    0x08001e98   0x0000002c   Code   RO           23    i.SDA_Output_Mode   i2c.o
    0x08001ec4   0x0000002c   Code   RO          780    i.SDA_Output_Mode2  i2c_2.o
    0x08001ef0   0x00000002   Code   RO         1015    i.SVC_Handler       stm32l0xx_it.o
    0x08001ef2   0x00000002   PAD
    0x08001ef4   0x00000060   Code   RO          883    i.Save_temper       recv_task.o
    0x08001f54   0x00000074   Code   RO         1016    i.SysTick_Handler   stm32l0xx_it.o
    0x08001fc8   0x0000007c   Code   RO          967    i.SystemClock_Config  main.o
    0x08002044   0x00000054   Code   RO         3029    i.SystemInit        system_stm32l0xx.o
    0x08002098   0x00000044   Code   RO          884    i.TaskRecv_Init     recv_task.o
    0x080020dc   0x00000060   Code   RO          198    i.Task_BrdInit      main_task.o
    0x0800213c   0x000000a8   Code   RO          199    i.Task_Main         main_task.o
    0x080021e4   0x0000009c   Code   RO          885    i.Task_Recv         recv_task.o
    0x08002280   0x0000004c   Code   RO          934    i.Task_Rtc          rtc_task.o
    0x080022cc   0x00000028   Code   RO         3310    i.__0sprintf        mc_p.l(printfa.o)
    0x080022f4   0x0000002e   Code   RO         3382    i.__ARM_clz         mf_p.l(depilogue.o)
    0x08002322   0x00000030   Code   RO          728    i.__ARM_common_ll_mulss  sx127x_lora.o
    0x08002352   0x00000030   Code   RO          726    i.__ARM_common_ll_muluu  sx127x_lora.o
    0x08002382   0x0000001a   Code   RO          730    i.__ARM_common_switch8  sx127x_lora.o
    0x0800239c   0x00000002   Code   RO          373    i.__cad_done_call_func  sx127x_lora.o
    0x0800239e   0x00000002   Code   RO          374    i.__fhss_change_channel_call_func  sx127x_lora.o
    0x080023a0   0x000000e0   Code   RO          375    i.__rx_chain_calibration  sx127x_lora.o
    0x08002480   0x00000002   Code   RO          376    i.__rx_crc_err_call_func  sx127x_lora.o
    0x08002482   0x00000002   Code   RO          377    i.__rx_done_call_func  sx127x_lora.o
    0x08002484   0x00000002   Code   RO          378    i.__rx_timeout_call_func  sx127x_lora.o
    0x08002486   0x0000000e   Code   RO         3394    i.__scatterload_copy  mc_p.l(handlers.o)
    0x08002494   0x00000002   Code   RO         3395    i.__scatterload_null  mc_p.l(handlers.o)
    0x08002496   0x0000000e   Code   RO         3396    i.__scatterload_zeroinit  mc_p.l(handlers.o)
    0x080024a4   0x000000d2   Code   RO          379    i.__sx127x_cad_start  sx127x_lora.o
    0x08002576   0x0000001c   Code   RO          380    i.__sx127x_detect_optimize_set  sx127x_lora.o
    0x08002592   0x0000000c   Code   RO          381    i.__sx127x_detect_threshold_set  sx127x_lora.o
    0x0800259e   0x00000066   Code   RO          382    i.__sx127x_ioctl    sx127x_lora.o
    0x08002604   0x00000002   Code   RO          383    i.__sx127x_lora_dio0_irq_func  sx127x_lora.o
    0x08002606   0x00000040   Code   RO          384    i.__sx127x_lora_dio1_irq_func  sx127x_lora.o
    0x08002646   0x0000005a   Code   RO          385    i.__sx127x_lora_dio2_irq_func  sx127x_lora.o
    0x080026a0   0x0000001a   Code   RO          386    i.__sx127x_lora_get_preamble_length  sx127x_lora.o
    0x080026ba   0x00000108   Code   RO          387    i.__sx127x_lora_init  sx127x_lora.o
    0x080027c2   0x00000002   PAD
    0x080027c4   0x00000028   Code   RO          388    i.__sx127x_lora_read_cur_rssi  sx127x_lora.o
    0x080027ec   0x000001a4   Code   RO          389    i.__sx127x_lora_rx_data_read  sx127x_lora.o
    0x08002990   0x000002e4   Code   RO          390    i.__sx127x_lora_rx_state_enter  sx127x_lora.o
    0x08002c74   0x00000026   Code   RO          391    i.__sx127x_lora_set_error_coding  sx127x_lora.o
    0x08002c9a   0x00000020   Code   RO          392    i.__sx127x_lora_set_low_datarate_optimize  sx127x_lora.o
    0x08002cba   0x00000002   PAD
    0x08002cbc   0x00000030   Code   RO          393    i.__sx127x_lora_set_op_mode  sx127x_lora.o
    0x08002cec   0x00000028   Code   RO          394    i.__sx127x_lora_set_pa_20dbm  sx127x_lora.o
    0x08002d14   0x00000026   Code   RO          395    i.__sx127x_lora_set_packet_crc_on  sx127x_lora.o
    0x08002d3a   0x0000000e   Code   RO          396    i.__sx127x_lora_set_payload_length  sx127x_lora.o
    0x08002d48   0x0000002e   Code   RO          397    i.__sx127x_lora_set_preamble_length  sx127x_lora.o
    0x08002d76   0x00000002   PAD
    0x08002d78   0x0000003c   Code   RO          398    i.__sx127x_lora_set_rf_frequency  sx127x_lora.o
    0x08002db4   0x00000098   Code   RO          399    i.__sx127x_lora_set_rf_power  sx127x_lora.o
    0x08002e4c   0x00000026   Code   RO          400    i.__sx127x_lora_set_signal_bandwidth  sx127x_lora.o
    0x08002e72   0x00000054   Code   RO          401    i.__sx127x_lora_set_spreading_factor  sx127x_lora.o
    0x08002ec6   0x000001fa   Code   RO          402    i.__sx127x_lora_tx_data  sx127x_lora.o
    0x080030c0   0x00000050   Code   RO          403    i.__sx127x_mode_set  sx127x_lora.o
    0x08003110   0x00000058   Code   RO          404    i.__sx127x_pkt_buf_read  sx127x_lora.o
    0x08003168   0x00000044   Code   RO          405    i.__sx127x_power_set_adapter  sx127x_lora.o
    0x080031ac   0x0000003a   Code   RO          406    i.__sx127x_read_buffer  sx127x_lora.o
    0x080031e6   0x0000000e   Code   RO          407    i.__sx127x_read_fifo  sx127x_lora.o
    0x080031f4   0x00000010   Code   RO          408    i.__sx127x_read_reg  sx127x_lora.o
    0x08003204   0x00000032   Code   RO          409    i.__sx127x_reset    sx127x_lora.o
    0x08003236   0x0000003a   Code   RO          410    i.__sx127x_state_get  sx127x_lora.o
    0x08003270   0x00000006   Code   RO          411    i.__sx127x_sync_id_get  sx127x_lora.o
    0x08003276   0x00000006   Code   RO          412    i.__sx127x_sync_id_set  sx127x_lora.o
    0x0800327c   0x00000164   Code   RO          413    i.__sx127x_time_on_air_get  sx127x_lora.o
    0x080033e0   0x0000003a   Code   RO          414    i.__sx127x_write_buffer  sx127x_lora.o
    0x0800341a   0x0000000c   Code   RO          415    i.__sx127x_write_reg  sx127x_lora.o
    0x08003426   0x00000002   PAD
    0x08003428   0x00000158   Code   RO         3315    i._fp_digits        mc_p.l(printfa.o)
    0x08003580   0x000006ec   Code   RO         3316    i._printf_core      mc_p.l(printfa.o)
    0x08003c6c   0x00000020   Code   RO         3317    i._printf_post_padding  mc_p.l(printfa.o)
    0x08003c8c   0x0000002c   Code   RO         3318    i._printf_pre_padding  mc_p.l(printfa.o)
    0x08003cb8   0x0000000a   Code   RO         3320    i._sputc            mc_p.l(printfa.o)
    0x08003cc2   0x00000002   PAD
    0x08003cc4   0x00000038   Code   RO          416    i.crc16_ccitt       sx127x_lora.o
    0x08003cfc   0x0000000c   Code   RO           24    i.delay1            i2c.o
    0x08003d08   0x0000000c   Code   RO          781    i.delay1            i2c_2.o
    0x08003d14   0x00000006   Code   RO          886    i.delay_us          recv_task.o
    0x08003d1a   0x0000001a   Code   RO          968    i.main              main.o
    0x08003d34   0x00000022   Code   RO          417    i.radio_buf_recv    sx127x_lora.o
    0x08003d56   0x0000001e   Code   RO          418    i.radio_buf_send    sx127x_lora.o
    0x08003d74   0x00000012   Code   RO          426    i.radio_mode_set    sx127x_lora.o
    0x08003d86   0x00000002   PAD
    0x08003d88   0x00000080   Code   RO          433    i.radio_sx127x_lora_init  sx127x_lora.o
    0x08003e08   0x0000003c   Code   RO          436    i.radio_zm4xx_inst_init  sx127x_lora.o
    0x08003e44   0x00000068   Code   RO          343    i.spi_init          spi.o
    0x08003eac   0x0000004a   Code   RO          344    i.spi_recv_byte     spi.o
    0x08003ef6   0x0000004a   Code   RO          345    i.spi_send_byte     spi.o
    0x08003f40   0x0000004c   Code   RO          737    i.zm4xx_pin_init    zm4xx_gpio.o
    0x08003f8c   0x00000014   Code   RO          738    i.zm4xx_rst_pin_set  zm4xx_gpio.o
    0x08003fa0   0x00000012   Code   RO          739    i.zm4xx_sel_pin_set  zm4xx_gpio.o
    0x08003fb2   0x00000228   Data   RO          187    .constdata          font.o
    0x080041da   0x000005f0   Data   RO          188    .constdata          font.o
    0x080047ca   0x00000002   PAD
    0x080047cc   0x00000068   Data   RO          438    .constdata          sx127x_lora.o
    0x08004834   0x00000100   Data   RO          439    .constdata          sx127x_lora.o
    0x08004934   0x00000019   Data   RO         3030    .constdata          system_stm32l0xx.o
    0x0800494d   0x00000003   PAD
    0x08004950   0x00000020   Data   RO         3392    Region$$Table       anon$$obj.o


    Execution Region RW_IRAM1 (Base: 0x20000000, Size: 0x00000740, Max: 0x00005000, ABSOLUTE)

    Base Addr    Size         Type   Attr      Idx    E Section Name        Object

    0x20000000   0x00000004   Data   RW          201    .data               main_task.o
    0x20000004   0x00000064   Data   RW          440    .data               sx127x_lora.o
    0x20000068   0x0000003d   Data   RW          889    .data               recv_task.o
    0x200000a5   0x00000004   Data   RW          936    .data               rtc_task.o
    0x200000a9   0x00000001   PAD
    0x200000aa   0x00000010   Data   RW         1017    .data               stm32l0xx_it.o
    0x200000ba   0x00000002   PAD
    0x200000bc   0x00000004   Data   RW         1507    .data               stm32l0xx_hal.o
    0x200000c0   0x00000004   Data   RW         3032    .data               system_stm32l0xx.o
    0x200000c4   0x00000020   Zero   RW          200    .bss                main_task.o
    0x200000e4   0x00000020   Zero   RW          437    .bss                sx127x_lora.o
    0x20000104   0x000001fe   Zero   RW          887    .bss                recv_task.o
    0x20000302   0x00000002   PAD
    0x20000304   0x00000014   Zero   RW          935    .bss                rtc_task.o
    0x20000318   0x00000024   Zero   RW          969    .bss                main.o
    0x2000033c   0x00000004   PAD
    0x20000340   0x00000400   Zero   RW            1    STACK               startup_stm32l071xx.o


==============================================================================

Image component sizes


      Code (inc. data)   RO Data    RW Data    ZI Data      Debug   Object Name

         0          0       2072          0          0        535   font.o
       436         20          0          0          0     293873   i2c.o
       608         24          0          0          0       6795   i2c_2.o
       474         30          0          0         36       2823   main.o
       264         68          0          4         32       6793   main_task.o
       554         12          0          0          0       4625   oled.o
       384         72          0         61        510       4183   recv_task.o
        76         34          0          4         20        701   rtc_task.o
       252          6          0          0          0       2283   spi.o
        28          8        192          0       1024        628   startup_stm32l071xx.o
       144         20          0          4          0       3803   stm32l0xx_hal.o
       124         18          0          0          0      10068   stm32l0xx_hal_cortex.o
       410         32          0          0          0       3031   stm32l0xx_hal_gpio.o
        56         14          0          0          0       1220   stm32l0xx_hal_msp.o
      1552         64          0          0          0       4490   stm32l0xx_hal_rcc.o
       376         14          0          0          0       1472   stm32l0xx_hal_rcc_ex.o
       924         18          0          0          0       7280   stm32l0xx_hal_rtc.o
       124          8          0         16          0       2770   stm32l0xx_it.o
       168         14          0          0          0        658   sts30.o
      4646        152        360        100         32      35985   sx127x_lora.o
        84         18         25          4          0       1235   system_stm32l0xx.o
       114          6          0          0          0       1933   zm4xx_gpio.o

    ----------------------------------------------------------------------
     11818        652       2686        196       1660     397184   Object Totals
         0          0         32          0          0          0   (incl. Generated)
        20          0          5          3          6          0   (incl. Padding)

    ----------------------------------------------------------------------

      Code (inc. data)   RO Data    RW Data    ZI Data      Debug   Library Member Name

         0          0          0          0          0          0   entry.o
         0          0          0          0          0          0   entry10a.o
         0          0          0          0          0          0   entry11a.o
         8          4          0          0          0          0   entry2.o
         4          0          0          0          0          0   entry5.o
         0          0          0          0          0          0   entry7b.o
         0          0          0          0          0          0   entry8b.o
         8          4          0          0          0          0   entry9a.o
        30          0          0          0          0          0   handlers.o
        36          8          0          0          0         68   init.o
         0          0          0          0          0          0   iusefp.o
       122          0          0          0          0         84   llmul.o
        32          0          0          0          0         68   llshl.o
        38          0          0          0          0         68   llsshr.o
        34          0          0          0          0         68   llushr.o
        36          0          0          0          0         60   memcpya.o
        36          0          0          0          0        100   memseta.o
      2242         94          0          0          0        472   printfa.o
        44          0          0          0          0         72   uidiv.o
        96          0          0          0          0         84   uldiv.o
        40          2          0          0          0         68   cdrcmple.o
        56          0          0          0          0         68   d2f.o
       356          4          0          0          0        140   dadd.o
       240          6          0          0          0         84   ddiv.o
       236          0          0          0          0        216   depilogue.o
        60         10          0          0          0         68   dfixui.o
        64         10          0          0          0         68   dfixul.o
        28          4          0          0          0         68   dfltui.o
       208          6          0          0          0         88   dmul.o
        40          0          0          0          0         60   f2d.o
       130          0          0          0          0        144   fepilogue.o
        50          0          0          0          0         60   ffixi.o
        14          0          0          0          0         68   ffltui.o

    ----------------------------------------------------------------------
      4296        152          0          0          0       2344   Library Totals
         8          0          0          0          0          0   (incl. Padding)

    ----------------------------------------------------------------------

      Code (inc. data)   RO Data    RW Data    ZI Data      Debug   Library Name

      2766        110          0          0          0       1144   mc_p.l
      1522         42          0          0          0       1200   mf_p.l

    ----------------------------------------------------------------------
      4296        152          0          0          0       2344   Library Totals

    ----------------------------------------------------------------------

==============================================================================


      Code (inc. data)   RO Data    RW Data    ZI Data      Debug   

     16114        804       2686        196       1660     392764   Grand Totals
     16114        804       2686        196       1660     392764   ELF Image Totals
     16114        804       2686        196          0          0   ROM Totals

==============================================================================

    Total RO  Size (Code + RO Data)                18800 (  18.36kB)
    Total RW  Size (RW Data + ZI Data)              1856 (   1.81kB)
    Total ROM Size (Code + RO Data + RW Data)      18996 (  18.55kB)

==============================================================================

