Component: ARM Compiler 5.06 update 1 (build 61) Tool: armlink [4d35a8]

==============================================================================

Section Cross References

    startup_stm32f103xb.o(RESET) refers to startup_stm32f103xb.o(STACK) for __initial_sp
    startup_stm32f103xb.o(RESET) refers to startup_stm32f103xb.o(.text) for Reset_Handler
    startup_stm32f103xb.o(RESET) refers to stm32f1xx_it.o(i.NMI_Handler) for NMI_Handler
    startup_stm32f103xb.o(RESET) refers to stm32f1xx_it.o(i.HardFault_Handler) for HardFault_Handler
    startup_stm32f103xb.o(RESET) refers to stm32f1xx_it.o(i.MemManage_Handler) for MemManage_Handler
    startup_stm32f103xb.o(RESET) refers to stm32f1xx_it.o(i.BusFault_Handler) for BusFault_Handler
    startup_stm32f103xb.o(RESET) refers to stm32f1xx_it.o(i.UsageFault_Handler) for UsageFault_Handler
    startup_stm32f103xb.o(RESET) refers to stm32f1xx_it.o(i.SVC_Handler) for SVC_Handler
    startup_stm32f103xb.o(RESET) refers to stm32f1xx_it.o(i.DebugMon_Handler) for DebugMon_Handler
    startup_stm32f103xb.o(RESET) refers to stm32f1xx_it.o(i.PendSV_Handler) for PendSV_Handler
    startup_stm32f103xb.o(RESET) refers to stm32f1xx_it.o(i.SysTick_Handler) for SysTick_Handler
    startup_stm32f103xb.o(RESET) refers to stm32f1xx_it.o(i.DMA1_Channel1_IRQHandler) for DMA1_Channel1_IRQHandler
    startup_stm32f103xb.o(RESET) refers to stm32f1xx_it.o(i.DMA1_Channel5_IRQHandler) for DMA1_Channel5_IRQHandler
    startup_stm32f103xb.o(RESET) refers to stm32f1xx_it.o(i.EXTI9_5_IRQHandler) for EXTI9_5_IRQHandler
    startup_stm32f103xb.o(RESET) refers to stm32f1xx_it.o(i.TIM1_BRK_IRQHandler) for TIM1_BRK_IRQHandler
    startup_stm32f103xb.o(RESET) refers to stm32f1xx_it.o(i.TIM1_UP_IRQHandler) for TIM1_UP_IRQHandler
    startup_stm32f103xb.o(RESET) refers to stm32f1xx_it.o(i.TIM1_TRG_COM_IRQHandler) for TIM1_TRG_COM_IRQHandler
    startup_stm32f103xb.o(RESET) refers to stm32f1xx_it.o(i.TIM1_CC_IRQHandler) for TIM1_CC_IRQHandler
    startup_stm32f103xb.o(RESET) refers to stm32f1xx_it.o(i.I2C1_EV_IRQHandler) for I2C1_EV_IRQHandler
    startup_stm32f103xb.o(RESET) refers to stm32f1xx_it.o(i.I2C1_ER_IRQHandler) for I2C1_ER_IRQHandler
    startup_stm32f103xb.o(RESET) refers to stm32f1xx_it.o(i.I2C2_EV_IRQHandler) for I2C2_EV_IRQHandler
    startup_stm32f103xb.o(RESET) refers to stm32f1xx_it.o(i.I2C2_ER_IRQHandler) for I2C2_ER_IRQHandler
    startup_stm32f103xb.o(RESET) refers to stm32f1xx_it.o(i.USART2_IRQHandler) for USART2_IRQHandler
    startup_stm32f103xb.o(RESET) refers to stm32f1xx_it.o(i.EXTI15_10_IRQHandler) for EXTI15_10_IRQHandler
    startup_stm32f103xb.o(RESET) refers to stm32f1xx_it.o(i.RTC_Alarm_IRQHandler) for RTC_Alarm_IRQHandler
    startup_stm32f103xb.o(.text) refers to system_stm32f1xx.o(i.SystemInit) for SystemInit
    startup_stm32f103xb.o(.text) refers to entry.o(.ARM.Collect$$$$00000000) for __main
    main.o(i.HAL_GPIO_EXTI_Callback) refers to stm32f1xx_hal_cortex.o(i.HAL_NVIC_SystemReset) for HAL_NVIC_SystemReset
    main.o(i.HAL_GPIO_EXTI_Callback) refers to main.o(.data) for .data
    main.o(i.HAL_TIM_PeriodElapsedCallback) refers to main.o(.data) for .data
    main.o(i.SystemClock_Config) refers to memseta.o(.text) for __aeabi_memclr4
    main.o(i.SystemClock_Config) refers to stm32f1xx_hal_rcc.o(i.HAL_RCC_OscConfig) for HAL_RCC_OscConfig
    main.o(i.SystemClock_Config) refers to stm32f1xx_hal_rcc.o(i.HAL_RCC_ClockConfig) for HAL_RCC_ClockConfig
    main.o(i.SystemClock_Config) refers to stm32f1xx_hal_rcc_ex.o(i.HAL_RCCEx_PeriphCLKConfig) for HAL_RCCEx_PeriphCLKConfig
    main.o(i.key) refers to stm32f1xx_hal_gpio.o(i.HAL_GPIO_TogglePin) for HAL_GPIO_TogglePin
    main.o(i.key) refers to oled.o(i.OLED_ShowString) for OLED_ShowString
    main.o(i.key) refers to stm32f1xx_hal_rtc.o(i.HAL_RTC_SetTime) for HAL_RTC_SetTime
    main.o(i.key) refers to printfa.o(i.__0sprintf) for __2sprintf
    main.o(i.key) refers to main.o(.data) for .data
    main.o(i.key) refers to rtc.o(.data) for sTime
    main.o(i.key) refers to rtc.o(.bss) for hrtc
    main.o(i.key) refers to main.o(.bss) for .bss
    main.o(i.main) refers to stm32f1xx_hal.o(i.HAL_Init) for HAL_Init
    main.o(i.main) refers to main.o(i.SystemClock_Config) for SystemClock_Config
    main.o(i.main) refers to gpio.o(i.MX_GPIO_Init) for MX_GPIO_Init
    main.o(i.main) refers to dma.o(i.MX_DMA_Init) for MX_DMA_Init
    main.o(i.main) refers to crc.o(i.MX_CRC_Init) for MX_CRC_Init
    main.o(i.main) refers to i2c.o(i.MX_I2C1_Init) for MX_I2C1_Init
    main.o(i.main) refers to i2c.o(i.MX_I2C2_Init) for MX_I2C2_Init
    main.o(i.main) refers to rtc.o(i.MX_RTC_Init) for MX_RTC_Init
    main.o(i.main) refers to tim.o(i.MX_TIM1_Init) for MX_TIM1_Init
    main.o(i.main) refers to usart.o(i.MX_USART2_UART_Init) for MX_USART2_UART_Init
    main.o(i.main) refers to stm32f1xx_hal.o(i.HAL_Delay) for HAL_Delay
    main.o(i.main) refers to oled.o(i.OLED_Init) for OLED_Init
[...]
    ../clib/microlib/division.c              0x00000000   Number         0  uidiv.o ABSOLUTE
    ../clib/microlib/division.c              0x00000000   Number         0  uldiv.o ABSOLUTE
    ../clib/microlib/init/entry.s            0x00000000   Number         0  entry9b.o ABSOLUTE
    ../clib/microlib/init/entry.s            0x00000000   Number         0  entry9a.o ABSOLUTE
    ../clib/microlib/init/entry.s            0x00000000   Number         0  entry8b.o ABSOLUTE
    ../clib/microlib/init/entry.s            0x00000000   Number         0  entry8a.o ABSOLUTE
    ../clib/microlib/init/entry.s            0x00000000   Number         0  entry11a.o ABSOLUTE
    ../clib/microlib/init/entry.s            0x00000000   Number         0  entry7a.o ABSOLUTE
    ../clib/microlib/init/entry.s            0x00000000   Number         0  entry5.o ABSOLUTE
    ../clib/microlib/init/entry.s            0x00000000   Number         0  entry7b.o ABSOLUTE
    ../clib/microlib/init/entry.s            0x00000000   Number         0  entry.o ABSOLUTE
    ../clib/microlib/init/entry.s            0x00000000   Number         0  entry2.o ABSOLUTE
    ../clib/microlib/init/entry.s            0x00000000   Number         0  entry10b.o ABSOLUTE
    ../clib/microlib/init/entry.s            0x00000000   Number         0  entry11b.o ABSOLUTE
    ../clib/microlib/init/entry.s            0x00000000   Number         0  entry10a.o ABSOLUTE
    ../clib/microlib/longlong.c              0x00000000   Number         0  llsshr.o ABSOLUTE
    ../clib/microlib/longlong.c              0x00000000   Number         0  llushr.o ABSOLUTE
    ../clib/microlib/longlong.c              0x00000000   Number         0  llshl.o ABSOLUTE
    ../clib/microlib/printf/printf.c         0x00000000   Number         0  printfb.o ABSOLUTE
    ../clib/microlib/printf/printf.c         0x00000000   Number         0  printf0.o ABSOLUTE
    ../clib/microlib/printf/printf.c         0x00000000   Number         0  printf8.o ABSOLUTE
    ../clib/microlib/printf/printf.c         0x00000000   Number         0  printf4.o ABSOLUTE
    ../clib/microlib/printf/printf.c         0x00000000   Number         0  printf7.o ABSOLUTE
    ../clib/microlib/printf/printf.c         0x00000000   Number         0  printf2.o ABSOLUTE
    ../clib/microlib/printf/printf.c         0x00000000   Number         0  printf6.o ABSOLUTE
    ../clib/microlib/printf/printf.c         0x00000000   Number         0  printf5.o ABSOLUTE
    ../clib/microlib/printf/printf.c         0x00000000   Number         0  printf1.o ABSOLUTE
    ../clib/microlib/printf/printf.c         0x00000000   Number         0  printf3.o ABSOLUTE
    ../clib/microlib/printf/printf.c         0x00000000   Number         0  printfa.o ABSOLUTE
    ../clib/microlib/printf/stubs.s          0x00000000   Number         0  stubs.o ABSOLUTE
    ../clib/microlib/stdio/fputc.c           0x00000000   Number         0  fputc.o ABSOLUTE
    ../clib/microlib/stdio/semi.s            0x00000000   Number         0  semi.o ABSOLUTE
    ../clib/microlib/stdio/streams.c         0x00000000   Number         0  stdout.o ABSOLUTE
    ../clib/microlib/string/memset.c         0x00000000   Number         0  memseta.o ABSOLUTE
    ../clib/microlib/stubs.s                 0x00000000   Number         0  iusefp.o ABSOLUTE
    ../clib/microlib/stubs.s                 0x00000000   Number         0  iusesemip.o ABSOLUTE
    ../fplib/microlib/f2d.c                  0x00000000   Number         0  f2d.o ABSOLUTE
    ../fplib/microlib/fpadd.c                0x00000000   Number         0  dadd.o ABSOLUTE
    ../fplib/microlib/fpdiv.c                0x00000000   Number         0  ddiv.o ABSOLUTE
    ../fplib/microlib/fpepilogue.c           0x00000000   Number         0  fepilogue.o ABSOLUTE
    ../fplib/microlib/fpepilogue.c           0x00000000   Number         0  depilogue.o ABSOLUTE
    ../fplib/microlib/fpfix.c                0x00000000   Number         0  dfixul.o ABSOLUTE
    ../fplib/microlib/fpflt.c                0x00000000   Number         0  fflti.o ABSOLUTE
    ../fplib/microlib/fpmul.c                0x00000000   Number         0  dmul.o ABSOLUTE
    ../fplib/microlib/fpscalb.c              0x00000000   Number         0  fscalb.o ABSOLUTE
    ..\APP\ds18b20.c                         0x00000000   Number         0  ds18b20.o ABSOLUTE
    ..\APP\oled.c                            0x00000000   Number         0  oled.o ABSOLUTE
    ..\Core\Src\crc.c                        0x00000000   Number         0  crc.o ABSOLUTE
    ..\Core\Src\dma.c                        0x00000000   Number         0  dma.o ABSOLUTE
    ..\Core\Src\gpio.c                       0x00000000   Number         0  gpio.o ABSOLUTE
    ..\Core\Src\i2c.c                        0x00000000   Number         0  i2c.o ABSOLUTE
    ..\Core\Src\main.c                       0x00000000   Number         0  main.o ABSOLUTE
    ..\Core\Src\rtc.c                        0x00000000   Number         0  rtc.o ABSOLUTE
    ..\Core\Src\stm32f1xx_hal_msp.c          0x00000000   Number         0  stm32f1xx_hal_msp.o ABSOLUTE
    ..\Core\Src\stm32f1xx_it.c               0x00000000   Number         0  stm32f1xx_it.o ABSOLUTE
    ..\Core\Src\system_stm32f1xx.c           0x00000000   Number         0  system_stm32f1xx.o ABSOLUTE
    ..\Core\Src\tim.c                        0x00000000   Number         0  tim.o ABSOLUTE
    ..\Core\Src\usart.c                      0x00000000   Number         0  usart.o ABSOLUTE
    ..\Drivers\STM32F1xx_HAL_Driver\Src\stm32f1xx_hal.c 0x00000000   Number         0  stm32f1xx_hal.o ABSOLUTE
    ..\Drivers\STM32F1xx_HAL_Driver\Src\stm32f1xx_hal_cortex.c 0x00000000   Number         0  stm32f1xx_hal_cortex.o ABSOLUTE
    ..\Drivers\STM32F1xx_HAL_Driver\Src\stm32f1xx_hal_crc.c 0x00000000   Number         0  stm32f1xx_hal_crc.o ABSOLUTE
    ..\Drivers\STM32F1xx_HAL_Driver\Src\stm32f1xx_hal_dma.c 0x00000000   Number         0  stm32f1xx_hal_dma.o ABSOLUTE
    ..\Drivers\STM32F1xx_HAL_Driver\Src\stm32f1xx_hal_exti.c 0x00000000   Number         0  stm32f1xx_hal_exti.o ABSOLUTE
    ..\Drivers\STM32F1xx_HAL_Driver\Src\stm32f1xx_hal_flash.c 0x00000000   Number         0  stm32f1xx_hal_flash.o ABSOLUTE
    ..\Drivers\STM32F1xx_HAL_Driver\Src\stm32f1xx_hal_flash_ex.c 0x00000000   Number         0  stm32f1xx_hal_flash_ex.o ABSOLUTE
    ..\Drivers\STM32F1xx_HAL_Driver\Src\stm32f1xx_hal_gpio.c 0x00000000   Number         0  stm32f1xx_hal_gpio.o ABSOLUTE
    ..\Drivers\STM32F1xx_HAL_Driver\Src\stm32f1xx_hal_gpio_ex.c 0x00000000   Number         0  stm32f1xx_hal_gpio_ex.o ABSOLUTE
    ..\Drivers\STM32F1xx_HAL_Driver\Src\stm32f1xx_hal_i2c.c 0x00000000   Number         0  stm32f1xx_hal_i2c.o ABSOLUTE
    ..\Drivers\STM32F1xx_HAL_Driver\Src\stm32f1xx_hal_pwr.c 0x00000000   Number         0  stm32f1xx_hal_pwr.o ABSOLUTE
    ..\Drivers\STM32F1xx_HAL_Driver\Src\stm32f1xx_hal_rcc.c 0x00000000   Number         0  stm32f1xx_hal_rcc.o ABSOLUTE
    ..\Drivers\STM32F1xx_HAL_Driver\Src\stm32f1xx_hal_rcc_ex.c 0x00000000   Number         0  stm32f1xx_hal_rcc_ex.o ABSOLUTE
    ..\Drivers\STM32F1xx_HAL_Driver\Src\stm32f1xx_hal_rtc.c 0x00000000   Number         0  stm32f1xx_hal_rtc.o ABSOLUTE
    ..\Drivers\STM32F1xx_HAL_Driver\Src\stm32f1xx_hal_rtc_ex.c 0x00000000   Number         0  stm32f1xx_hal_rtc_ex.o ABSOLUTE
    ..\Drivers\STM32F1xx_HAL_Driver\Src\stm32f1xx_hal_tim.c 0x00000000   Number         0  stm32f1xx_hal_tim.o ABSOLUTE
    ..\Drivers\STM32F1xx_HAL_Driver\Src\stm32f1xx_hal_tim_ex.c 0x00000000   Number         0  stm32f1xx_hal_tim_ex.o ABSOLUTE
    ..\Drivers\STM32F1xx_HAL_Driver\Src\stm32f1xx_hal_uart.c 0x00000000   Number         0  stm32f1xx_hal_uart.o ABSOLUTE
    ..\\APP\\ds18b20.c                       0x00000000   Number         0  ds18b20.o ABSOLUTE
    ..\\APP\\oled.c                          0x00000000   Number         0  oled.o ABSOLUTE
    cdrcmple.s                               0x00000000   Number         0  cdrcmple.o ABSOLUTE
    dc.s                                     0x00000000   Number         0  dc.o ABSOLUTE
    handlers.s                               0x00000000   Number         0  handlers.o ABSOLUTE
    init.s                                   0x00000000   Number         0  init.o ABSOLUTE
    startup_stm32f103xb.s                    0x00000000   Number         0  startup_stm32f103xb.o ABSOLUTE
    RESET                                    0x08000000   Section      236  startup_stm32f103xb.o(RESET)
    .ARM.Collect$$$$00000000                 0x080000ec   Section        0  entry.o(.ARM.Collect$$$$00000000)
    .ARM.Collect$$$$00000001                 0x080000ec   Section        4  entry2.o(.ARM.Collect$$$$00000001)
    .ARM.Collect$$$$00000004                 0x080000f0   Section        4  entry5.o(.ARM.Collect$$$$00000004)
    .ARM.Collect$$$$00000008                 0x080000f4   Section        0  entry7b.o(.ARM.Collect$$$$00000008)
    .ARM.Collect$$$$0000000A                 0x080000f4   Section        0  entry8b.o(.ARM.Collect$$$$0000000A)
    .ARM.Collect$$$$0000000B                 0x080000f4   Section        8  entry9a.o(.ARM.Collect$$$$0000000B)
    .ARM.Collect$$$$0000000D                 0x080000fc   Section        0  entry10a.o(.ARM.Collect$$$$0000000D)
    .ARM.Collect$$$$0000000F                 0x080000fc   Section        0  entry11a.o(.ARM.Collect$$$$0000000F)
    .ARM.Collect$$$$00002712                 0x080000fc   Section        4  entry2.o(.ARM.Collect$$$$00002712)
    __lit__00000000                          0x080000fc   Data           4  entry2.o(.ARM.Collect$$$$00002712)
    .text                                    0x08000100   Section       36  startup_stm32f103xb.o(.text)
    .text                                    0x08000124   Section        0  llushr.o(.text)
    .text                                    0x08000144   Section        0  memseta.o(.text)
    .text                                    0x08000168   Section        0  fscalb.o(.text)
    .text                                    0x08000180   Section        0  fflti.o(.text)
    .text                                    0x08000192   Section        0  f2d.o(.text)
    .text                                    0x080001b8   Section        0  uidiv.o(.text)
    .text                                    0x080001e4   Section        0  uldiv.o(.text)
    .text                                    0x08000246   Section        0  iusefp.o(.text)
    .text                                    0x08000246   Section        0  fepilogue.o(.text)
    .text                                    0x080002b4   Section        0  dadd.o(.text)
    .text                                    0x08000402   Section        0  dmul.o(.text)
    .text                                    0x080004e6   Section        0  ddiv.o(.text)
    .text                                    0x080005c4   Section        0  dfixul.o(.text)
    .text                                    0x080005f4   Section       48  cdrcmple.o(.text)
    .text                                    0x08000624   Section       36  init.o(.text)
    .text                                    0x08000648   Section        0  llshl.o(.text)
    .text                                    0x08000666   Section        0  llsshr.o(.text)
    .text                                    0x0800068a   Section        0  depilogue.o(.text)
    i.BusFault_Handler                       0x08000744   Section        0  stm32f1xx_it.o(i.BusFault_Handler)
    i.DMA1_Channel1_IRQHandler               0x08000748   Section        0  stm32f1xx_it.o(i.DMA1_Channel1_IRQHandler)
    i.DMA1_Channel5_IRQHandler               0x08000754   Section        0  stm32f1xx_it.o(i.DMA1_Channel5_IRQHandler)
    i.DS18B20_Check                          0x08000760   Section        0  ds18b20.o(i.DS18B20_Check)
    i.DS18B20_Get_Temp                       0x080007c4   Section        0  ds18b20.o(i.DS18B20_Get_Temp)
    i.DS18B20_Init                           0x0800081a   Section        0  ds18b20.o(i.DS18B20_Init)
    i.DS18B20_Read_Bit                       0x08000828   Section        0  ds18b20.o(i.DS18B20_Read_Bit)
    i.DS18B20_Read_Byte                      0x08000888   Section        0  ds18b20.o(i.DS18B20_Read_Byte)
    i.DS18B20_Rst                            0x080008a8   Section        0  ds18b20.o(i.DS18B20_Rst)
    i.DS18B20_Start                          0x080008e8   Section        0  ds18b20.o(i.DS18B20_Start)
    i.DS18B20_Write_Byte                     0x08000904   Section        0  ds18b20.o(i.DS18B20_Write_Byte)
    i.DebugMon_Handler                       0x08000964   Section        0  stm32f1xx_it.o(i.DebugMon_Handler)
    i.EXTI15_10_IRQHandler                   0x08000966   Section        0  stm32f1xx_it.o(i.EXTI15_10_IRQHandler)
    i.EXTI9_5_IRQHandler                     0x0800097c   Section        0  stm32f1xx_it.o(i.EXTI9_5_IRQHandler)
    i.Error_Handler                          0x080009a4   Section        0  main.o(i.Error_Handler)
    i.HAL_CRC_Init                           0x080009a8   Section        0  stm32f1xx_hal_crc.o(i.HAL_CRC_Init)
    i.HAL_CRC_MspInit                        0x080009cc   Section        0  crc.o(i.HAL_CRC_MspInit)
    i.HAL_DMA_Abort                          0x080009f4   Section        0  stm32f1xx_hal_dma.o(i.HAL_DMA_Abort)
    i.HAL_DMA_Abort_IT                       0x08000a3c   Section        0  stm32f1xx_hal_dma.o(i.HAL_DMA_Abort_IT)
    i.HAL_DMA_GetState                       0x08000ad4   Section        0  stm32f1xx_hal_dma.o(i.HAL_DMA_GetState)
    i.HAL_DMA_IRQHandler                     0x08000adc   Section        0  stm32f1xx_hal_dma.o(i.HAL_DMA_IRQHandler)
    i.HAL_DMA_Init                           0x08000c30   Section        0  stm32f1xx_hal_dma.o(i.HAL_DMA_Init)
    i.HAL_Delay                              0x08000c8c   Section        0  stm32f1xx_hal.o(i.HAL_Delay)
    i.HAL_GPIO_EXTI_Callback                 0x08000cb0   Section        0  main.o(i.HAL_GPIO_EXTI_Callback)
    i.HAL_GPIO_EXTI_IRQHandler               0x08000d34   Section        0  stm32f1xx_hal_gpio.o(i.HAL_GPIO_EXTI_IRQHandler)
    i.HAL_GPIO_Init                          0x08000d4c   Section        0  stm32f1xx_hal_gpio.o(i.HAL_GPIO_Init)
    i.HAL_GPIO_WritePin                      0x08000f2c   Section        0  stm32f1xx_hal_gpio.o(i.HAL_GPIO_WritePin)
    i.HAL_GetTick                            0x08000f38   Section        0  stm32f1xx_hal.o(i.HAL_GetTick)
    i.HAL_I2C_AbortCpltCallback              0x08000f44   Section        0  stm32f1xx_hal_i2c.o(i.HAL_I2C_AbortCpltCallback)
    i.HAL_I2C_AddrCallback                   0x08000f46   Section        0  stm32f1xx_hal_i2c.o(i.HAL_I2C_AddrCallback)
    i.HAL_I2C_ER_IRQHandler                  0x08000f48   Section        0  stm32f1xx_hal_i2c.o(i.HAL_I2C_ER_IRQHandler)
    i.HAL_I2C_EV_IRQHandler                  0x0800100c   Section        0  stm32f1xx_hal_i2c.o(i.HAL_I2C_EV_IRQHandler)
    i.HAL_I2C_ErrorCallback                  0x0800123c   Section        0  stm32f1xx_hal_i2c.o(i.HAL_I2C_ErrorCallback)
    i.HAL_I2C_Init                           0x08001240   Section        0  stm32f1xx_hal_i2c.o(i.HAL_I2C_Init)
    i.HAL_I2C_ListenCpltCallback             0x080013c8   Section        0  stm32f1xx_hal_i2c.o(i.HAL_I2C_ListenCpltCallback)
    i.HAL_I2C_MasterRxCpltCallback           0x080013ca   Section        0  stm32f1xx_hal_i2c.o(i.HAL_I2C_MasterRxCpltCallback)
    i.HAL_I2C_MasterTxCpltCallback           0x080013cc   Section        0  stm32f1xx_hal_i2c.o(i.HAL_I2C_MasterTxCpltCallback)
    i.HAL_I2C_Master_Transmit                0x080013d0   Section        0  stm32f1xx_hal_i2c.o(i.HAL_I2C_Master_Transmit)
    i.HAL_I2C_MemRxCpltCallback              0x080014fc   Section        0  stm32f1xx_hal_i2c.o(i.HAL_I2C_MemRxCpltCallback)
    i.HAL_I2C_MemTxCpltCallback              0x080014fe   Section        0  stm32f1xx_hal_i2c.o(i.HAL_I2C_MemTxCpltCallback)
    i.HAL_I2C_MspInit                        0x08001500   Section        0  i2c.o(i.HAL_I2C_MspInit)
    i.HAL_I2C_SlaveRxCpltCallback            0x0800160c   Section        0  stm32f1xx_hal_i2c.o(i.HAL_I2C_SlaveRxCpltCallback)
    i.HAL_I2C_SlaveTxCpltCallback            0x0800160e   Section        0  stm32f1xx_hal_i2c.o(i.HAL_I2C_SlaveTxCpltCallback)
    i.HAL_IncTick                            0x08001610   Section        0  stm32f1xx_hal.o(i.HAL_IncTick)
    i.HAL_Init                               0x08001620   Section        0  stm32f1xx_hal.o(i.HAL_Init)
    i.HAL_InitTick                           0x08001644   Section        0  stm32f1xx_hal.o(i.HAL_InitTick)
    i.HAL_MspInit                            0x08001684   Section        0  stm32f1xx_hal_msp.o(i.HAL_MspInit)
    i.HAL_NVIC_EnableIRQ                     0x080016c0   Section        0  stm32f1xx_hal_cortex.o(i.HAL_NVIC_EnableIRQ)
    i.HAL_NVIC_SetPriority                   0x080016dc   Section        0  stm32f1xx_hal_cortex.o(i.HAL_NVIC_SetPriority)
    i.HAL_NVIC_SetPriorityGrouping           0x0800171c   Section        0  stm32f1xx_hal_cortex.o(i.HAL_NVIC_SetPriorityGrouping)
    i.HAL_NVIC_SystemReset                   0x08001740   Section        0  stm32f1xx_hal_cortex.o(i.HAL_NVIC_SystemReset)
    i.HAL_PWR_EnableBkUpAccess               0x08001764   Section        0  stm32f1xx_hal_pwr.o(i.HAL_PWR_EnableBkUpAccess)
    i.HAL_RCCEx_GetPeriphCLKFreq             0x08001770   Section        0  stm32f1xx_hal_rcc_ex.o(i.HAL_RCCEx_GetPeriphCLKFreq)
    i.HAL_RCCEx_PeriphCLKConfig              0x08001838   Section        0  stm32f1xx_hal_rcc_ex.o(i.HAL_RCCEx_PeriphCLKConfig)
    i.HAL_RCC_ClockConfig                    0x08001924   Section        0  stm32f1xx_hal_rcc.o(i.HAL_RCC_ClockConfig)
    i.HAL_RCC_GetPCLK1Freq                   0x08001a50   Section        0  stm32f1xx_hal_rcc.o(i.HAL_RCC_GetPCLK1Freq)
    i.HAL_RCC_GetPCLK2Freq                   0x08001a70   Section        0  stm32f1xx_hal_rcc.o(i.HAL_RCC_GetPCLK2Freq)
    i.HAL_RCC_GetSysClockFreq                0x08001a90   Section        0  stm32f1xx_hal_rcc.o(i.HAL_RCC_GetSysClockFreq)
    i.HAL_RCC_OscConfig                      0x08001afc   Section        0  stm32f1xx_hal_rcc.o(i.HAL_RCC_OscConfig)
    i.HAL_RTC_AlarmAEventCallback            0x08001e1c   Section        0  stm32f1xx_hal_rtc.o(i.HAL_RTC_AlarmAEventCallback)
    i.HAL_RTC_AlarmIRQHandler                0x08001e20   Section        0  stm32f1xx_hal_rtc.o(i.HAL_RTC_AlarmIRQHandler)
    i.HAL_RTC_Init                           0x08001e54   Section        0  stm32f1xx_hal_rtc.o(i.HAL_RTC_Init)
    i.HAL_RTC_MspInit                        0x08001ef4   Section        0  rtc.o(i.HAL_RTC_MspInit)
    i.HAL_RTC_SetDate                        0x08001f3c   Section        0  stm32f1xx_hal_rtc.o(i.HAL_RTC_SetDate)
    i.HAL_RTC_SetTime                        0x08002000   Section        0  stm32f1xx_hal_rtc.o(i.HAL_RTC_SetTime)
    i.HAL_RTC_WaitForSynchro                 0x080020ac   Section        0  stm32f1xx_hal_rtc.o(i.HAL_RTC_WaitForSynchro)
    i.HAL_SYSTICK_Config                     0x080020e6   Section        0  stm32f1xx_hal_cortex.o(i.HAL_SYSTICK_Config)
    i.HAL_TIMEx_BreakCallback                0x0800210e   Section        0  stm32f1xx_hal_tim_ex.o(i.HAL_TIMEx_BreakCallback)
    i.HAL_TIMEx_CommutCallback               0x08002110   Section        0  stm32f1xx_hal_tim_ex.o(i.HAL_TIMEx_CommutCallback)
    i.HAL_TIMEx_MasterConfigSynchronization  0x08002114   Section        0  stm32f1xx_hal_tim_ex.o(i.HAL_TIMEx_MasterConfigSynchronization)
    i.HAL_TIM_Base_Init                      0x0800217c   Section        0  stm32f1xx_hal_tim.o(i.HAL_TIM_Base_Init)
    i.HAL_TIM_Base_MspInit                   0x080021d8   Section        0  tim.o(i.HAL_TIM_Base_MspInit)
    i.HAL_TIM_Base_Start_IT                  0x08002244   Section        0  stm32f1xx_hal_tim.o(i.HAL_TIM_Base_Start_IT)
    i.HAL_TIM_ConfigClockSource              0x0800229c   Section        0  stm32f1xx_hal_tim.o(i.HAL_TIM_ConfigClockSource)
    i.HAL_TIM_IC_CaptureCallback             0x08002372   Section        0  stm32f1xx_hal_tim.o(i.HAL_TIM_IC_CaptureCallback)
    i.HAL_TIM_IRQHandler                     0x08002374   Section        0  stm32f1xx_hal_tim.o(i.HAL_TIM_IRQHandler)
    i.HAL_TIM_OC_DelayElapsedCallback        0x080024da   Section        0  stm32f1xx_hal_tim.o(i.HAL_TIM_OC_DelayElapsedCallback)
    i.HAL_TIM_PWM_PulseFinishedCallback      0x080024dc   Section        0  stm32f1xx_hal_tim.o(i.HAL_TIM_PWM_PulseFinishedCallback)
    i.HAL_TIM_PeriodElapsedCallback          0x080024e0   Section        0  main.o(i.HAL_TIM_PeriodElapsedCallback)
    i.HAL_TIM_TriggerCallback                0x0800251c   Section        0  stm32f1xx_hal_tim.o(i.HAL_TIM_TriggerCallback)
    i.HAL_UARTEx_RxEventCallback             0x0800251e   Section        0  stm32f1xx_hal_uart.o(i.HAL_UARTEx_RxEventCallback)
    i.HAL_UART_ErrorCallback                 0x08002520   Section        0  stm32f1xx_hal_uart.o(i.HAL_UART_ErrorCallback)
    i.HAL_UART_IRQHandler                    0x08002524   Section        0  stm32f1xx_hal_uart.o(i.HAL_UART_IRQHandler)
    i.HAL_UART_Init                          0x08002730   Section        0  stm32f1xx_hal_uart.o(i.HAL_UART_Init)
    i.HAL_UART_MspInit                       0x08002794   Section        0  usart.o(i.HAL_UART_MspInit)
    i.HAL_UART_RxCpltCallback                0x08002814   Section        0  stm32f1xx_hal_uart.o(i.HAL_UART_RxCpltCallback)
    i.HAL_UART_TxCpltCallback                0x08002816   Section        0  stm32f1xx_hal_uart.o(i.HAL_UART_TxCpltCallback)
    i.HardFault_Handler                      0x08002818   Section        0  stm32f1xx_it.o(i.HardFault_Handler)
    i.I2C1_ER_IRQHandler                     0x0800281c   Section        0  stm32f1xx_it.o(i.I2C1_ER_IRQHandler)
    i.I2C1_EV_IRQHandler                     0x08002828   Section        0  stm32f1xx_it.o(i.I2C1_EV_IRQHandler)
    i.I2C2_ER_IRQHandler                     0x08002834   Section        0  stm32f1xx_it.o(i.I2C2_ER_IRQHandler)
    i.I2C2_EV_IRQHandler                     0x08002840   Section        0  stm32f1xx_it.o(i.I2C2_EV_IRQHandler)
    i.I2C_DMAAbort                           0x0800284c   Section        0  stm32f1xx_hal_i2c.o(i.I2C_DMAAbort)
    I2C_DMAAbort                             0x0800284d   Thumb Code   182  stm32f1xx_hal_i2c.o(i.I2C_DMAAbort)
    i.I2C_ITError                            0x08002908   Section        0  stm32f1xx_hal_i2c.o(i.I2C_ITError)
    I2C_ITError                              0x08002909   Thumb Code   336  stm32f1xx_hal_i2c.o(i.I2C_ITError)
    i.I2C_IsAcknowledgeFailed                0x08002a60   Section        0  stm32f1xx_hal_i2c.o(i.I2C_IsAcknowledgeFailed)
    I2C_IsAcknowledgeFailed                  0x08002a61   Thumb Code    46  stm32f1xx_hal_i2c.o(i.I2C_IsAcknowledgeFailed)
    i.I2C_MasterReceive_BTF                  0x08002a8e   Section        0  stm32f1xx_hal_i2c.o(i.I2C_MasterReceive_BTF)
    I2C_MasterReceive_BTF                    0x08002a8f   Thumb Code   210  stm32f1xx_hal_i2c.o(i.I2C_MasterReceive_BTF)
    i.I2C_MasterReceive_RXNE                 0x08002b60   Section        0  stm32f1xx_hal_i2c.o(i.I2C_MasterReceive_RXNE)
    I2C_MasterReceive_RXNE                   0x08002b61   Thumb Code   228  stm32f1xx_hal_i2c.o(i.I2C_MasterReceive_RXNE)
    i.I2C_MasterRequestWrite                 0x08002c48   Section        0  stm32f1xx_hal_i2c.o(i.I2C_MasterRequestWrite)
    I2C_MasterRequestWrite                   0x08002c49   Thumb Code   150  stm32f1xx_hal_i2c.o(i.I2C_MasterRequestWrite)
    i.I2C_MasterTransmit_BTF                 0x08002ce4   Section        0  stm32f1xx_hal_i2c.o(i.I2C_MasterTransmit_BTF)
    I2C_MasterTransmit_BTF                   0x08002ce5   Thumb Code   130  stm32f1xx_hal_i2c.o(i.I2C_MasterTransmit_BTF)
    i.I2C_MasterTransmit_TXE                 0x08002d68   Section        0  stm32f1xx_hal_i2c.o(i.I2C_MasterTransmit_TXE)
    I2C_MasterTransmit_TXE                   0x08002d69   Thumb Code   182  stm32f1xx_hal_i2c.o(i.I2C_MasterTransmit_TXE)
    i.I2C_Master_ADDR                        0x08002e20   Section        0  stm32f1xx_hal_i2c.o(i.I2C_Master_ADDR)
    I2C_Master_ADDR                          0x08002e21   Thumb Code   340  stm32f1xx_hal_i2c.o(i.I2C_Master_ADDR)
    i.I2C_Master_SB                          0x08002f78   Section        0  stm32f1xx_hal_i2c.o(i.I2C_Master_SB)
    I2C_Master_SB                            0x08002f79   Thumb Code   140  stm32f1xx_hal_i2c.o(i.I2C_Master_SB)
    i.I2C_MemoryTransmit_TXE_BTF             0x08003004   Section        0  stm32f1xx_hal_i2c.o(i.I2C_MemoryTransmit_TXE_BTF)
    I2C_MemoryTransmit_TXE_BTF               0x08003005   Thumb Code   160  stm32f1xx_hal_i2c.o(i.I2C_MemoryTransmit_TXE_BTF)
    i.I2C_Slave_ADDR                         0x080030a4   Section        0  stm32f1xx_hal_i2c.o(i.I2C_Slave_ADDR)
    I2C_Slave_ADDR                           0x080030a5   Thumb Code    70  stm32f1xx_hal_i2c.o(i.I2C_Slave_ADDR)
    i.I2C_Slave_AF                           0x080030ec   Section        0  stm32f1xx_hal_i2c.o(i.I2C_Slave_AF)
    I2C_Slave_AF                             0x080030ed   Thumb Code   126  stm32f1xx_hal_i2c.o(i.I2C_Slave_AF)
    i.I2C_Slave_STOPF                        0x08003170   Section        0  stm32f1xx_hal_i2c.o(i.I2C_Slave_STOPF)
    I2C_Slave_STOPF                          0x08003171   Thumb Code   338  stm32f1xx_hal_i2c.o(i.I2C_Slave_STOPF)
    i.I2C_WaitOnBTFFlagUntilTimeout          0x080032cc   Section        0  stm32f1xx_hal_i2c.o(i.I2C_WaitOnBTFFlagUntilTimeout)
    I2C_WaitOnBTFFlagUntilTimeout            0x080032cd   Thumb Code    76  stm32f1xx_hal_i2c.o(i.I2C_WaitOnBTFFlagUntilTimeout)
    i.I2C_WaitOnFlagUntilTimeout             0x08003318   Section        0  stm32f1xx_hal_i2c.o(i.I2C_WaitOnFlagUntilTimeout)
    I2C_WaitOnFlagUntilTimeout               0x08003319   Thumb Code   104  stm32f1xx_hal_i2c.o(i.I2C_WaitOnFlagUntilTimeout)
    i.I2C_WaitOnMasterAddressFlagUntilTimeout 0x08003380   Section        0  stm32f1xx_hal_i2c.o(i.I2C_WaitOnMasterAddressFlagUntilTimeout)
    I2C_WaitOnMasterAddressFlagUntilTimeout  0x08003381   Thumb Code   150  stm32f1xx_hal_i2c.o(i.I2C_WaitOnMasterAddressFlagUntilTimeout)
    i.I2C_WaitOnTXEFlagUntilTimeout          0x08003416   Section        0  stm32f1xx_hal_i2c.o(i.I2C_WaitOnTXEFlagUntilTimeout)
    I2C_WaitOnTXEFlagUntilTimeout            0x08003417   Thumb Code    76  stm32f1xx_hal_i2c.o(i.I2C_WaitOnTXEFlagUntilTimeout)
    i.MX_CRC_Init                            0x08003464   Section        0  crc.o(i.MX_CRC_Init)
    i.MX_DMA_Init                            0x08003488   Section        0  dma.o(i.MX_DMA_Init)
    i.MX_GPIO_Init                           0x080034f4   Section        0  gpio.o(i.MX_GPIO_Init)
    i.MX_I2C1_Init                           0x08003590   Section        0  i2c.o(i.MX_I2C1_Init)
    i.MX_I2C2_Init                           0x080035d0   Section        0  i2c.o(i.MX_I2C2_Init)
    i.MX_RTC_Init                            0x08003610   Section        0  rtc.o(i.MX_RTC_Init)
    i.MX_TIM1_Init                           0x0800367c   Section        0  tim.o(i.MX_TIM1_Init)
    i.MX_USART2_UART_Init                    0x080036e4   Section        0  usart.o(i.MX_USART2_UART_Init)
    i.MemManage_Handler                      0x0800371c   Section        0  stm32f1xx_it.o(i.MemManage_Handler)
    i.NMI_Handler                            0x0800371e   Section        0  stm32f1xx_it.o(i.NMI_Handler)
    i.OLED_Clear                             0x08003720   Section        0  oled.o(i.OLED_Clear)
    i.OLED_Init                              0x08003748   Section        0  oled.o(i.OLED_Init)
    i.OLED_SetPos                            0x0800379a   Section        0  oled.o(i.OLED_SetPos)
    i.OLED_ShowChar                          0x080037c4   Section        0  oled.o(i.OLED_ShowChar)
    i.OLED_ShowString                        0x08003850   Section        0  oled.o(i.OLED_ShowString)
    i.OLED_Write                             0x08003888   Section        0  oled.o(i.OLED_Write)
    i.PendSV_Handler                         0x080038a8   Section        0  stm32f1xx_it.o(i.PendSV_Handler)
    i.RTC_Alarm_IRQHandler                   0x080038ac   Section        0  stm32f1xx_it.o(i.RTC_Alarm_IRQHandler)
    i.RTC_Bcd2ToByte                         0x080038b8   Section        0  stm32f1xx_hal_rtc.o(i.RTC_Bcd2ToByte)
    RTC_Bcd2ToByte                           0x080038b9   Thumb Code    18  stm32f1xx_hal_rtc.o(i.RTC_Bcd2ToByte)
    i.RTC_EnterInitMode                      0x080038ca   Section        0  stm32f1xx_hal_rtc.o(i.RTC_EnterInitMode)
    RTC_EnterInitMode                        0x080038cb   Thumb Code    52  stm32f1xx_hal_rtc.o(i.RTC_EnterInitMode)
    i.RTC_ExitInitMode                       0x08003900   Section        0  stm32f1xx_hal_rtc.o(i.RTC_ExitInitMode)
    RTC_ExitInitMode                         0x08003901   Thumb Code    54  stm32f1xx_hal_rtc.o(i.RTC_ExitInitMode)
    i.RTC_ReadAlarmCounter                   0x08003936   Section        0  stm32f1xx_hal_rtc.o(i.RTC_ReadAlarmCounter)
    RTC_ReadAlarmCounter                     0x08003937   Thumb Code    14  stm32f1xx_hal_rtc.o(i.RTC_ReadAlarmCounter)
    i.RTC_ReadTimeCounter                    0x08003944   Section        0  stm32f1xx_hal_rtc.o(i.RTC_ReadTimeCounter)
    RTC_ReadTimeCounter                      0x08003945   Thumb Code    32  stm32f1xx_hal_rtc.o(i.RTC_ReadTimeCounter)
    i.RTC_WeekDayNum                         0x08003964   Section        0  stm32f1xx_hal_rtc.o(i.RTC_WeekDayNum)
    RTC_WeekDayNum                           0x08003965   Thumb Code    86  stm32f1xx_hal_rtc.o(i.RTC_WeekDayNum)
    i.RTC_WriteAlarmCounter                  0x080039ba   Section        0  stm32f1xx_hal_rtc.o(i.RTC_WriteAlarmCounter)
    RTC_WriteAlarmCounter                    0x080039bb   Thumb Code    40  stm32f1xx_hal_rtc.o(i.RTC_WriteAlarmCounter)
    i.RTC_WriteTimeCounter                   0x080039e2   Section        0  stm32f1xx_hal_rtc.o(i.RTC_WriteTimeCounter)
    RTC_WriteTimeCounter                     0x080039e3   Thumb Code    40  stm32f1xx_hal_rtc.o(i.RTC_WriteTimeCounter)
    i.SVC_Handler                            0x08003a0a   Section        0  stm32f1xx_it.o(i.SVC_Handler)
    i.SysTick_Handler                        0x08003a0c   Section        0  stm32f1xx_it.o(i.SysTick_Handler)
    i.SystemClock_Config                     0x08003a10   Section        0  main.o(i.SystemClock_Config)
    i.SystemInit                             0x08003a8c   Section        0  system_stm32f1xx.o(i.SystemInit)
    i.TIM1_BRK_IRQHandler                    0x08003a90   Section        0  stm32f1xx_it.o(i.TIM1_BRK_IRQHandler)
    i.TIM1_CC_IRQHandler                     0x08003a9c   Section        0  stm32f1xx_it.o(i.TIM1_CC_IRQHandler)
    i.TIM1_TRG_COM_IRQHandler                0x08003aa8   Section        0  stm32f1xx_it.o(i.TIM1_TRG_COM_IRQHandler)
    i.TIM1_UP_IRQHandler                     0x08003ab4   Section        0  stm32f1xx_it.o(i.TIM1_UP_IRQHandler)
    i.TIM_Base_SetConfig                     0x08003ac0   Section        0  stm32f1xx_hal_tim.o(i.TIM_Base_SetConfig)
    i.TIM_ETR_SetConfig                      0x08003b2c   Section        0  stm32f1xx_hal_tim.o(i.TIM_ETR_SetConfig)
    i.TIM_ITRx_SetConfig                     0x08003b40   Section        0  stm32f1xx_hal_tim.o(i.TIM_ITRx_SetConfig)
    TIM_ITRx_SetConfig                       0x08003b41   Thumb Code    16  stm32f1xx_hal_tim.o(i.TIM_ITRx_SetConfig)
    i.TIM_TI1_ConfigInputStage               0x08003b50   Section        0  stm32f1xx_hal_tim.o(i.TIM_TI1_ConfigInputStage)
    TIM_TI1_ConfigInputStage                 0x08003b51   Thumb Code    34  stm32f1xx_hal_tim.o(i.TIM_TI1_ConfigInputStage)
    i.TIM_TI2_ConfigInputStage               0x08003b72   Section        0  stm32f1xx_hal_tim.o(i.TIM_TI2_ConfigInputStage)
    TIM_TI2_ConfigInputStage                 0x08003b73   Thumb Code    36  stm32f1xx_hal_tim.o(i.TIM_TI2_ConfigInputStage)
    i.UART_DMAAbortOnError                   0x08003b96   Section        0  stm32f1xx_hal_uart.o(i.UART_DMAAbortOnError)
    UART_DMAAbortOnError                     0x08003b97   Thumb Code    16  stm32f1xx_hal_uart.o(i.UART_DMAAbortOnError)
    i.UART_EndRxTransfer                     0x08003ba6   Section        0  stm32f1xx_hal_uart.o(i.UART_EndRxTransfer)
    UART_EndRxTransfer                       0x08003ba7   Thumb Code    48  stm32f1xx_hal_uart.o(i.UART_EndRxTransfer)
    i.UART_Receive_IT                        0x08003bd6   Section        0  stm32f1xx_hal_uart.o(i.UART_Receive_IT)
    UART_Receive_IT                          0x08003bd7   Thumb Code   182  stm32f1xx_hal_uart.o(i.UART_Receive_IT)
    i.UART_SetConfig                         0x08003c8c   Section        0  stm32f1xx_hal_uart.o(i.UART_SetConfig)
    UART_SetConfig                           0x08003c8d   Thumb Code   178  stm32f1xx_hal_uart.o(i.UART_SetConfig)
    i.USART2_IRQHandler                      0x08003d44   Section        0  stm32f1xx_it.o(i.USART2_IRQHandler)
    i.UsageFault_Handler                     0x08003d50   Section        0  stm32f1xx_it.o(i.UsageFault_Handler)
    i.__0sprintf                             0x08003d54   Section        0  printfa.o(i.__0sprintf)
    i.__NVIC_SetPriority                     0x08003d7c   Section        0  stm32f1xx_hal_cortex.o(i.__NVIC_SetPriority)
    __NVIC_SetPriority                       0x08003d7d   Thumb Code    32  stm32f1xx_hal_cortex.o(i.__NVIC_SetPriority)
    i.__scatterload_copy                     0x08003d9c   Section       14  handlers.o(i.__scatterload_copy)
    i.__scatterload_null                     0x08003daa   Section        2  handlers.o(i.__scatterload_null)
    i.__scatterload_zeroinit                 0x08003dac   Section       14  handlers.o(i.__scatterload_zeroinit)
    i._fp_digits                             0x08003dbc   Section        0  printfa.o(i._fp_digits)
    _fp_digits                               0x08003dbd   Thumb Code   334  printfa.o(i._fp_digits)
    i._printf_core                           0x08003f20   Section        0  printfa.o(i._printf_core)
    _printf_core                             0x08003f21   Thumb Code  1744  printfa.o(i._printf_core)
    i._printf_post_padding                   0x080045fc   Section        0  printfa.o(i._printf_post_padding)
    _printf_post_padding                     0x080045fd   Thumb Code    36  printfa.o(i._printf_post_padding)
    i._printf_pre_padding                    0x08004620   Section        0  printfa.o(i._printf_pre_padding)
    _printf_pre_padding                      0x08004621   Thumb Code    46  printfa.o(i._printf_pre_padding)
    i._sputc                                 0x0800464e   Section        0  printfa.o(i._sputc)
    _sputc                                   0x0800464f   Thumb Code    10  printfa.o(i._sputc)
    i.delay_us                               0x08004658   Section        0  ds18b20.o(i.delay_us)
    delay_us                                 0x08004659   Thumb Code    64  ds18b20.o(i.delay_us)
    i.main                                   0x08004698   Section        0  main.o(i.main)
    .constdata                               0x0800472c   Section     2072  oled.o(.constdata)
    .constdata                               0x08004f44   Section       16  system_stm32f1xx.o(.constdata)
    .constdata                               0x08004f54   Section        8  system_stm32f1xx.o(.constdata)
    .data                                    0x20000000   Section       48  main.o(.data)
    hour                                     0x2000000c   Data           4  main.o(.data)
    min                                      0x20000010   Data           4  main.o(.data)
    sec                                      0x20000014   Data           4  main.o(.data)
    time_allow                               0x20000018   Data           4  main.o(.data)
    clock_allow                              0x2000001c   Data           4  main.o(.data)
    key_1                                    0x20000020   Data           4  main.o(.data)
    i                                        0x20000024   Data           4  main.o(.data)
    a                                        0x20000028   Data           4  main.o(.data)
    b                                        0x2000002c   Data           4  main.o(.data)
    .data                                    0x20000030   Section        8  crc.o(.data)
    .data                                    0x20000038   Section       12  stm32f1xx_hal.o(.data)
    .data                                    0x20000044   Section        4  system_stm32f1xx.o(.data)
    .bss                                     0x20000048   Section       32  main.o(.bss)
    .bss                                     0x20000068   Section       68  dma.o(.bss)
    .bss                                     0x200000ac   Section      236  i2c.o(.bss)
    .bss                                     0x20000198   Section       20  rtc.o(.bss)
    .bss                                     0x200001ac   Section       72  tim.o(.bss)
    .bss                                     0x200001f4   Section       68  usart.o(.bss)
    STACK                                    0x20000238   Section     1024  startup_stm32f103xb.o(STACK)

    Global Symbols

    Symbol Name                              Value     Ov Type        Size  Object(Section)

    BuildAttributes$$THM_ISAv4$P$D$K$B$S$PE$A:L22UL41UL21$X:L11$S22US41US21$IEEE1$IW$USESV6$~STKCKD$USESV7$~SHL$OTIME$ROPI$EBA8$MICROLIB$REQ8$PRES8$EABIv2 0x00000000   Number         0  anon$$obj.o ABSOLUTE
    __ARM_use_no_argv                        0x00000000   Number         0  main.o ABSOLUTE
    _printf_a                                0x00000000   Number         0  stubs.o ABSOLUTE
    _printf_c                                0x00000000   Number         0  stubs.o ABSOLUTE
    _printf_charcount                        0x00000000   Number         0  stubs.o ABSOLUTE
    _printf_d                                0x00000000   Number         0  stubs.o ABSOLUTE
    _printf_e                                0x00000000   Number         0  stubs.o ABSOLUTE
    _printf_f                                0x00000000   Number         0  stubs.o ABSOLUTE
    _printf_flags                            0x00000000   Number         0  stubs.o ABSOLUTE
    _printf_fp_dec                           0x00000000   Number         0  stubs.o ABSOLUTE
    _printf_fp_hex                           0x00000000   Number         0  stubs.o ABSOLUTE
    _printf_g                                0x00000000   Number         0  stubs.o ABSOLUTE
    _printf_i                                0x00000000   Number         0  stubs.o ABSOLUTE
    _printf_int_dec                          0x00000000   Number         0  stubs.o ABSOLUTE
    _printf_l                                0x00000000   Number         0  stubs.o ABSOLUTE
    _printf_lc                               0x00000000   Number         0  stubs.o ABSOLUTE
    _printf_ll                               0x00000000   Number         0  stubs.o ABSOLUTE
    _printf_lld                              0x00000000   Number         0  stubs.o ABSOLUTE
    _printf_lli                              0x00000000   Number         0  stubs.o ABSOLUTE
    _printf_llo                              0x00000000   Number         0  stubs.o ABSOLUTE
    _printf_llu                              0x00000000   Number         0  stubs.o ABSOLUTE
    _printf_llx                              0x00000000   Number         0  stubs.o ABSOLUTE
    _printf_longlong_dec                     0x00000000   Number         0  stubs.o ABSOLUTE
    _printf_longlong_hex                     0x00000000   Number         0  stubs.o ABSOLUTE
    _printf_longlong_oct                     0x00000000   Number         0  stubs.o ABSOLUTE
    _printf_ls                               0x00000000   Number         0  stubs.o ABSOLUTE
    _printf_mbtowc                           0x00000000   Number         0  stubs.o ABSOLUTE
    _printf_n                                0x00000000   Number         0  stubs.o ABSOLUTE
    _printf_o                                0x00000000   Number         0  stubs.o ABSOLUTE
    _printf_p                                0x00000000   Number         0  stubs.o ABSOLUTE
    _printf_percent                          0x00000000   Number         0  stubs.o ABSOLUTE
    _printf_pre_padding                      0x00000000   Number         0  stubs.o ABSOLUTE
    _printf_return_value                     0x00000000   Number         0  stubs.o ABSOLUTE
    _printf_s                                0x00000000   Number         0  stubs.o ABSOLUTE
    _printf_sizespec                         0x00000000   Number         0  stubs.o ABSOLUTE
    _printf_str                              0x00000000   Number         0  stubs.o ABSOLUTE
    _printf_truncate_signed                  0x00000000   Number         0  stubs.o ABSOLUTE
    _printf_truncate_unsigned                0x00000000   Number         0  stubs.o ABSOLUTE
    _printf_u                                0x00000000   Number         0  stubs.o ABSOLUTE
    _printf_wc                               0x00000000   Number         0  stubs.o ABSOLUTE
    _printf_wctomb                           0x00000000   Number         0  stubs.o ABSOLUTE
    _printf_widthprec                        0x00000000   Number         0  stubs.o ABSOLUTE
    _printf_x                                0x00000000   Number         0  stubs.o ABSOLUTE
    __cpp_initialize__aeabi_                  - Undefined Weak Reference
    __cxa_finalize                            - Undefined Weak Reference
    __decompress                              - Undefined Weak Reference
    _clock_init                               - Undefined Weak Reference
    _microlib_exit                            - Undefined Weak Reference
    __Vectors_Size                           0x000000ec   Number         0  startup_stm32f103xb.o ABSOLUTE
    __Vectors                                0x08000000   Data           4  startup_stm32f103xb.o(RESET)
    __Vectors_End                            0x080000ec   Data           0  startup_stm32f103xb.o(RESET)
    __main                                   0x080000ed   Thumb Code     0  entry.o(.ARM.Collect$$$$00000000)
    _main_stk                                0x080000ed   Thumb Code     0  entry2.o(.ARM.Collect$$$$00000001)
    _main_scatterload                        0x080000f1   Thumb Code     0  entry5.o(.ARM.Collect$$$$00000004)
    __main_after_scatterload                 0x080000f5   Thumb Code     0  entry5.o(.ARM.Collect$$$$00000004)
    _main_clock                              0x080000f5   Thumb Code     0  entry7b.o(.ARM.Collect$$$$00000008)
    _main_cpp_init                           0x080000f5   Thumb Code     0  entry8b.o(.ARM.Collect$$$$0000000A)
    _main_init                               0x080000f5   Thumb Code     0  entry9a.o(.ARM.Collect$$$$0000000B)
    __rt_final_cpp                           0x080000fd   Thumb Code     0  entry10a.o(.ARM.Collect$$$$0000000D)
    __rt_final_exit                          0x080000fd   Thumb Code     0  entry11a.o(.ARM.Collect$$$$0000000F)
    Reset_Handler                            0x08000101   Thumb Code     8  startup_stm32f103xb.o(.text)
    ADC1_2_IRQHandler                        0x0800011b   Thumb Code     0  startup_stm32f103xb.o(.text)
    CAN1_RX1_IRQHandler                      0x0800011b   Thumb Code     0  startup_stm32f103xb.o(.text)
    CAN1_SCE_IRQHandler                      0x0800011b   Thumb Code     0  startup_stm32f103xb.o(.text)
    DMA1_Channel2_IRQHandler                 0x0800011b   Thumb Code     0  startup_stm32f103xb.o(.text)
    DMA1_Channel3_IRQHandler                 0x0800011b   Thumb Code     0  startup_stm32f103xb.o(.text)
    DMA1_Channel4_IRQHandler                 0x0800011b   Thumb Code     0  startup_stm32f103xb.o(.text)
    DMA1_Channel6_IRQHandler                 0x0800011b   Thumb Code     0  startup_stm32f103xb.o(.text)
    DMA1_Channel7_IRQHandler                 0x0800011b   Thumb Code     0  startup_stm32f103xb.o(.text)
    EXTI0_IRQHandler                         0x0800011b   Thumb Code     0  startup_stm32f103xb.o(.text)
    EXTI1_IRQHandler                         0x0800011b   Thumb Code     0  startup_stm32f103xb.o(.text)
    EXTI2_IRQHandler                         0x0800011b   Thumb Code     0  startup_stm32f103xb.o(.text)
    EXTI3_IRQHandler                         0x0800011b   Thumb Code     0  startup_stm32f103xb.o(.text)
    EXTI4_IRQHandler                         0x0800011b   Thumb Code     0  startup_stm32f103xb.o(.text)
    FLASH_IRQHandler                         0x0800011b   Thumb Code     0  startup_stm32f103xb.o(.text)
    PVD_IRQHandler                           0x0800011b   Thumb Code     0  startup_stm32f103xb.o(.text)
    RCC_IRQHandler                           0x0800011b   Thumb Code     0  startup_stm32f103xb.o(.text)
    RTC_IRQHandler                           0x0800011b   Thumb Code     0  startup_stm32f103xb.o(.text)
    SPI1_IRQHandler                          0x0800011b   Thumb Code     0  startup_stm32f103xb.o(.text)
    SPI2_IRQHandler                          0x0800011b   Thumb Code     0  startup_stm32f103xb.o(.text)
    TAMPER_IRQHandler                        0x0800011b   Thumb Code     0  startup_stm32f103xb.o(.text)
    TIM2_IRQHandler                          0x0800011b   Thumb Code     0  startup_stm32f103xb.o(.text)
    TIM3_IRQHandler                          0x0800011b   Thumb Code     0  startup_stm32f103xb.o(.text)
    TIM4_IRQHandler                          0x0800011b   Thumb Code     0  startup_stm32f103xb.o(.text)
    USART1_IRQHandler                        0x0800011b   Thumb Code     0  startup_stm32f103xb.o(.text)
    USART3_IRQHandler                        0x0800011b   Thumb Code     0  startup_stm32f103xb.o(.text)
    USBWakeUp_IRQHandler                     0x0800011b   Thumb Code     0  startup_stm32f103xb.o(.text)
    USB_HP_CAN1_TX_IRQHandler                0x0800011b   Thumb Code     0  startup_stm32f103xb.o(.text)
    USB_LP_CAN1_RX0_IRQHandler               0x0800011b   Thumb Code     0  startup_stm32f103xb.o(.text)
    WWDG_IRQHandler                          0x0800011b   Thumb Code     0  startup_stm32f103xb.o(.text)
    __aeabi_llsr                             0x08000125   Thumb Code    32  llushr.o(.text)
    _ll_ushift_r                             0x08000125   Thumb Code     0  llushr.o(.text)
    __aeabi_memset                           0x08000145   Thumb Code    14  memseta.o(.text)
    __aeabi_memset4                          0x08000145   Thumb Code     0  memseta.o(.text)
    __aeabi_memset8                          0x08000145   Thumb Code     0  memseta.o(.text)
    __aeabi_memclr                           0x08000153   Thumb Code     4  memseta.o(.text)
    __aeabi_memclr4                          0x08000153   Thumb Code     0  memseta.o(.text)
    __aeabi_memclr8                          0x08000153   Thumb Code     0  memseta.o(.text)
    _memset$wrapper                          0x08000157   Thumb Code    18  memseta.o(.text)
    __ARM_scalbnf                            0x08000169   Thumb Code    24  fscalb.o(.text)
    scalbnf                                  0x08000169   Thumb Code     0  fscalb.o(.text)
    __aeabi_i2f                              0x08000181   Thumb Code    18  fflti.o(.text)
    __aeabi_f2d                              0x08000193   Thumb Code    38  f2d.o(.text)
    __aeabi_uidiv                            0x080001b9   Thumb Code     0  uidiv.o(.text)
    __aeabi_uidivmod                         0x080001b9   Thumb Code    44  uidiv.o(.text)
    __aeabi_uldivmod                         0x080001e5   Thumb Code    98  uldiv.o(.text)
    __I$use$fp                               0x08000247   Thumb Code     0  iusefp.o(.text)
    _float_round                             0x08000247   Thumb Code    18  fepilogue.o(.text)
    _float_epilogue                          0x08000259   Thumb Code    92  fepilogue.o(.text)
    __aeabi_dadd                             0x080002b5   Thumb Code   322  dadd.o(.text)
    __aeabi_dsub                             0x080003f7   Thumb Code     6  dadd.o(.text)
    __aeabi_drsub                            0x080003fd   Thumb Code     6  dadd.o(.text)
    __aeabi_dmul                             0x08000403   Thumb Code   228  dmul.o(.text)
    __aeabi_ddiv                             0x080004e7   Thumb Code   222  ddiv.o(.text)
    __aeabi_d2ulz                            0x080005c5   Thumb Code    48  dfixul.o(.text)
    __aeabi_cdrcmple                         0x080005f5   Thumb Code    48  cdrcmple.o(.text)
    __scatterload                            0x08000625   Thumb Code    28  init.o(.text)
    __scatterload_rt2                        0x08000625   Thumb Code     0  init.o(.text)
    __aeabi_llsl                             0x08000649   Thumb Code    30  llshl.o(.text)
    _ll_shift_l                              0x08000649   Thumb Code     0  llshl.o(.text)
    __aeabi_lasr                             0x08000667   Thumb Code    36  llsshr.o(.text)
    _ll_sshift_r                             0x08000667   Thumb Code     0  llsshr.o(.text)
    _double_round                            0x0800068b   Thumb Code    30  depilogue.o(.text)
    _double_epilogue                         0x080006a9   Thumb Code   156  depilogue.o(.text)
    BusFault_Handler                         0x08000745   Thumb Code     2  stm32f1xx_it.o(i.BusFault_Handler)
    DMA1_Channel1_IRQHandler                 0x08000749   Thumb Code     6  stm32f1xx_it.o(i.DMA1_Channel1_IRQHandler)
    DMA1_Channel5_IRQHandler                 0x08000755   Thumb Code     6  stm32f1xx_it.o(i.DMA1_Channel5_IRQHandler)
    DS18B20_Check                            0x08000761   Thumb Code    90  ds18b20.o(i.DS18B20_Check)
    DS18B20_Get_Temp                         0x080007c5   Thumb Code    86  ds18b20.o(i.DS18B20_Get_Temp)
    DS18B20_Init                             0x0800081b   Thumb Code    14  ds18b20.o(i.DS18B20_Init)
    DS18B20_Read_Bit                         0x08000829   Thumb Code    86  ds18b20.o(i.DS18B20_Read_Bit)
    DS18B20_Read_Byte                        0x08000889   Thumb Code    32  ds18b20.o(i.DS18B20_Read_Byte)
    DS18B20_Rst                              0x080008a9   Thumb Code    54  ds18b20.o(i.DS18B20_Rst)
    DS18B20_Start                            0x080008e9   Thumb Code    26  ds18b20.o(i.DS18B20_Start)
    DS18B20_Write_Byte                       0x08000905   Thumb Code    88  ds18b20.o(i.DS18B20_Write_Byte)
    DebugMon_Handler                         0x08000965   Thumb Code     2  stm32f1xx_it.o(i.DebugMon_Handler)
    EXTI15_10_IRQHandler                     0x08000967   Thumb Code    22  stm32f1xx_it.o(i.EXTI15_10_IRQHandler)
    EXTI9_5_IRQHandler                       0x0800097d   Thumb Code    40  stm32f1xx_it.o(i.EXTI9_5_IRQHandler)
    Error_Handler                            0x080009a5   Thumb Code     4  main.o(i.Error_Handler)
    HAL_CRC_Init                             0x080009a9   Thumb Code    34  stm32f1xx_hal_crc.o(i.HAL_CRC_Init)
    HAL_CRC_MspInit                          0x080009cd   Thumb Code    30  crc.o(i.HAL_CRC_MspInit)
    HAL_DMA_Abort                            0x080009f5   Thumb Code    70  stm32f1xx_hal_dma.o(i.HAL_DMA_Abort)
    HAL_DMA_Abort_IT                         0x08000a3d   Thumb Code   148  stm32f1xx_hal_dma.o(i.HAL_DMA_Abort_IT)
    HAL_DMA_GetState                         0x08000ad5   Thumb Code     6  stm32f1xx_hal_dma.o(i.HAL_DMA_GetState)
    HAL_DMA_IRQHandler                       0x08000add   Thumb Code   316  stm32f1xx_hal_dma.o(i.HAL_DMA_IRQHandler)
    HAL_DMA_Init                             0x08000c31   Thumb Code    84  stm32f1xx_hal_dma.o(i.HAL_DMA_Init)
    HAL_Delay                                0x08000c8d   Thumb Code    32  stm32f1xx_hal.o(i.HAL_Delay)
    HAL_GPIO_EXTI_Callback                   0x08000cb1   Thumb Code   126  main.o(i.HAL_GPIO_EXTI_Callback)
    HAL_GPIO_EXTI_IRQHandler                 0x08000d35   Thumb Code    18  stm32f1xx_hal_gpio.o(i.HAL_GPIO_EXTI_IRQHandler)
    HAL_GPIO_Init                            0x08000d4d   Thumb Code   446  stm32f1xx_hal_gpio.o(i.HAL_GPIO_Init)
    HAL_GPIO_WritePin                        0x08000f2d   Thumb Code    10  stm32f1xx_hal_gpio.o(i.HAL_GPIO_WritePin)
    HAL_GetTick                              0x08000f39   Thumb Code     6  stm32f1xx_hal.o(i.HAL_GetTick)
    HAL_I2C_AbortCpltCallback                0x08000f45   Thumb Code     2  stm32f1xx_hal_i2c.o(i.HAL_I2C_AbortCpltCallback)
    HAL_I2C_AddrCallback                     0x08000f47   Thumb Code     2  stm32f1xx_hal_i2c.o(i.HAL_I2C_AddrCallback)
    HAL_I2C_ER_IRQHandler                    0x08000f49   Thumb Code   196  stm32f1xx_hal_i2c.o(i.HAL_I2C_ER_IRQHandler)
    HAL_I2C_EV_IRQHandler                    0x0800100d   Thumb Code   560  stm32f1xx_hal_i2c.o(i.HAL_I2C_EV_IRQHandler)
    HAL_I2C_ErrorCallback                    0x0800123d   Thumb Code     2  stm32f1xx_hal_i2c.o(i.HAL_I2C_ErrorCallback)
    HAL_I2C_Init                             0x08001241   Thumb Code   376  stm32f1xx_hal_i2c.o(i.HAL_I2C_Init)
    HAL_I2C_ListenCpltCallback               0x080013c9   Thumb Code     2  stm32f1xx_hal_i2c.o(i.HAL_I2C_ListenCpltCallback)
    HAL_I2C_MasterRxCpltCallback             0x080013cb   Thumb Code     2  stm32f1xx_hal_i2c.o(i.HAL_I2C_MasterRxCpltCallback)
    HAL_I2C_MasterTxCpltCallback             0x080013cd   Thumb Code     2  stm32f1xx_hal_i2c.o(i.HAL_I2C_MasterTxCpltCallback)
    HAL_I2C_Master_Transmit                  0x080013d1   Thumb Code   290  stm32f1xx_hal_i2c.o(i.HAL_I2C_Master_Transmit)
    HAL_I2C_MemRxCpltCallback                0x080014fd   Thumb Code     2  stm32f1xx_hal_i2c.o(i.HAL_I2C_MemRxCpltCallback)
    HAL_I2C_MemTxCpltCallback                0x080014ff   Thumb Code     2  stm32f1xx_hal_i2c.o(i.HAL_I2C_MemTxCpltCallback)
    HAL_I2C_MspInit                          0x08001501   Thumb Code   242  i2c.o(i.HAL_I2C_MspInit)
    HAL_I2C_SlaveRxCpltCallback              0x0800160d   Thumb Code     2  stm32f1xx_hal_i2c.o(i.HAL_I2C_SlaveRxCpltCallback)
    HAL_I2C_SlaveTxCpltCallback              0x0800160f   Thumb Code     2  stm32f1xx_hal_i2c.o(i.HAL_I2C_SlaveTxCpltCallback)
    HAL_IncTick                              0x08001611   Thumb Code    12  stm32f1xx_hal.o(i.HAL_IncTick)
    HAL_Init                                 0x08001621   Thumb Code    32  stm32f1xx_hal.o(i.HAL_Init)
    HAL_InitTick                             0x08001645   Thumb Code    54  stm32f1xx_hal.o(i.HAL_InitTick)
    HAL_MspInit                              0x08001685   Thumb Code    52  stm32f1xx_hal_msp.o(i.HAL_MspInit)
    HAL_NVIC_EnableIRQ                       0x080016c1   Thumb Code    26  stm32f1xx_hal_cortex.o(i.HAL_NVIC_EnableIRQ)
    HAL_NVIC_SetPriority                     0x080016dd   Thumb Code    60  stm32f1xx_hal_cortex.o(i.HAL_NVIC_SetPriority)
    HAL_NVIC_SetPriorityGrouping             0x0800171d   Thumb Code    26  stm32f1xx_hal_cortex.o(i.HAL_NVIC_SetPriorityGrouping)
    HAL_NVIC_SystemReset                     0x08001741   Thumb Code    26  stm32f1xx_hal_cortex.o(i.HAL_NVIC_SystemReset)
    HAL_PWR_EnableBkUpAccess                 0x08001765   Thumb Code     8  stm32f1xx_hal_pwr.o(i.HAL_PWR_EnableBkUpAccess)
    HAL_RCCEx_GetPeriphCLKFreq               0x08001771   Thumb Code   166  stm32f1xx_hal_rcc_ex.o(i.HAL_RCCEx_GetPeriphCLKFreq)
    HAL_RCCEx_PeriphCLKConfig                0x08001839   Thumb Code   224  stm32f1xx_hal_rcc_ex.o(i.HAL_RCCEx_PeriphCLKConfig)
    HAL_RCC_ClockConfig                      0x08001925   Thumb Code   280  stm32f1xx_hal_rcc.o(i.HAL_RCC_ClockConfig)
    HAL_RCC_GetPCLK1Freq                     0x08001a51   Thumb Code    20  stm32f1xx_hal_rcc.o(i.HAL_RCC_GetPCLK1Freq)
    HAL_RCC_GetPCLK2Freq                     0x08001a71   Thumb Code    20  stm32f1xx_hal_rcc.o(i.HAL_RCC_GetPCLK2Freq)
    HAL_RCC_GetSysClockFreq                  0x08001a91   Thumb Code    74  stm32f1xx_hal_rcc.o(i.HAL_RCC_GetSysClockFreq)
    HAL_RCC_OscConfig                        0x08001afd   Thumb Code   778  stm32f1xx_hal_rcc.o(i.HAL_RCC_OscConfig)
    HAL_RTC_AlarmAEventCallback              0x08001e1d   Thumb Code     2  stm32f1xx_hal_rtc.o(i.HAL_RTC_AlarmAEventCallback)
    HAL_RTC_AlarmIRQHandler                  0x08001e21   Thumb Code    48  stm32f1xx_hal_rtc.o(i.HAL_RTC_AlarmIRQHandler)
    HAL_RTC_Init                             0x08001e55   Thumb Code   154  stm32f1xx_hal_rtc.o(i.HAL_RTC_Init)
    HAL_RTC_MspInit                          0x08001ef5   Thumb Code    60  rtc.o(i.HAL_RTC_MspInit)
    HAL_RTC_SetDate                          0x08001f3d   Thumb Code   192  stm32f1xx_hal_rtc.o(i.HAL_RTC_SetDate)
    HAL_RTC_SetTime                          0x08002001   Thumb Code   168  stm32f1xx_hal_rtc.o(i.HAL_RTC_SetTime)
    HAL_RTC_WaitForSynchro                   0x080020ad   Thumb Code    58  stm32f1xx_hal_rtc.o(i.HAL_RTC_WaitForSynchro)
    HAL_SYSTICK_Config                       0x080020e7   Thumb Code    40  stm32f1xx_hal_cortex.o(i.HAL_SYSTICK_Config)
    HAL_TIMEx_BreakCallback                  0x0800210f   Thumb Code     2  stm32f1xx_hal_tim_ex.o(i.HAL_TIMEx_BreakCallback)
    HAL_TIMEx_CommutCallback                 0x08002111   Thumb Code     2  stm32f1xx_hal_tim_ex.o(i.HAL_TIMEx_CommutCallback)
    HAL_TIMEx_MasterConfigSynchronization    0x08002115   Thumb Code    92  stm32f1xx_hal_tim_ex.o(i.HAL_TIMEx_MasterConfigSynchronization)
    HAL_TIM_Base_Init                        0x0800217d   Thumb Code    90  stm32f1xx_hal_tim.o(i.HAL_TIM_Base_Init)
    HAL_TIM_Base_MspInit                     0x080021d9   Thumb Code    98  tim.o(i.HAL_TIM_Base_MspInit)
    HAL_TIM_Base_Start_IT                    0x08002245   Thumb Code    76  stm32f1xx_hal_tim.o(i.HAL_TIM_Base_Start_IT)
    HAL_TIM_ConfigClockSource                0x0800229d   Thumb Code   214  stm32f1xx_hal_tim.o(i.HAL_TIM_ConfigClockSource)
    HAL_TIM_IC_CaptureCallback               0x08002373   Thumb Code     2  stm32f1xx_hal_tim.o(i.HAL_TIM_IC_CaptureCallback)
    HAL_TIM_IRQHandler                       0x08002375   Thumb Code   358  stm32f1xx_hal_tim.o(i.HAL_TIM_IRQHandler)
    HAL_TIM_OC_DelayElapsedCallback          0x080024db   Thumb Code     2  stm32f1xx_hal_tim.o(i.HAL_TIM_OC_DelayElapsedCallback)
    HAL_TIM_PWM_PulseFinishedCallback        0x080024dd   Thumb Code     2  stm32f1xx_hal_tim.o(i.HAL_TIM_PWM_PulseFinishedCallback)
    HAL_TIM_PeriodElapsedCallback            0x080024e1   Thumb Code    56  main.o(i.HAL_TIM_PeriodElapsedCallback)
    HAL_TIM_TriggerCallback                  0x0800251d   Thumb Code     2  stm32f1xx_hal_tim.o(i.HAL_TIM_TriggerCallback)
    HAL_UARTEx_RxEventCallback               0x0800251f   Thumb Code     2  stm32f1xx_hal_uart.o(i.HAL_UARTEx_RxEventCallback)
    HAL_UART_ErrorCallback                   0x08002521   Thumb Code     2  stm32f1xx_hal_uart.o(i.HAL_UART_ErrorCallback)
    HAL_UART_IRQHandler                      0x08002525   Thumb Code   520  stm32f1xx_hal_uart.o(i.HAL_UART_IRQHandler)
    HAL_UART_Init                            0x08002731   Thumb Code    98  stm32f1xx_hal_uart.o(i.HAL_UART_Init)
    HAL_UART_MspInit                         0x08002795   Thumb Code   114  usart.o(i.HAL_UART_MspInit)
    HAL_UART_RxCpltCallback                  0x08002815   Thumb Code     2  stm32f1xx_hal_uart.o(i.HAL_UART_RxCpltCallback)
    HAL_UART_TxCpltCallback                  0x08002817   Thumb Code     2  stm32f1xx_hal_uart.o(i.HAL_UART_TxCpltCallback)
    HardFault_Handler                        0x08002819   Thumb Code     2  stm32f1xx_it.o(i.HardFault_Handler)
    I2C1_ER_IRQHandler                       0x0800281d   Thumb Code     6  stm32f1xx_it.o(i.I2C1_ER_IRQHandler)
    I2C1_EV_IRQHandler                       0x08002829   Thumb Code     6  stm32f1xx_it.o(i.I2C1_EV_IRQHandler)
    I2C2_ER_IRQHandler                       0x08002835   Thumb Code     6  stm32f1xx_it.o(i.I2C2_ER_IRQHandler)
    I2C2_EV_IRQHandler                       0x08002841   Thumb Code     6  stm32f1xx_it.o(i.I2C2_EV_IRQHandler)
    MX_CRC_Init                              0x08003465   Thumb Code    28  crc.o(i.MX_CRC_Init)
    MX_DMA_Init                              0x08003489   Thumb Code    96  dma.o(i.MX_DMA_Init)
    MX_GPIO_Init                             0x080034f5   Thumb Code   140  gpio.o(i.MX_GPIO_Init)
    MX_I2C1_Init                             0x08003591   Thumb Code    50  i2c.o(i.MX_I2C1_Init)
    MX_I2C2_Init                             0x080035d1   Thumb Code    50  i2c.o(i.MX_I2C2_Init)
    MX_RTC_Init                              0x08003611   Thumb Code   100  rtc.o(i.MX_RTC_Init)
    MX_TIM1_Init                             0x0800367d   Thumb Code    96  tim.o(i.MX_TIM1_Init)
    MX_USART2_UART_Init                      0x080036e5   Thumb Code    48  usart.o(i.MX_USART2_UART_Init)
    MemManage_Handler                        0x0800371d   Thumb Code     2  stm32f1xx_it.o(i.MemManage_Handler)
    NMI_Handler                              0x0800371f   Thumb Code     2  stm32f1xx_it.o(i.NMI_Handler)
    OLED_Clear                               0x08003721   Thumb Code    40  oled.o(i.OLED_Clear)
    OLED_Init                                0x08003749   Thumb Code    82  oled.o(i.OLED_Init)
    OLED_SetPos                              0x0800379b   Thumb Code    42  oled.o(i.OLED_SetPos)
    OLED_ShowChar                            0x080037c5   Thumb Code   132  oled.o(i.OLED_ShowChar)
    OLED_ShowString                          0x08003851   Thumb Code    54  oled.o(i.OLED_ShowString)
    OLED_Write                               0x08003889   Thumb Code    28  oled.o(i.OLED_Write)
    PendSV_Handler                           0x080038a9   Thumb Code     2  stm32f1xx_it.o(i.PendSV_Handler)
    RTC_Alarm_IRQHandler                     0x080038ad   Thumb Code     6  stm32f1xx_it.o(i.RTC_Alarm_IRQHandler)
    SVC_Handler                              0x08003a0b   Thumb Code     2  stm32f1xx_it.o(i.SVC_Handler)
    SysTick_Handler                          0x08003a0d   Thumb Code     4  stm32f1xx_it.o(i.SysTick_Handler)
    SystemClock_Config                       0x08003a11   Thumb Code   124  main.o(i.SystemClock_Config)
    SystemInit                               0x08003a8d   Thumb Code     2  system_stm32f1xx.o(i.SystemInit)
    TIM1_BRK_IRQHandler                      0x08003a91   Thumb Code     6  stm32f1xx_it.o(i.TIM1_BRK_IRQHandler)
    TIM1_CC_IRQHandler                       0x08003a9d   Thumb Code     6  stm32f1xx_it.o(i.TIM1_CC_IRQHandler)
    TIM1_TRG_COM_IRQHandler                  0x08003aa9   Thumb Code     6  stm32f1xx_it.o(i.TIM1_TRG_COM_IRQHandler)
    TIM1_UP_IRQHandler                       0x08003ab5   Thumb Code     6  stm32f1xx_it.o(i.TIM1_UP_IRQHandler)
    TIM_Base_SetConfig                       0x08003ac1   Thumb Code    94  stm32f1xx_hal_tim.o(i.TIM_Base_SetConfig)
    TIM_ETR_SetConfig                        0x08003b2d   Thumb Code    20  stm32f1xx_hal_tim.o(i.TIM_ETR_SetConfig)
    USART2_IRQHandler                        0x08003d45   Thumb Code     6  stm32f1xx_it.o(i.USART2_IRQHandler)
    UsageFault_Handler                       0x08003d51   Thumb Code     2  stm32f1xx_it.o(i.UsageFault_Handler)
    __0sprintf                               0x08003d55   Thumb Code    34  printfa.o(i.__0sprintf)
    __1sprintf                               0x08003d55   Thumb Code     0  printfa.o(i.__0sprintf)
    __2sprintf                               0x08003d55   Thumb Code     0  printfa.o(i.__0sprintf)
    __c89sprintf                             0x08003d55   Thumb Code     0  printfa.o(i.__0sprintf)
    sprintf                                  0x08003d55   Thumb Code     0  printfa.o(i.__0sprintf)
    __scatterload_copy                       0x08003d9d   Thumb Code    14  handlers.o(i.__scatterload_copy)
    __scatterload_null                       0x08003dab   Thumb Code     2  handlers.o(i.__scatterload_null)
    __scatterload_zeroinit                   0x08003dad   Thumb Code    14  handlers.o(i.__scatterload_zeroinit)
    main                                     0x08004699   Thumb Code   128  main.o(i.main)
    g_F6x8                                   0x0800472c   Data         552  oled.o(.constdata)
    g_F8X16                                  0x08004954   Data        1520  oled.o(.constdata)
    AHBPrescTable                            0x08004f44   Data          16  system_stm32f1xx.o(.constdata)
    APBPrescTable                            0x08004f54   Data           8  system_stm32f1xx.o(.constdata)
    Region$$Table$$Base                      0x08004f5c   Number         0  anon$$obj.o(Region$$Table)
    Region$$Table$$Limit                     0x08004f7c   Number         0  anon$$obj.o(Region$$Table)
    time_100ms                               0x20000000   Data           4  main.o(.data)
    time_500ms                               0x20000004   Data           4  main.o(.data)
    key_flag                                 0x20000008   Data           4  main.o(.data)
    hcrc                                     0x20000030   Data           8  crc.o(.data)
    uwTickFreq                               0x20000038   Data           1  stm32f1xx_hal.o(.data)
    uwTickPrio                               0x2000003c   Data           4  stm32f1xx_hal.o(.data)
    uwTick                                   0x20000040   Data           4  stm32f1xx_hal.o(.data)
    SystemCoreClock                          0x20000044   Data           4  system_stm32f1xx.o(.data)
    lcdLine_1st_line                         0x20000048   Data          16  main.o(.bss)
    lcdLine_2st_line                         0x20000058   Data          16  main.o(.bss)
    hdma_memtomem_dma1_channel1              0x20000068   Data          68  dma.o(.bss)
    hi2c1                                    0x200000ac   Data          84  i2c.o(.bss)
    hi2c2                                    0x20000100   Data          84  i2c.o(.bss)
    hdma_i2c2_rx                             0x20000154   Data          68  i2c.o(.bss)
    hrtc                                     0x20000198   Data          20  rtc.o(.bss)
    htim1                                    0x200001ac   Data          72  tim.o(.bss)
    huart2                                   0x200001f4   Data          68  usart.o(.bss)
    __initial_sp                             0x20000638   Data           0  startup_stm32f103xb.o(STACK)



==============================================================================

Memory Map of the image

  Image Entry point : 0x080000ed

  Load Region LR_IROM1 (Base: 0x08000000, Size: 0x00004fc4, Max: 0x00010000, ABSOLUTE)

    Execution Region ER_IROM1 (Base: 0x08000000, Size: 0x00004f7c, Max: 0x00010000, ABSOLUTE)

    Base Addr    Size         Type   Attr      Idx    E Section Name        Object

    0x08000000   0x000000ec   Data   RO            3    RESET               startup_stm32f103xb.o
    0x080000ec   0x00000000   Code   RO         3931  * .ARM.Collect$$$$00000000  mc_w.l(entry.o)
    0x080000ec   0x00000004   Code   RO         4205    .ARM.Collect$$$$00000001  mc_w.l(entry2.o)
    0x080000f0   0x00000004   Code   RO         4208    .ARM.Collect$$$$00000004  mc_w.l(entry5.o)
    0x080000f4   0x00000000   Code   RO         4210    .ARM.Collect$$$$00000008  mc_w.l(entry7b.o)
    0x080000f4   0x00000000   Code   RO         4212    .ARM.Collect$$$$0000000A  mc_w.l(entry8b.o)
    0x080000f4   0x00000008   Code   RO         4213    .ARM.Collect$$$$0000000B  mc_w.l(entry9a.o)
    0x080000fc   0x00000000   Code   RO         4215    .ARM.Collect$$$$0000000D  mc_w.l(entry10a.o)
    0x080000fc   0x00000000   Code   RO         4217    .ARM.Collect$$$$0000000F  mc_w.l(entry11a.o)
    0x080000fc   0x00000004   Code   RO         4206    .ARM.Collect$$$$00002712  mc_w.l(entry2.o)
    0x08000100   0x00000024   Code   RO            4    .text               startup_stm32f103xb.o
    0x08000124   0x00000020   Code   RO         3934    .text               mc_w.l(llushr.o)
    0x08000144   0x00000024   Code   RO         3936    .text               mc_w.l(memseta.o)
    0x08000168   0x00000018   Code   RO         4199    .text               mf_w.l(fscalb.o)
    0x08000180   0x00000012   Code   RO         4201    .text               mf_w.l(fflti.o)
    0x08000192   0x00000026   Code   RO         4203    .text               mf_w.l(f2d.o)
    0x080001b8   0x0000002c   Code   RO         4222    .text               mc_w.l(uidiv.o)
    0x080001e4   0x00000062   Code   RO         4224    .text               mc_w.l(uldiv.o)
    0x08000246   0x00000000   Code   RO         4226    .text               mc_w.l(iusefp.o)
    0x08000246   0x0000006e   Code   RO         4227    .text               mf_w.l(fepilogue.o)
    0x080002b4   0x0000014e   Code   RO         4229    .text               mf_w.l(dadd.o)
    0x08000402   0x000000e4   Code   RO         4231    .text               mf_w.l(dmul.o)
    0x080004e6   0x000000de   Code   RO         4233    .text               mf_w.l(ddiv.o)
    0x080005c4   0x00000030   Code   RO         4235    .text               mf_w.l(dfixul.o)
    0x080005f4   0x00000030   Code   RO         4237    .text               mf_w.l(cdrcmple.o)
    0x08000624   0x00000024   Code   RO         4239    .text               mc_w.l(init.o)
    0x08000648   0x0000001e   Code   RO         4242    .text               mc_w.l(llshl.o)
    0x08000666   0x00000024   Code   RO         4244    .text               mc_w.l(llsshr.o)
    0x0800068a   0x000000ba   Code   RO         4247    .text               mf_w.l(depilogue.o)
    0x08000744   0x00000002   Code   RO          480    i.BusFault_Handler  stm32f1xx_it.o
    0x08000746   0x00000002   PAD
    0x08000748   0x0000000c   Code   RO          481    i.DMA1_Channel1_IRQHandler  stm32f1xx_it.o
    0x08000754   0x0000000c   Code   RO          482    i.DMA1_Channel5_IRQHandler  stm32f1xx_it.o
    0x08000760   0x00000064   Code   RO         3864    i.DS18B20_Check     ds18b20.o
    0x080007c4   0x00000056   Code   RO         3865    i.DS18B20_Get_Temp  ds18b20.o
    0x0800081a   0x0000000e   Code   RO         3866    i.DS18B20_Init      ds18b20.o
    0x08000828   0x00000060   Code   RO         3867    i.DS18B20_Read_Bit  ds18b20.o
    0x08000888   0x00000020   Code   RO         3868    i.DS18B20_Read_Byte  ds18b20.o
    0x080008a8   0x00000040   Code   RO         3869    i.DS18B20_Rst       ds18b20.o
    0x080008e8   0x0000001a   Code   RO         3870    i.DS18B20_Start     ds18b20.o
    0x08000902   0x00000002   PAD
    0x08000904   0x00000060   Code   RO         3871    i.DS18B20_Write_Byte  ds18b20.o
    0x08000964   0x00000002   Code   RO          483    i.DebugMon_Handler  stm32f1xx_it.o
    0x08000966   0x00000016   Code   RO          484    i.EXTI15_10_IRQHandler  stm32f1xx_it.o
    0x0800097c   0x00000028   Code   RO          485    i.EXTI9_5_IRQHandler  stm32f1xx_it.o
    0x080009a4   0x00000004   Code   RO           13    i.Error_Handler     main.o
    0x080009a8   0x00000022   Code   RO          704    i.HAL_CRC_Init      stm32f1xx_hal_crc.o
    0x080009ca   0x00000002   PAD
    0x080009cc   0x00000028   Code   RO          233    i.HAL_CRC_MspInit   crc.o
    0x080009f4   0x00000046   Code   RO         1139    i.HAL_DMA_Abort     stm32f1xx_hal_dma.o
    0x08000a3a   0x00000002   PAD
    0x08000a3c   0x00000098   Code   RO         1140    i.HAL_DMA_Abort_IT  stm32f1xx_hal_dma.o
    0x08000ad4   0x00000006   Code   RO         1143    i.HAL_DMA_GetState  stm32f1xx_hal_dma.o
    0x08000ada   0x00000002   PAD
    0x08000adc   0x00000154   Code   RO         1144    i.HAL_DMA_IRQHandler  stm32f1xx_hal_dma.o
    0x08000c30   0x0000005c   Code   RO         1145    i.HAL_DMA_Init      stm32f1xx_hal_dma.o
    0x08000c8c   0x00000024   Code   RO          767    i.HAL_Delay         stm32f1xx_hal.o
    0x08000cb0   0x00000084   Code   RO           14    i.HAL_GPIO_EXTI_Callback  main.o
    0x08000d34   0x00000018   Code   RO         1074    i.HAL_GPIO_EXTI_IRQHandler  stm32f1xx_hal_gpio.o
    0x08000d4c   0x000001e0   Code   RO         1075    i.HAL_GPIO_Init     stm32f1xx_hal_gpio.o
    0x08000f2c   0x0000000a   Code   RO         1079    i.HAL_GPIO_WritePin  stm32f1xx_hal_gpio.o
    0x08000f36   0x00000002   PAD
    0x08000f38   0x0000000c   Code   RO          771    i.HAL_GetTick       stm32f1xx_hal.o
    0x08000f44   0x00000002   Code   RO         1735    i.HAL_I2C_AbortCpltCallback  stm32f1xx_hal_i2c.o
    0x08000f46   0x00000002   Code   RO         1736    i.HAL_I2C_AddrCallback  stm32f1xx_hal_i2c.o
    0x08000f48   0x000000c4   Code   RO         1739    i.HAL_I2C_ER_IRQHandler  stm32f1xx_hal_i2c.o
    0x0800100c   0x00000230   Code   RO         1740    i.HAL_I2C_EV_IRQHandler  stm32f1xx_hal_i2c.o
    0x0800123c   0x00000002   Code   RO         1742    i.HAL_I2C_ErrorCallback  stm32f1xx_hal_i2c.o
    0x0800123e   0x00000002   PAD
    0x08001240   0x00000188   Code   RO         1746    i.HAL_I2C_Init      stm32f1xx_hal_i2c.o
    0x080013c8   0x00000002   Code   RO         1748    i.HAL_I2C_ListenCpltCallback  stm32f1xx_hal_i2c.o
    0x080013ca   0x00000002   Code   RO         1749    i.HAL_I2C_MasterRxCpltCallback  stm32f1xx_hal_i2c.o
    0x080013cc   0x00000002   Code   RO         1750    i.HAL_I2C_MasterTxCpltCallback  stm32f1xx_hal_i2c.o
    0x080013ce   0x00000002   PAD
    0x080013d0   0x0000012c   Code   RO         1759    i.HAL_I2C_Master_Transmit  stm32f1xx_hal_i2c.o
    0x080014fc   0x00000002   Code   RO         1762    i.HAL_I2C_MemRxCpltCallback  stm32f1xx_hal_i2c.o
    0x080014fe   0x00000002   Code   RO         1763    i.HAL_I2C_MemTxCpltCallback  stm32f1xx_hal_i2c.o
    0x08001500   0x0000010c   Code   RO          305    i.HAL_I2C_MspInit   i2c.o
    0x0800160c   0x00000002   Code   RO         1772    i.HAL_I2C_SlaveRxCpltCallback  stm32f1xx_hal_i2c.o
    0x0800160e   0x00000002   Code   RO         1773    i.HAL_I2C_SlaveTxCpltCallback  stm32f1xx_hal_i2c.o
    0x08001610   0x00000010   Code   RO          777    i.HAL_IncTick       stm32f1xx_hal.o
    0x08001620   0x00000024   Code   RO          778    i.HAL_Init          stm32f1xx_hal.o
    0x08001644   0x00000040   Code   RO          779    i.HAL_InitTick      stm32f1xx_hal.o
    0x08001684   0x0000003c   Code   RO          640    i.HAL_MspInit       stm32f1xx_hal_msp.o
    0x080016c0   0x0000001a   Code   RO         1235    i.HAL_NVIC_EnableIRQ  stm32f1xx_hal_cortex.o
    0x080016da   0x00000002   PAD
    0x080016dc   0x00000040   Code   RO         1241    i.HAL_NVIC_SetPriority  stm32f1xx_hal_cortex.o
    0x0800171c   0x00000024   Code   RO         1242    i.HAL_NVIC_SetPriorityGrouping  stm32f1xx_hal_cortex.o
    0x08001740   0x00000024   Code   RO         1243    i.HAL_NVIC_SystemReset  stm32f1xx_hal_cortex.o
    0x08001764   0x0000000c   Code   RO         1357    i.HAL_PWR_EnableBkUpAccess  stm32f1xx_hal_pwr.o
    0x08001770   0x000000c8   Code   RO         1037    i.HAL_RCCEx_GetPeriphCLKFreq  stm32f1xx_hal_rcc_ex.o
    0x08001838   0x000000ec   Code   RO         1038    i.HAL_RCCEx_PeriphCLKConfig  stm32f1xx_hal_rcc_ex.o
    0x08001924   0x0000012c   Code   RO          935    i.HAL_RCC_ClockConfig  stm32f1xx_hal_rcc.o
    0x08001a50   0x00000020   Code   RO          942    i.HAL_RCC_GetPCLK1Freq  stm32f1xx_hal_rcc.o
    0x08001a70   0x00000020   Code   RO          943    i.HAL_RCC_GetPCLK2Freq  stm32f1xx_hal_rcc.o
    0x08001a90   0x0000006c   Code   RO          944    i.HAL_RCC_GetSysClockFreq  stm32f1xx_hal_rcc.o
    0x08001afc   0x00000320   Code   RO          947    i.HAL_RCC_OscConfig  stm32f1xx_hal_rcc.o
    0x08001e1c   0x00000002   Code   RO         2167    i.HAL_RTC_AlarmAEventCallback  stm32f1xx_hal_rtc.o
    0x08001e1e   0x00000002   PAD
    0x08001e20   0x00000034   Code   RO         2168    i.HAL_RTC_AlarmIRQHandler  stm32f1xx_hal_rtc.o
    0x08001e54   0x000000a0   Code   RO         2175    i.HAL_RTC_Init      stm32f1xx_hal_rtc.o
    0x08001ef4   0x00000048   Code   RO          353    i.HAL_RTC_MspInit   rtc.o
    0x08001f3c   0x000000c4   Code   RO         2181    i.HAL_RTC_SetDate   stm32f1xx_hal_rtc.o
    0x08002000   0x000000ac   Code   RO         2182    i.HAL_RTC_SetTime   stm32f1xx_hal_rtc.o
    0x080020ac   0x0000003a   Code   RO         2183    i.HAL_RTC_WaitForSynchro  stm32f1xx_hal_rtc.o
    0x080020e6   0x00000028   Code   RO         1246    i.HAL_SYSTICK_Config  stm32f1xx_hal_cortex.o
    0x0800210e   0x00000002   Code   RO         3145    i.HAL_TIMEx_BreakCallback  stm32f1xx_hal_tim_ex.o
    0x08002110   0x00000002   Code   RO         3146    i.HAL_TIMEx_CommutCallback  stm32f1xx_hal_tim_ex.o
    0x08002112   0x00000002   PAD
    0x08002114   0x00000068   Code   RO         3164    i.HAL_TIMEx_MasterConfigSynchronization  stm32f1xx_hal_tim_ex.o
    0x0800217c   0x0000005a   Code   RO         2441    i.HAL_TIM_Base_Init  stm32f1xx_hal_tim.o
    0x080021d6   0x00000002   PAD
    0x080021d8   0x0000006c   Code   RO          397    i.HAL_TIM_Base_MspInit  tim.o
    0x08002244   0x00000058   Code   RO         2446    i.HAL_TIM_Base_Start_IT  stm32f1xx_hal_tim.o
    0x0800229c   0x000000d6   Code   RO         2450    i.HAL_TIM_ConfigClockSource  stm32f1xx_hal_tim.o
    0x08002372   0x00000002   Code   RO         2475    i.HAL_TIM_IC_CaptureCallback  stm32f1xx_hal_tim.o
    0x08002374   0x00000166   Code   RO         2489    i.HAL_TIM_IRQHandler  stm32f1xx_hal_tim.o
    0x080024da   0x00000002   Code   RO         2492    i.HAL_TIM_OC_DelayElapsedCallback  stm32f1xx_hal_tim.o
    0x080024dc   0x00000002   Code   RO         2519    i.HAL_TIM_PWM_PulseFinishedCallback  stm32f1xx_hal_tim.o
    0x080024de   0x00000002   PAD
    0x080024e0   0x0000003c   Code   RO           15    i.HAL_TIM_PeriodElapsedCallback  main.o
    0x0800251c   0x00000002   Code   RO         2532    i.HAL_TIM_TriggerCallback  stm32f1xx_hal_tim.o
    0x0800251e   0x00000002   Code   RO         3423    i.HAL_UARTEx_RxEventCallback  stm32f1xx_hal_uart.o
    0x08002520   0x00000002   Code   RO         3437    i.HAL_UART_ErrorCallback  stm32f1xx_hal_uart.o
    0x08002522   0x00000002   PAD
    0x08002524   0x0000020c   Code   RO         3440    i.HAL_UART_IRQHandler  stm32f1xx_hal_uart.o
    0x08002730   0x00000062   Code   RO         3441    i.HAL_UART_Init     stm32f1xx_hal_uart.o
    0x08002792   0x00000002   PAD
    0x08002794   0x00000080   Code   RO          439    i.HAL_UART_MspInit  usart.o
    0x08002814   0x00000002   Code   RO         3447    i.HAL_UART_RxCpltCallback  stm32f1xx_hal_uart.o
    0x08002816   0x00000002   Code   RO         3452    i.HAL_UART_TxCpltCallback  stm32f1xx_hal_uart.o
    0x08002818   0x00000002   Code   RO          486    i.HardFault_Handler  stm32f1xx_it.o
    0x0800281a   0x00000002   PAD
    0x0800281c   0x0000000c   Code   RO          487    i.I2C1_ER_IRQHandler  stm32f1xx_it.o
    0x08002828   0x0000000c   Code   RO          488    i.I2C1_EV_IRQHandler  stm32f1xx_it.o
    0x08002834   0x0000000c   Code   RO          489    i.I2C2_ER_IRQHandler  stm32f1xx_it.o
    0x08002840   0x0000000c   Code   RO          490    i.I2C2_EV_IRQHandler  stm32f1xx_it.o
    0x0800284c   0x000000bc   Code   RO         1784    i.I2C_DMAAbort      stm32f1xx_hal_i2c.o
    0x08002908   0x00000158   Code   RO         1787    i.I2C_ITError       stm32f1xx_hal_i2c.o
    0x08002a60   0x0000002e   Code   RO         1788    i.I2C_IsAcknowledgeFailed  stm32f1xx_hal_i2c.o
    0x08002a8e   0x000000d2   Code   RO         1789    i.I2C_MasterReceive_BTF  stm32f1xx_hal_i2c.o
    0x08002b60   0x000000e8   Code   RO         1790    i.I2C_MasterReceive_RXNE  stm32f1xx_hal_i2c.o
    0x08002c48   0x0000009c   Code   RO         1792    i.I2C_MasterRequestWrite  stm32f1xx_hal_i2c.o
    0x08002ce4   0x00000082   Code   RO         1793    i.I2C_MasterTransmit_BTF  stm32f1xx_hal_i2c.o
    0x08002d66   0x00000002   PAD
    0x08002d68   0x000000b6   Code   RO         1794    i.I2C_MasterTransmit_TXE  stm32f1xx_hal_i2c.o
    0x08002e1e   0x00000002   PAD
    0x08002e20   0x00000158   Code   RO         1795    i.I2C_Master_ADDR   stm32f1xx_hal_i2c.o
    0x08002f78   0x0000008c   Code   RO         1796    i.I2C_Master_SB     stm32f1xx_hal_i2c.o
    0x08003004   0x000000a0   Code   RO         1797    i.I2C_MemoryTransmit_TXE_BTF  stm32f1xx_hal_i2c.o
    0x080030a4   0x00000046   Code   RO         1800    i.I2C_Slave_ADDR    stm32f1xx_hal_i2c.o
    0x080030ea   0x00000002   PAD
    0x080030ec   0x00000084   Code   RO         1801    i.I2C_Slave_AF      stm32f1xx_hal_i2c.o
    0x08003170   0x0000015c   Code   RO         1802    i.I2C_Slave_STOPF   stm32f1xx_hal_i2c.o
    0x080032cc   0x0000004c   Code   RO         1803    i.I2C_WaitOnBTFFlagUntilTimeout  stm32f1xx_hal_i2c.o
    0x08003318   0x00000068   Code   RO         1804    i.I2C_WaitOnFlagUntilTimeout  stm32f1xx_hal_i2c.o
    0x08003380   0x00000096   Code   RO         1805    i.I2C_WaitOnMasterAddressFlagUntilTimeout  stm32f1xx_hal_i2c.o
    0x08003416   0x0000004c   Code   RO         1807    i.I2C_WaitOnTXEFlagUntilTimeout  stm32f1xx_hal_i2c.o
    0x08003462   0x00000002   PAD
    0x08003464   0x00000024   Code   RO          234    i.MX_CRC_Init       crc.o
    0x08003488   0x0000006c   Code   RO          274    i.MX_DMA_Init       dma.o
    0x080034f4   0x0000009c   Code   RO          208    i.MX_GPIO_Init      gpio.o
    0x08003590   0x00000040   Code   RO          306    i.MX_I2C1_Init      i2c.o
    0x080035d0   0x00000040   Code   RO          307    i.MX_I2C2_Init      i2c.o
    0x08003610   0x0000006c   Code   RO          354    i.MX_RTC_Init       rtc.o
    0x0800367c   0x00000068   Code   RO          398    i.MX_TIM1_Init      tim.o
    0x080036e4   0x00000038   Code   RO          440    i.MX_USART2_UART_Init  usart.o
    0x0800371c   0x00000002   Code   RO          491    i.MemManage_Handler  stm32f1xx_it.o
    0x0800371e   0x00000002   Code   RO          492    i.NMI_Handler       stm32f1xx_it.o
    0x08003720   0x00000028   Code   RO         3769    i.OLED_Clear        oled.o
    0x08003748   0x00000052   Code   RO         3770    i.OLED_Init         oled.o
    0x0800379a   0x0000002a   Code   RO         3771    i.OLED_SetPos       oled.o
    0x080037c4   0x0000008c   Code   RO         3772    i.OLED_ShowChar     oled.o
    0x08003850   0x00000036   Code   RO         3773    i.OLED_ShowString   oled.o
    0x08003886   0x00000002   PAD
    0x08003888   0x00000020   Code   RO         3774    i.OLED_Write        oled.o
    0x080038a8   0x00000002   Code   RO          493    i.PendSV_Handler    stm32f1xx_it.o
    0x080038aa   0x00000002   PAD
    0x080038ac   0x0000000c   Code   RO          494    i.RTC_Alarm_IRQHandler  stm32f1xx_it.o
    0x080038b8   0x00000012   Code   RO         2184    i.RTC_Bcd2ToByte    stm32f1xx_hal_rtc.o
    0x080038ca   0x00000034   Code   RO         2187    i.RTC_EnterInitMode  stm32f1xx_hal_rtc.o
    0x080038fe   0x00000002   PAD
    0x08003900   0x00000036   Code   RO         2188    i.RTC_ExitInitMode  stm32f1xx_hal_rtc.o
    0x08003936   0x0000000e   Code   RO         2189    i.RTC_ReadAlarmCounter  stm32f1xx_hal_rtc.o
    0x08003944   0x00000020   Code   RO         2190    i.RTC_ReadTimeCounter  stm32f1xx_hal_rtc.o
    0x08003964   0x00000056   Code   RO         2191    i.RTC_WeekDayNum    stm32f1xx_hal_rtc.o
    0x080039ba   0x00000028   Code   RO         2192    i.RTC_WriteAlarmCounter  stm32f1xx_hal_rtc.o
    0x080039e2   0x00000028   Code   RO         2193    i.RTC_WriteTimeCounter  stm32f1xx_hal_rtc.o
    0x08003a0a   0x00000002   Code   RO          495    i.SVC_Handler       stm32f1xx_it.o
    0x08003a0c   0x00000004   Code   RO          496    i.SysTick_Handler   stm32f1xx_it.o
    0x08003a10   0x0000007c   Code   RO           16    i.SystemClock_Config  main.o
    0x08003a8c   0x00000002   Code   RO         3827    i.SystemInit        system_stm32f1xx.o
    0x08003a8e   0x00000002   PAD
    0x08003a90   0x0000000c   Code   RO          497    i.TIM1_BRK_IRQHandler  stm32f1xx_it.o
    0x08003a9c   0x0000000c   Code   RO          498    i.TIM1_CC_IRQHandler  stm32f1xx_it.o
    0x08003aa8   0x0000000c   Code   RO          499    i.TIM1_TRG_COM_IRQHandler  stm32f1xx_it.o
    0x08003ab4   0x0000000c   Code   RO          500    i.TIM1_UP_IRQHandler  stm32f1xx_it.o
    0x08003ac0   0x0000006c   Code   RO         2534    i.TIM_Base_SetConfig  stm32f1xx_hal_tim.o
    0x08003b2c   0x00000014   Code   RO         2545    i.TIM_ETR_SetConfig  stm32f1xx_hal_tim.o
    0x08003b40   0x00000010   Code   RO         2546    i.TIM_ITRx_SetConfig  stm32f1xx_hal_tim.o
    0x08003b50   0x00000022   Code   RO         2552    i.TIM_TI1_ConfigInputStage  stm32f1xx_hal_tim.o
    0x08003b72   0x00000024   Code   RO         2554    i.TIM_TI2_ConfigInputStage  stm32f1xx_hal_tim.o
    0x08003b96   0x00000010   Code   RO         3454    i.UART_DMAAbortOnError  stm32f1xx_hal_uart.o
    0x08003ba6   0x00000030   Code   RO         3464    i.UART_EndRxTransfer  stm32f1xx_hal_uart.o
    0x08003bd6   0x000000b6   Code   RO         3466    i.UART_Receive_IT   stm32f1xx_hal_uart.o
    0x08003c8c   0x000000b8   Code   RO         3467    i.UART_SetConfig    stm32f1xx_hal_uart.o
    0x08003d44   0x0000000c   Code   RO          501    i.USART2_IRQHandler  stm32f1xx_it.o
    0x08003d50   0x00000002   Code   RO          502    i.UsageFault_Handler  stm32f1xx_it.o
    0x08003d52   0x00000002   PAD
    0x08003d54   0x00000028   Code   RO         4173    i.__0sprintf        mc_w.l(printfa.o)
    0x08003d7c   0x00000020   Code   RO         1248    i.__NVIC_SetPriority  stm32f1xx_hal_cortex.o
    0x08003d9c   0x0000000e   Code   RO         4251    i.__scatterload_copy  mc_w.l(handlers.o)
    0x08003daa   0x00000002   Code   RO         4252    i.__scatterload_null  mc_w.l(handlers.o)
    0x08003dac   0x0000000e   Code   RO         4253    i.__scatterload_zeroinit  mc_w.l(handlers.o)
    0x08003dba   0x00000002   PAD
    0x08003dbc   0x00000164   Code   RO         4178    i._fp_digits        mc_w.l(printfa.o)
    0x08003f20   0x000006dc   Code   RO         4179    i._printf_core      mc_w.l(printfa.o)
    0x080045fc   0x00000024   Code   RO         4180    i._printf_post_padding  mc_w.l(printfa.o)
    0x08004620   0x0000002e   Code   RO         4181    i._printf_pre_padding  mc_w.l(printfa.o)
    0x0800464e   0x0000000a   Code   RO         4183    i._sputc            mc_w.l(printfa.o)
    0x08004658   0x00000040   Code   RO         3872    i.delay_us          ds18b20.o
    0x08004698   0x00000094   Code   RO           18    i.main              main.o
    0x0800472c   0x00000818   Data   RO         3775    .constdata          oled.o
    0x08004f44   0x00000010   Data   RO         3828    .constdata          system_stm32f1xx.o
    0x08004f54   0x00000008   Data   RO         3829    .constdata          system_stm32f1xx.o
    0x08004f5c   0x00000020   Data   RO         4249    Region$$Table       anon$$obj.o


    Execution Region RW_IRAM1 (Base: 0x20000000, Size: 0x00000638, Max: 0x00005000, ABSOLUTE)

    Base Addr    Size         Type   Attr      Idx    E Section Name        Object

    0x20000000   0x00000030   Data   RW           20    .data               main.o
    0x20000030   0x00000008   Data   RW          235    .data               crc.o
    0x20000038   0x0000000c   Data   RW          785    .data               stm32f1xx_hal.o
    0x20000044   0x00000004   Data   RW         3830    .data               system_stm32f1xx.o
    0x20000048   0x00000020   Zero   RW           19    .bss                main.o
    0x20000068   0x00000044   Zero   RW          275    .bss                dma.o
    0x200000ac   0x000000ec   Zero   RW          308    .bss                i2c.o
    0x20000198   0x00000014   Zero   RW          355    .bss                rtc.o
    0x200001ac   0x00000048   Zero   RW          399    .bss                tim.o
    0x200001f4   0x00000044   Zero   RW          441    .bss                usart.o
    0x20000238   0x00000400   Zero   RW            1    STACK               startup_stm32f103xb.o


==============================================================================

Image component sizes


      Code (inc. data)   RO Data    RW Data    ZI Data      Debug   Object Name

        76         18          0          8          0       1415   crc.o
       108         12          0          0         68       1000   dma.o
       578         38          0          0          0       5178   ds18b20.o
       156         16          0          0          0        863   gpio.o
       396         54          0          0        236       2299   i2c.o
       468         30          0         48         32     443514   main.o
       390         12       2072          0          0       4201   oled.o
       180         20          0          0         20       1603   rtc.o
        36          8        236          0       1024        784   startup_stm32f103xb.o
       164         28          0         12          0       5741   stm32f1xx_hal.o
       234         24          0          0          0      29386   stm32f1xx_hal_cortex.o
        34          0          0          0          0        987   stm32f1xx_hal_crc.o
       660         36          0          0          0       3822   stm32f1xx_hal_dma.o
       514         40          0          0          0       3407   stm32f1xx_hal_gpio.o
      4556         70          0          0          0      27115   stm32f1xx_hal_i2c.o
        60          8          0          0          0        830   stm32f1xx_hal_msp.o
        12          4          0          0          0        495   stm32f1xx_hal_pwr.o
      1272        100          0          0          0       5072   stm32f1xx_hal_rcc.o
       436         46          0          0          0       2469   stm32f1xx_hal_rcc_ex.o
       976         18          0          0          0      10212   stm32f1xx_hal_rtc.o
       972         26          0          0          0       9369   stm32f1xx_hal_tim.o
       108         12          0          0          0       2289   stm32f1xx_hal_tim_ex.o
      1060         10          0          0          0       7392   stm32f1xx_hal_uart.o
       226         72          0          0          0       9657   stm32f1xx_it.o
         2          0         24          4          0       1059   system_stm32f1xx.o
       212         18          0          0         72       1606   tim.o
       184         22          0          0         68       1606   usart.o

    ----------------------------------------------------------------------
     14120        742       2364         72       1520     583371   Object Totals
         0          0         32          0          0          0   (incl. Generated)
        50          0          0          0          0          0   (incl. Padding)

    ----------------------------------------------------------------------

      Code (inc. data)   RO Data    RW Data    ZI Data      Debug   Library Member Name

         0          0          0          0          0          0   entry.o
         0          0          0          0          0          0   entry10a.o
         0          0          0          0          0          0   entry11a.o
         8          4          0          0          0          0   entry2.o
         4          0          0          0          0          0   entry5.o
         0          0          0          0          0          0   entry7b.o
         0          0          0          0          0          0   entry8b.o
         8          4          0          0          0          0   entry9a.o
        30          0          0          0          0          0   handlers.o
        36          8          0          0          0         68   init.o
         0          0          0          0          0          0   iusefp.o
        30          0          0          0          0         68   llshl.o
        36          0          0          0          0         68   llsshr.o
        32          0          0          0          0         68   llushr.o
        36          0          0          0          0        108   memseta.o
      2244         86          0          0          0        512   printfa.o
        44          0          0          0          0         80   uidiv.o
        98          0          0          0          0         92   uldiv.o
        48          0          0          0          0         68   cdrcmple.o
       334          0          0          0          0        148   dadd.o
       222          0          0          0          0        100   ddiv.o
       186          0          0          0          0        176   depilogue.o
        48          0          0          0          0         68   dfixul.o
       228          0          0          0          0         96   dmul.o
        38          0          0          0          0         68   f2d.o
       110          0          0          0          0        168   fepilogue.o
        18          0          0          0          0         68   fflti.o
        24          0          0          0          0         68   fscalb.o

    ----------------------------------------------------------------------
      3864        102          0          0          0       2092   Library Totals
         2          0          0          0          0          0   (incl. Padding)

    ----------------------------------------------------------------------

      Code (inc. data)   RO Data    RW Data    ZI Data      Debug   Library Name

      2606        102          0          0          0       1064   mc_w.l
      1256          0          0          0          0       1028   mf_w.l

    ----------------------------------------------------------------------
      3864        102          0          0          0       2092   Library Totals

    ----------------------------------------------------------------------

==============================================================================


      Code (inc. data)   RO Data    RW Data    ZI Data      Debug   

     17984        844       2364         72       1520     576515   Grand Totals
     17984        844       2364         72       1520     576515   ELF Image Totals
     17984        844       2364         72          0          0   ROM Totals

==============================================================================

    Total RO  Size (Code + RO Data)                20348 (  19.87kB)
    Total RW  Size (RW Data + ZI Data)              1592 (   1.55kB)
    Total ROM Size (Code + RO Data + RW Data)      20420 (  19.94kB)

==============================================================================

