<html>
<body>
<pre>
<h1>礦ision Build Log</h1>
<h2>Tool Versions:</h2>
IDE-Version: μVision V5.18.0.0
Copyright (C) 2016 ARM Ltd and ARM Germany GmbH. All rights reserved.
License Information: 006 007, 008, LIC=14HV2-9XDTS-NNLAF-6IKJI-L22W6-N1LQC
 
Tool Versions:
Toolchain:       MDK-ARM Standard  Version: 5.18
Toolchain Path:  D:\Software\Keil\32\ARM\ARMCC\Bin
C Compiler:      Armcc.exe V5.06 update 1 (build 61)
Assembler:       Armasm.exe V5.06 update 1 (build 61)
Linker/Locator:  ArmLink.exe V5.06 update 1 (build 61)
Library Manager: ArmAr.exe V5.06 update 1 (build 61)
Hex Converter:   FromElf.exe V5.06 update 1 (build 61)
CPU DLL:         SARMCM3.DLL V5.18
Dialog DLL:      DARMCM1.DLL V1.12.0.0
Target DLL:      CMSIS_AGDI.dll V1.25.7.0
Dialog DLL:      TARMCM1.DLL V1.9.0.0
 
<h2>Project:</h2>
E:\desktop file\物联网\蓝桥物联网代码\4.exam_Complex\T\MDK-ARM\ex2.uvprojx
Project File Date:  07/09/2020

<h2>Output:</h2>
*** Using Compiler 'V5.06 update 1 (build 61)', folder: 'D:\Software\Keil\32\ARM\ARMCC\Bin'
Rebuild target 'ex2'
assembling startup_stm32l071xx.s...
compiling font.c...
compiling sx127x_lora.c...
compiling i2c.c...
compiling oled.c...
compiling key.c...
compiling zm4xx_gpio.c...
compiling main_task.c...
compiling spi.c...
compiling recv_task.c...
compiling stm32l0xx_it.c...
compiling key_task.c...
compiling stm32l0xx_hal_tim_ex.c...
compiling main.c...
compiling stm32l0xx_hal_msp.c...
compiling stm32l0xx_hal.c...
compiling stm32l0xx_hal_tim.c...
compiling stm32l0xx_hal_i2c_ex.c...
compiling stm32l0xx_hal_flash_ramfunc.c...
compiling stm32l0xx_hal_rcc_ex.c...
compiling stm32l0xx_hal_rcc.c...
compiling stm32l0xx_hal_flash.c...
compiling stm32l0xx_hal_flash_ex.c...
compiling stm32l0xx_hal_i2c.c...
compiling stm32l0xx_hal_dma.c...
compiling stm32l0xx_hal_pwr_ex.c...
compiling stm32l0xx_hal_pwr.c...
compiling system_stm32l0xx.c...
compiling stm32l0xx_hal_cortex.c...
compiling stm32l0xx_hal_gpio.c...
linking...
Program Size: Code=12770 RO-data=2686 RW-data=172 ZI-data=1740  
FromELF: creating hex file...
"ex2\ex2.axf" - 0 Error(s), 0 Warning(s).

<h2>Software Packages used:</h2>

Package Vendor: ARM
                http://www.keil.com/pack/ARM.CMSIS.4.5.0.pack
                ARM::CMSIS:CORE:4.3.0
                CMSIS (Cortex Microcontroller Software Interface Standard)
   * Component: CORE Version: 4.3.0

<h2>Collection of Component include folders:</h2>
  E:\desktop file\物联网\蓝桥物联网代码\4.exam_Complex\T\MDK-ARM\RTE
  D:\Software\Keil\32\ARM\PACK\ARM\CMSIS\4.5.0\CMSIS\Include
  D:\Software\Keil\32\ARM\PACK\Keil\STM32L0xx_DFP\2.0.1\Drivers\CMSIS\Device\ST\STM32L0xx\Include

<h2>Collection of Component Files used:</h2>

   * Component: ARM::CMSIS:CORE:4.3.0
Build Time Elapsed:  00:00:10
</pre>
</body>
</html>
